<html>
<body>
<pre>
<h1>礦ision Build Log</h1>
<h2>Tool Versions:</h2>
IDE-Version: μVision V5.27.1.0
Copyright (C) 2019 ARM Ltd and ARM Germany GmbH. All rights reserved.
License Information: 1 Microsoft, Microsoft, LIC=Z3C63-AKAM0-35ETX-HL15E-PE1BW-IPH2E
 
Tool Versions:
Toolchain:       MDK-ARM Professional  Version: 5.27.1.0
Toolchain Path:  d:\Keil_v5\ARM\ARMCC\Bin
C Compiler:      Armcc.exe V5.06 update 6 (build 750)
Assembler:       Armasm.exe V5.06 update 6 (build 750)
Linker/Locator:  ArmLink.exe V5.06 update 6 (build 750)
Library Manager: ArmAr.exe V5.06 update 6 (build 750)
Hex Converter:   FromElf.exe V5.06 update 6 (build 750)
CPU DLL:         SARMCM3.DLL V5.27.1.0
Dialog DLL:      DCM.DLL V1.17.2.0
Target DLL:      Segger\JL2CM3.dll V2.97.0.0
Dialog DLL:      TCM.DLL V1.36.1.0
 
<h2>Project:</h2>
E:\Work\6.ElevatorControl\2.Src\ElevatorControl\MDK_PRO\ElevatorControl.uvprojx
Project File Date:  11/01/2019

<h2>Output:</h2>
*** Using Compiler 'V5.06 update 6 (build 750)', folder: 'd:\Keil_v5\ARM\ARMCC\Bin'
Build target 'ElevatorControlAPP'
compiling system_stm32f4xx.c...
compiling stm32f4xx_it.c...
compiling main.c...
..\4UserLayer\main.c(188): warning:  #223-D: function "mqtt_thread_init" declared implicitly
      mqtt_thread_init();
..\4UserLayer\main.c(402): warning:  #223-D: function "bsp_HC595Show" declared implicitly
          bsp_HC595Show(1,2,3);
..\4UserLayer\main.c(486): warning:  #177-D: variable "open"  was declared but never referenced
      uint8_t open[8] = { 0x01,0x06,0x08,0x0C,0x00,0x02,0xCA,0x68 };
..\4UserLayer\main.c(487): warning:  #177-D: variable "close"  was declared but never referenced
      uint8_t close[8] = { 0x01,0x06,0x08,0x0C,0x00,0x01,0x8A,0x69 };
..\4UserLayer\main.c(572): warning:  #177-D: variable "open"  was declared but never referenced
      uint8_t open[8] = { 0x01,0x06,0x08,0x0C,0x00,0x02,0xCA,0x68 };
..\4UserLayer\main.c(576): warning:  #177-D: variable "ch"  was declared but never referenced
      uint8_t ch = 0;
..\4UserLayer\main.c(691): warning:  #177-D: variable "recv_buf"  was declared but never referenced
      uint8_t recv_buf[128] = {0};
..\4UserLayer\main.c(692): warning:  #177-D: variable "dat"  was declared but never referenced
      uint8_t dat[128] = {0};
..\4UserLayer\main.c(693): warning:  #177-D: variable "len"  was declared but never referenced
      uint16_t len = 0;
..\4UserLayer\main.c(85): warning:  #177-D: variable "xHandleTaskMotor"  was declared but never referenced
  static TaskHandle_t xHandleTaskMotor = NULL;    //电机控制
..\4UserLayer\main.c(86): warning:  #177-D: variable "xHandleTaskCmd"  was declared but never referenced
  static TaskHandle_t xHandleTaskCmd = NULL;      //android通讯
..\4UserLayer\main.c(87): warning:  #177-D: variable "xHandleTaskInfrared"  was declared but never referenced
  static TaskHandle_t xHandleTaskInfrared = NULL; //红外感映
..\4UserLayer\main.c(88): warning:  #177-D: variable "xHandleTaskReader"  was declared but never referenced
  static TaskHandle_t xHandleTaskReader = NULL;   //韦根读卡器
..\4UserLayer\main.c(89): warning:  #177-D: variable "xHandleTaskQr"  was declared but never referenced
  static TaskHandle_t xHandleTaskQr = NULL;       //二维码读头
..\4UserLayer\main.c(90): warning:  #177-D: variable "xHandleTaskRs485"  was declared but never referenced
  static TaskHandle_t xHandleTaskRs485 = NULL;
..\4UserLayer\main.c(91): warning:  #177-D: variable "xHandleTaskStart"  was declared but never referenced
  static TaskHandle_t xHandleTaskStart = NULL;    //看门狗
..\4UserLayer\main.c(111): warning:  #177-D: function "vTaskMortorToHost"  was declared but never referenced
  static void vTaskMortorToHost(void *pvParameters);
..\4UserLayer\main.c(554): warning:  #177-D: function "vTaskMsgPro"  was declared but never referenced
  void vTaskMsgPro(void *pvParameters)
..\4UserLayer\main.c(598): warning:  #177-D: function "vTaskInfrared"  was declared but never referenced
  void vTaskInfrared(void *pvParameters)
..\4UserLayer\main.c(623): warning:  #177-D: function "vTaskRs485"  was declared but never referenced
  void vTaskRs485(void *pvParameters)
..\4UserLayer\main.c(658): warning:  #177-D: function "vTaskReader"  was declared but never referenced
  void vTaskReader(void *pvParameters)
..\4UserLayer\main.c(689): warning:  #177-D: function "vTaskQR"  was declared but never referenced
  void vTaskQR(void *pvParameters)
..\4UserLayer\main.c(326): warning:  #177-D: function "vTaskStart"  was declared but never referenced
  static void vTaskStart(void *pvParameters)
..\4UserLayer\main.c(398): warning:  #177-D: function "vTaskDisplay"  was declared but never referenced
  void vTaskDisplay(void *pvParameters)
..\4UserLayer\main.c: 24 warnings, 0 errors
compiling iap.c...
compiling test.c...
compiling tool.c...
compiling comm.c...
compiling client.c...
..\4UserLayer\client.c(80): warning:  #223-D: function "memset" declared implicitly
      memset(&(client_addr.sin_zero), 0, sizeof(client_addr.sin_zero));    
..\4UserLayer\client.c: 1 warning, 0 errors
compiling tcp_server_demo.c...
compiling mqttclient.c...
compiling sys.c...
compiling delay.c...
compiling ymodem.c...
compiling ini.c...
compiling stmflash.c...
compiling cJSON_Process.c...
compiling malloc.c...
compiling bsp_beep.c...
compiling cJSON.c...
compiling bsp_DigitalTube.c...
compiling bsp_spi_flash.c...
compiling bsp_infrared.c...
compiling bsp_key.c...
compiling bsp_led.c...
compiling bsp_time.c...
compiling bsp.c...
compiling bsp_iwdg.c...
compiling bsp_Wiegand.c...
compiling bsp_rs485.c...
compiling bsp_uart_fifo.c...
..\2LowLayer\USART\bsp_uart_fifo.c(531): warning:  #177-D: variable "GPIO_InitStructure"  was declared but never referenced
  	GPIO_InitTypeDef GPIO_InitStructure;
..\2LowLayer\USART\bsp_uart_fifo.c: 1 warning, 0 errors
compiling bsp_tim_pwm.c...
compiling lan8720.c...
compiling stm32f4xx_gpio.c...
compiling misc.c...
compiling stm32f4xx_syscfg.c...
compiling stm32f4xx_i2c.c...
compiling stm32f4xx_rcc.c...
compiling stm32f4xx_wwdg.c...
compiling stm32f4xx_spi.c...
compiling stm32f4xx_usart.c...
compiling stm32f4xx_flash.c...
compiling stm32f4xx_dma.c...
compiling stm32f4xx_tim.c...
compiling stm32f4xx_iwdg.c...
compiling stm32f4xx_exti.c...
assembling startup_stm32f40_41xxx.s...
compiling croutine.c...
compiling stm32f4x7_eth.c...
compiling event_groups.c...
compiling list.c...
compiling queue.c...
compiling stream_buffer.c...
compiling timers.c...
compiling tasks.c...
compiling port.c...
compiling heap_4.c...
compiling sfud_sfdp.c...
compiling sfud.c...
compiling sfud_port.c...
compiling easyflash.c...
compiling ef_utils.c...
compiling ef_iap.c...
compiling ef_env.c...
compiling api_lib.c...
compiling ef_port.c...
compiling err.c...
compiling netbuf.c...
compiling api_msg.c...
compiling lwip_comm.c...
compiling netifapi.c...
compiling netdb.c...
compiling def.c...
compiling tcpip.c...
compiling sockets.c...
compiling dns.c...
compiling lwip_sys.c...
compiling dhcp.c...
compiling init.c...
compiling mem.c...
compiling memp.c...
compiling netif.c...
compiling stats.c...
compiling raw.c...
compiling pbuf.c...
compiling tcp.c...
compiling tcp_in.c...
compiling tcp_out.c...
..\6LWIP\lwip-1.4.1\src\core\tcp_out.c(845): warning:  #550-D: variable "tcphdr"  was set but never used
    struct tcp_hdr *tcphdr;
..\6LWIP\lwip-1.4.1\src\core\tcp_out.c(1367): warning:  #550-D: variable "tcphdr"  was set but never used
    struct tcp_hdr *tcphdr;
..\6LWIP\lwip-1.4.1\src\core\tcp_out.c: 2 warnings, 0 errors
compiling autoip.c...
compiling udp.c...
compiling timers.c...
compiling igmp.c...
compiling icmp.c...
compiling inet.c...
compiling inet_chksum.c...
compiling ip.c...
compiling ip_addr.c...
compiling ip_frag.c...
compiling etharp.c...
compiling sys_arch.c...
..\6LWIP\arch\sys_arch.c(499): warning:  #167-D: argument of type "signed char *" is incompatible with parameter of type "const char *const"
        result = xTaskCreate( thread, ( signed portCHAR * ) name, stacksize, arg, prio, &CreatedTask );
..\6LWIP\arch\sys_arch.c: 1 warning, 0 errors
compiling elog_port.c...
compiling elog_utils.c...
compiling elog.c...
compiling MQTTConnectClient.c...
compiling MQTTConnectServer.c...
compiling ethernetif.c...
compiling MQTTDeserializePublish.c...
compiling MQTTFormat.c...
compiling MQTTPacket.c...
compiling MQTTSerializePublish.c...
compiling MQTTSubscribeClient.c...
compiling MQTTSubscribeServer.c...
compiling MQTTUnsubscribeServer.c...
compiling MQTTUnsubscribeClient.c...
compiling transport.c...
linking...
Program Size: Code=99438 RO-data=2646 RW-data=600 ZI-data=257816  
FromELF: creating hex file...
After Build - User command #1: fromelf --bin -o "..\7Bin\ElevatorControl_APP.bin" "..\7Bin\ElevatorControl_APP.axf"
"..\7Bin\ElevatorControl_APP.axf" - 0 Error(s), 29 Warning(s).

<h2>Software Packages used:</h2>

Package Vendor: Keil
                http://www.keil.com/pack/Keil.STM32F4xx_DFP.2.14.0.pack
                Keil.STM32F4xx_DFP.2.14.0
                STMicroelectronics STM32F4 Series Device Support, Drivers and Examples

<h2>Collection of Component include folders:</h2>
  .\RTE\_ElevatorControlAPP
  d:\Keil_v5\Packs\Keil\STM32F4xx_DFP\2.14.0\Drivers\CMSIS\Device\ST\STM32F4xx\Include

<h2>Collection of Component Files used:</h2>
Build Time Elapsed:  00:00:26
</pre>
</body>
</html>
