Component: ARM Compiler 5.06 update 6 (build 750) Tool: armlink [4d35ed]

==============================================================================

Section Cross References

    main.o(i.AppObjCreate) refers to event_groups.o(i.xEventGroupCreate) for xEventGroupCreate
    main.o(i.AppObjCreate) refers to main.o(i.App_Printf) for App_Printf
    main.o(i.AppObjCreate) refers to queue.o(i.xQueueCreateMutex) for xQueueCreateMutex
    main.o(i.AppObjCreate) refers to queue.o(i.xQueueGenericCreate) for xQueueGenericCreate
    main.o(i.AppObjCreate) refers to elog.o(i.elog_output) for elog_output
    main.o(i.AppObjCreate) refers to main.o(.data) for xCreatedEventGroup
    main.o(i.AppObjCreate) refers to main.o(.constdata) for __FUNCTION__
    main.o(i.App_Printf) refers to _printf_percent.o(.ARM.Collect$$_printf_percent$$00000000) for _printf_percent
    main.o(i.App_Printf) refers to _printf_s.o(.ARM.Collect$$_printf_percent$$00000014) for _printf_s
    main.o(i.App_Printf) refers to _printf_str.o(.text) for _printf_str
    main.o(i.App_Printf) refers to vsnprintf.o(.text) for vsnprintf
    main.o(i.App_Printf) refers to queue.o(i.xQueueSemaphoreTake) for xQueueSemaphoreTake
    main.o(i.App_Printf) refers to __2printf.o(.text) for __2printf
    main.o(i.App_Printf) refers to queue.o(i.xQueueGenericSend) for xQueueGenericSend
    main.o(i.App_Printf) refers to main.o(.data) for xMutex
    main.o(i.EasyLogInit) refers to elog.o(i.elog_init) for elog_init
    main.o(i.EasyLogInit) refers to elog.o(i.elog_set_fmt) for elog_set_fmt
    main.o(i.EasyLogInit) refers to elog.o(i.elog_start) for elog_start
    main.o(i.main) refers to bsp.o(i.bsp_Init) for bsp_Init
    main.o(i.main) refers to main.o(i.EasyLogInit) for EasyLogInit
    main.o(i.main) refers to malloc.o(i.mymem_init) for mymem_init
    main.o(i.main) refers to elog.o(i.elog_output) for elog_output
    main.o(i.main) refers to delay.o(i.delay_ms) for delay_ms
    main.o(i.main) refers to lwip_comm.o(i.lwip_comm_init) for lwip_comm_init
    main.o(i.main) refers to main.o(i.AppObjCreate) for AppObjCreate
    main.o(i.main) refers to tasks.o(i.xTaskCreate) for xTaskCreate
    main.o(i.main) refers to tasks.o(i.vTaskStartScheduler) for vTaskStartScheduler
    main.o(i.main) refers to main.o(.constdata) for __FUNCTION__
    main.o(i.main) refers to main.o(.data) for xHandleTaskApp
    main.o(i.main) refers to main.o(i.vTaskAppCreate) for vTaskAppCreate
    main.o(i.show_address) refers to _printf_percent.o(.ARM.Collect$$_printf_percent$$00000000) for _printf_percent
    main.o(i.show_address) refers to _printf_d.o(.ARM.Collect$$_printf_percent$$00000009) for _printf_d
    main.o(i.show_address) refers to _printf_dec.o(.text) for _printf_int_dec
    main.o(i.show_address) refers to __2sprintf.o(.text) for __2sprintf
    main.o(i.show_address) refers to main.o(i.App_Printf) for App_Printf
    main.o(i.show_address) refers to lwip_comm.o(.bss) for lwipdev
    main.o(i.vTaskAppCreate) refers to lwip_comm.o(i.lwip_comm_dhcp_creat) for lwip_comm_dhcp_creat
    main.o(i.vTaskAppCreate) refers to port.o(i.vPortEnterCritical) for vPortEnterCritical
    main.o(i.vTaskAppCreate) refers to tasks.o(i.xTaskCreate) for xTaskCreate
    main.o(i.vTaskAppCreate) refers to tasks.o(i.vTaskDelete) for vTaskDelete
    main.o(i.vTaskAppCreate) refers to port.o(i.vPortExitCritical) for vPortExitCritical
    main.o(i.vTaskAppCreate) refers to main.o(.data) for xHandleTaskLed
    main.o(i.vTaskAppCreate) refers to main.o(i.vTaskLed) for vTaskLed
    main.o(i.vTaskAppCreate) refers to main.o(i.vTaskKey) for vTaskKey
    main.o(i.vTaskAppCreate) refers to main.o(i.vTaskLwip) for vTaskLwip
    main.o(i.vTaskAppCreate) refers to main.o(i.vTaskQR) for vTaskQR
    main.o(i.vTaskDisplay) refers to bsp_digitaltube.o(i.bsp_HC595Show) for bsp_HC595Show
    main.o(i.vTaskDisplay) refers to tasks.o(i.vTaskDelay) for vTaskDelay
    main.o(i.vTaskInfrared) refers to bsp_infrared.o(i.bsp_infrared_scan) for bsp_infrared_scan
    main.o(i.vTaskInfrared) refers to comm.o(i.send_to_host) for send_to_host
    main.o(i.vTaskInfrared) refers to event_groups.o(i.xEventGroupSetBits) for xEventGroupSetBits
    main.o(i.vTaskInfrared) refers to tasks.o(i.vTaskDelay) for vTaskDelay
    main.o(i.vTaskInfrared) refers to main.o(.data) for xCreatedEventGroup
    main.o(i.vTaskKey) refers to rt_memcpy_w.o(.text) for __aeabi_memcpy4
    main.o(i.vTaskKey) refers to bsp_key.o(i.KEY_Scan) for KEY_Scan
    main.o(i.vTaskKey) refers to main.o(i.App_Printf) for App_Printf
    main.o(i.vTaskKey) refers to tasks.o(i.vTaskList) for vTaskList
    main.o(i.vTaskKey) refers to tasks.o(i.vTaskGetRunTimeStats) for vTaskGetRunTimeStats
    main.o(i.vTaskKey) refers to elog.o(i.elog_output) for elog_output
    main.o(i.vTaskKey) refers to sys.o(i.Get_ChipID) for Get_ChipID
    main.o(i.vTaskKey) refers to tool.o(i.CRC16_Modbus) for CRC16_Modbus
    main.o(i.vTaskKey) refers to tasks.o(i.vTaskDelay) for vTaskDelay
[...]
    0x08002eec   0x08002eec   0x00000050   Code   RO         5080    i.ETH_DMATxDescChainInit  stm32f4x7_eth.o
    0x08002f3c   0x08002f3c   0x00000008   Code   RO         5081    i.ETH_DMATxDescChecksumInsertionConfig  stm32f4x7_eth.o
    0x08002f44   0x08002f44   0x00000016   Code   RO         5086    i.ETH_DeInit        stm32f4x7_eth.o
    0x08002f5a   0x08002f5a   0x0000001c   Code   RO         5087    i.ETH_Delay         stm32f4x7_eth.o
    0x08002f76   0x08002f76   0x00000002   PAD
    0x08002f78   0x08002f78   0x0000002c   Code   RO         5089    i.ETH_FlushTransmitFIFO  stm32f4x7_eth.o
    0x08002fa4   0x08002fa4   0x0000000c   Code   RO         2760    i.ETH_GetCurrentTxBuffer  lan8720.o
    0x08002fb0   0x08002fb0   0x0000000a   Code   RO         5101    i.ETH_GetDMARxDescFrameLength  stm32f4x7_eth.o
    0x08002fba   0x08002fba   0x0000002a   Code   RO         5114    i.ETH_GetRxPktSize  stm32f4x7_eth.o
    0x08002fe4   0x08002fe4   0x00000018   Code   RO         5115    i.ETH_GetSoftwareResetStatus  stm32f4x7_eth.o
    0x08002ffc   0x08002ffc   0x00000028   Code   RO         2761    i.ETH_IRQHandler    lan8720.o
    0x08003024   0x08003024   0x00000328   Code   RO         5120    i.ETH_Init          stm32f4x7_eth.o
    0x0800334c   0x0800334c   0x00000034   Code   RO         5122    i.ETH_MACAddressConfig  stm32f4x7_eth.o
    0x08003380   0x08003380   0x0000008c   Code   RO         2762    i.ETH_MACDMA_Config  lan8720.o
    0x0800340c   0x0800340c   0x00000040   Code   RO         5127    i.ETH_MACReceptionCmd  stm32f4x7_eth.o
    0x0800344c   0x0800344c   0x00000040   Code   RO         5128    i.ETH_MACTransmissionCmd  stm32f4x7_eth.o
    0x0800348c   0x0800348c   0x0000003c   Code   RO         2763    i.ETH_Mem_Free      lan8720.o
    0x080034c8   0x080034c8   0x0000006c   Code   RO         2764    i.ETH_Mem_Malloc    lan8720.o
    0x08003534   0x08003534   0x0000006c   Code   RO         5140    i.ETH_ReadPHYRegister  stm32f4x7_eth.o
    0x080035a0   0x080035a0   0x0000009c   Code   RO         2765    i.ETH_Rx_Packet     lan8720.o
    0x0800363c   0x0800363c   0x00000014   Code   RO         5148    i.ETH_SoftwareReset  stm32f4x7_eth.o
    0x08003650   0x08003650   0x00000020   Code   RO         5149    i.ETH_Start         stm32f4x7_eth.o
    0x08003670   0x08003670   0x000000b2   Code   RO         5151    i.ETH_StructInit    stm32f4x7_eth.o
    0x08003722   0x08003722   0x00000002   PAD
    0x08003724   0x08003724   0x00000068   Code   RO         2766    i.ETH_Tx_Packet     lan8720.o
    0x0800378c   0x0800378c   0x00000068   Code   RO         5153    i.ETH_WritePHYRegister  stm32f4x7_eth.o
    0x080037f4   0x080037f4   0x00000058   Code   RO         2381    i.EXTI15_10_IRQHandler  bsp_wiegand.o
    0x0800384c   0x0800384c   0x0000000c   Code   RO         5008    i.EXTI_ClearITPendingBit  stm32f4xx_exti.o
    0x08003858   0x08003858   0x00000018   Code   RO         5012    i.EXTI_GetITStatus  stm32f4xx_exti.o
    0x08003870   0x08003870   0x0000003c   Code   RO            5    i.EasyLogInit       main.o
    0x080038ac   0x080038ac   0x00000030   Code   RO         9921    i.Enter_Critical    sys_arch.o
    0x080038dc   0x080038dc   0x00000020   Code   RO         9922    i.Exit_Critical     sys_arch.o
    0x080038fc   0x080038fc   0x00000090   Code   RO         2888    i.GPIO_Init         stm32f4xx_gpio.o
    0x0800398c   0x0800398c   0x00000046   Code   RO         2889    i.GPIO_PinAFConfig  stm32f4xx_gpio.o
    0x080039d2   0x080039d2   0x00000012   Code   RO         2892    i.GPIO_ReadInputDataBit  stm32f4xx_gpio.o
    0x080039e4   0x080039e4   0x00000004   Code   RO         2895    i.GPIO_ResetBits    stm32f4xx_gpio.o
    0x080039e8   0x080039e8   0x00000004   Code   RO         2896    i.GPIO_SetBits      stm32f4xx_gpio.o
    0x080039ec   0x080039ec   0x0000000a   Code   RO         2900    i.GPIO_WriteBit     stm32f4xx_gpio.o
    0x080039f6   0x080039f6   0x00000002   PAD
    0x080039f8   0x080039f8   0x0000001c   Code   RO         1048    i.Get_ChipID        sys.o
    0x08003a14   0x08003a14   0x00000058   Code   RO          443    i.HardFault_Handler  stm32f4xx_it.o
    0x08003a6c   0x08003a6c   0x0000014c   Code   RO         2448    i.InitHardUart      bsp_uart_fifo.o
    0x08003bb8   0x08003bb8   0x00000044   Code   RO         2242    i.KEY_Init          bsp_key.o
    0x08003bfc   0x08003bfc   0x000000c4   Code   RO         2243    i.KEY_Scan          bsp_key.o
    0x08003cc0   0x08003cc0   0x00000114   Code   RO         2768    i.LAN8720_Init      lan8720.o
    0x08003dd4   0x08003dd4   0x00000076   Code   RO        10302    i.MQTTDeserialize_connack  mqttconnectclient.o
    0x08003e4a   0x08003e4a   0x000000a8   Code   RO        10369    i.MQTTDeserialize_publish  mqttdeserializepublish.o
    0x08003ef2   0x08003ef2   0x00000092   Code   RO        10601    i.MQTTDeserialize_suback  mqttsubscribeclient.o
    0x08003f84   0x08003f84   0x00000058   Code   RO        10444    i.MQTTPacket_decode  mqttpacket.o
    0x08003fdc   0x08003fdc   0x0000001c   Code   RO        10445    i.MQTTPacket_decodeBuf  mqttpacket.o
    0x08003ff8   0x08003ff8   0x00000036   Code   RO        10447    i.MQTTPacket_encode  mqttpacket.o
    0x0800402e   0x0800402e   0x00000002   PAD
    0x08004030   0x08004030   0x00000028   Code   RO        10449    i.MQTTPacket_len    mqttpacket.o
    0x08004058   0x08004058   0x00000066   Code   RO        10450    i.MQTTPacket_read   mqttpacket.o
    0x080040be   0x080040be   0x00000072   Code   RO        10559    i.MQTTSerialize_ack  mqttserializepublish.o
    0x08004130   0x08004130   0x00000168   Code   RO        10303    i.MQTTSerialize_connect  mqttconnectclient.o
    0x08004298   0x08004298   0x00000076   Code   RO        10304    i.MQTTSerialize_connectLength  mqttconnectclient.o
    0x0800430e   0x0800430e   0x00000012   Code   RO        10305    i.MQTTSerialize_disconnect  mqttconnectclient.o
    0x08004320   0x08004320   0x00000012   Code   RO        10306    i.MQTTSerialize_pingreq  mqttconnectclient.o
    0x08004332   0x08004332   0x000000b0   Code   RO        10562    i.MQTTSerialize_publish  mqttserializepublish.o
    0x080043e2   0x080043e2   0x00000022   Code   RO        10563    i.MQTTSerialize_publishLength  mqttserializepublish.o
    0x08004404   0x08004404   0x000000b0   Code   RO        10602    i.MQTTSerialize_subscribe  mqttsubscribeclient.o
    0x080044b4   0x080044b4   0x0000002e   Code   RO        10603    i.MQTTSerialize_subscribeLength  mqttsubscribeclient.o
    0x080044e2   0x080044e2   0x0000004c   Code   RO        10307    i.MQTTSerialize_zero  mqttconnectclient.o
    0x0800452e   0x0800452e   0x00000018   Code   RO        10452    i.MQTTstrlen        mqttpacket.o
    0x08004546   0x08004546   0x00000004   Code   RO          444    i.MemManage_Handler  stm32f4xx_it.o
    0x0800454a   0x0800454a   0x00000002   Code   RO          445    i.NMI_Handler       stm32f4xx_it.o
    0x0800454c   0x0800454c   0x00000078   Code   RO         2843    i.NVIC_Init         misc.o
    0x080045c4   0x080045c4   0x00000014   Code   RO         2844    i.NVIC_PriorityGroupConfig  misc.o
    0x080045d8   0x080045d8   0x00000020   Code   RO         3209    i.RCC_AHB1PeriphClockCmd  stm32f4xx_rcc.o
    0x080045f8   0x080045f8   0x00000020   Code   RO         3211    i.RCC_AHB1PeriphResetCmd  stm32f4xx_rcc.o
    0x08004618   0x08004618   0x00000020   Code   RO         3218    i.RCC_APB1PeriphClockCmd  stm32f4xx_rcc.o
    0x08004638   0x08004638   0x00000020   Code   RO         3221    i.RCC_APB2PeriphClockCmd  stm32f4xx_rcc.o
    0x08004658   0x08004658   0x000000e8   Code   RO         3230    i.RCC_GetClocksFreq  stm32f4xx_rcc.o
    0x08004740   0x08004740   0x00000002   Code   RO         2449    i.RS485_InitTXE     bsp_uart_fifo.o
    0x08004742   0x08004742   0x00000002   Code   RO         2450    i.RS485_ReciveNew   bsp_uart_fifo.o
    0x08004744   0x08004744   0x00000002   Code   RO         2452    i.RS485_SendBefor   bsp_uart_fifo.o
    0x08004746   0x08004746   0x00000002   Code   RO         2454    i.RS485_SendOver    bsp_uart_fifo.o
    0x08004748   0x08004748   0x0000000c   Code   RO         3545    i.SYSCFG_ETH_MediaInterfaceConfig  stm32f4xx_syscfg.o
    0x08004754   0x08004754   0x000000ec   Code   RO          494    i.SetSysClock       system_stm32f4xx.o
    0x08004840   0x08004840   0x00000028   Code   RO         2847    i.SysTick_CLKSourceConfig  misc.o
    0x08004868   0x08004868   0x00000010   Code   RO          986    i.SysTick_Handler   delay.o
    0x08004878   0x08004878   0x00000068   Code   RO          496    i.SystemInit        system_stm32f4xx.o
    0x080048e0   0x080048e0   0x00000048   Code   RO         2289    i.TIM6_DAC_IRQHandler  bsp_time.o
    0x08004928   0x08004928   0x00000018   Code   RO         4017    i.TIM_ARRPreloadConfig  stm32f4xx_tim.o
    0x08004940   0x08004940   0x00000006   Code   RO         4024    i.TIM_ClearITPendingBit  stm32f4xx_tim.o
    0x08004946   0x08004946   0x00000018   Code   RO         4029    i.TIM_Cmd           stm32f4xx_tim.o
    0x0800495e   0x0800495e   0x0000001e   Code   RO         4031    i.TIM_CtrlPWMOutputs  stm32f4xx_tim.o
    0x0800497c   0x0800497c   0x00000022   Code   RO         4050    i.TIM_GetITStatus   stm32f4xx_tim.o
    0x0800499e   0x0800499e   0x00000012   Code   RO         4054    i.TIM_ITConfig      stm32f4xx_tim.o
    0x080049b0   0x080049b0   0x0000007c   Code   RO         4058    i.TIM_OC1Init       stm32f4xx_tim.o
    0x08004a2c   0x08004a2c   0x00000012   Code   RO         4061    i.TIM_OC1PreloadConfig  stm32f4xx_tim.o
    0x08004a3e   0x08004a3e   0x00000002   PAD
    0x08004a40   0x08004a40   0x000000a4   Code   RO         4063    i.TIM_OC2Init       stm32f4xx_tim.o
    0x08004ae4   0x08004ae4   0x0000001a   Code   RO         4066    i.TIM_OC2PreloadConfig  stm32f4xx_tim.o
    0x08004afe   0x08004afe   0x00000002   PAD
    0x08004b00   0x08004b00   0x000000a0   Code   RO         4068    i.TIM_OC3Init       stm32f4xx_tim.o
    0x08004ba0   0x08004ba0   0x00000012   Code   RO         4071    i.TIM_OC3PreloadConfig  stm32f4xx_tim.o
    0x08004bb2   0x08004bb2   0x00000002   PAD
    0x08004bb4   0x08004bb4   0x00000078   Code   RO         4073    i.TIM_OC4Init       stm32f4xx_tim.o
    0x08004c2c   0x08004c2c   0x0000001a   Code   RO         4075    i.TIM_OC4PreloadConfig  stm32f4xx_tim.o
    0x08004c46   0x08004c46   0x00000002   PAD
    0x08004c48   0x08004c48   0x00000084   Code   RO         4101    i.TIM_TimeBaseInit  stm32f4xx_tim.o
    0x08004ccc   0x08004ccc   0x00000010   Code   RO         2457    i.USART2_IRQHandler  bsp_uart_fifo.o
    0x08004cdc   0x08004cdc   0x00000010   Code   RO         2458    i.USART3_IRQHandler  bsp_uart_fifo.o
    0x08004cec   0x08004cec   0x00000012   Code   RO         3599    i.USART_ClearFlag   stm32f4xx_usart.o
    0x08004cfe   0x08004cfe   0x00000018   Code   RO         3603    i.USART_Cmd         stm32f4xx_usart.o
    0x08004d16   0x08004d16   0x0000001a   Code   RO         3606    i.USART_GetFlagStatus  stm32f4xx_usart.o
    0x08004d30   0x08004d30   0x00000054   Code   RO         3607    i.USART_GetITStatus  stm32f4xx_usart.o
    0x08004d84   0x08004d84   0x0000004a   Code   RO         3609    i.USART_ITConfig    stm32f4xx_usart.o
    0x08004dce   0x08004dce   0x00000002   PAD
    0x08004dd0   0x08004dd0   0x000000d4   Code   RO         3610    i.USART_Init        stm32f4xx_usart.o
    0x08004ea4   0x08004ea4   0x0000000a   Code   RO         3617    i.USART_ReceiveData  stm32f4xx_usart.o
    0x08004eae   0x08004eae   0x00000008   Code   RO         3620    i.USART_SendData    stm32f4xx_usart.o
    0x08004eb6   0x08004eb6   0x000000e6   Code   RO         2461    i.UartIRQ           bsp_uart_fifo.o
    0x08004f9c   0x08004f9c   0x00000088   Code   RO         2463    i.UartVarInit       bsp_uart_fifo.o
    0x08005024   0x08005024   0x00000004   Code   RO          446    i.UsageFault_Handler  stm32f4xx_it.o
    0x08005028   0x08005028   0x000000a0   Code   RO         2383    i.WeigenInD0        bsp_wiegand.o
    0x080050c8   0x080050c8   0x000000a0   Code   RO         2384    i.WeigenInD1        bsp_wiegand.o
    0x08005168   0x08005168   0x00000030   Code   RO        11141    i.__ARM_fpclassify  m_wm.l(fpclassify.o)
    0x08005198   0x08005198   0x000000f8   Code   RO        11143    i.__hardfp___mathlib_tofloat  m_wm.l(narrow.o)
    0x08005290   0x08005290   0x000000d0   Code   RO        11206    i.__hardfp_ldexp    m_wm.l(ldexp.o)
    0x08005360   0x08005360   0x00000028   Code   RO        10907    i.__hardfp_strtod   m_wm.l(strtod.o)
    0x08005388   0x08005388   0x00000020   Code   RO        11235    i.__mathlib_dbl_overflow  m_wm.l(dunder.o)
    0x080053a8   0x080053a8   0x00000020   Code   RO        11237    i.__mathlib_dbl_underflow  m_wm.l(dunder.o)
    0x080053c8   0x080053c8   0x00000012   Code   RO        11144    i.__mathlib_narrow  m_wm.l(narrow.o)
    0x080053da   0x080053da   0x00000014   Code   RO        11208    i.__support_ldexp   m_wm.l(ldexp.o)
    0x080053ee   0x080053ee   0x0000000e   Code   RO        10811    i._is_digit         c_w.l(__printf_wp.o)
    0x080053fc   0x080053fc   0x00000004   Code   RO         2464    i._sys_exit         bsp_uart_fifo.o
    0x08005400   0x08005400   0x000000ac   Code   RO         7966    i.alloc_socket      sockets.o
    0x080054ac   0x080054ac   0x00000020   Code   RO         9342    i.arp_timer         timers_1.o
    0x080054cc   0x080054cc   0x00000036   Code   RO         2691    i.bsp_ConfigGpioOut  bsp_tim_pwm.o
    0x08005502   0x08005502   0x00000002   PAD
    0x08005504   0x08005504   0x000000ac   Code   RO         2692    i.bsp_ConfigTimGpio  bsp_tim_pwm.o
    0x080055b0   0x080055b0   0x000000bc   Code   RO         2693    i.bsp_GetAFofTIM    bsp_tim_pwm.o
    0x0800566c   0x0800566c   0x00000092   Code   RO         2694    i.bsp_GetPinSource  bsp_tim_pwm.o
    0x080056fe   0x080056fe   0x00000002   PAD
    0x08005700   0x08005700   0x00000084   Code   RO         2695    i.bsp_GetRCCofGPIO  bsp_tim_pwm.o
    0x08005784   0x08005784   0x000000cc   Code   RO         2696    i.bsp_GetRCCofTIM   bsp_tim_pwm.o
    0x08005850   0x08005850   0x0000002a   Code   RO         2327    i.bsp_Init          bsp.o
    0x0800587a   0x0800587a   0x00000014   Code   RO         2465    i.bsp_InitUart      bsp_uart_fifo.o
    0x0800588e   0x0800588e   0x00000002   PAD
    0x08005890   0x08005890   0x000000a4   Code   RO         2269    i.bsp_LED_Init      bsp_led.o
    0x08005934   0x08005934   0x000001b8   Code   RO         2697    i.bsp_SetTIMOutPWM  bsp_tim_pwm.o
    0x08005aec   0x08005aec   0x0000007c   Code   RO         2290    i.bsp_TIM6_Init     bsp_time.o
    0x08005b68   0x08005b68   0x0000007c   Code   RO         2291    i.bsp_TimeSysTickHandler  bsp_time.o
    0x08005be4   0x08005be4   0x0000003c   Code   RO         1996    i.bsp_beep_init     bsp_beep.o
    0x08005c20   0x08005c20   0x00000028   Code   RO        10453    i.bufchar           mqttpacket.o
    0x08005c48   0x08005c48   0x0000003a   Code   RO         1221    i.buffer_skip_whitespace  cjson.o
    0x08005c82   0x08005c82   0x00000002   PAD
    0x08005c84   0x08005c84   0x00000058   Code   RO         1253    i.cJSON_Delete      cjson.o
    0x08005cdc   0x08005cdc   0x00000010   Code   RO         1264    i.cJSON_GetErrorPtr  cjson.o
    0x08005cec   0x08005cec   0x00000012   Code   RO         1265    i.cJSON_GetObjectItem  cjson.o
    0x08005cfe   0x08005cfe   0x0000001a   Code   RO         1282    i.cJSON_New_Item    cjson.o
    0x08005d18   0x08005d18   0x00000010   Code   RO         1283    i.cJSON_Parse       cjson.o
    0x08005d28   0x08005d28   0x000000d4   Code   RO         1284    i.cJSON_ParseWithOpts  cjson.o
    0x08005dfc   0x08005dfc   0x00000048   Code   RO         1298    i.case_insensitive_strcmp  cjson.o
    0x08005e44   0x08005e44   0x00000044   Code   RO          987    i.delay_init        delay.o
    0x08005e88   0x08005e88   0x00000040   Code   RO          988    i.delay_ms          delay.o
    0x08005ec8   0x08005ec8   0x00000048   Code   RO          989    i.delay_us          delay.o
    0x08005f10   0x08005f10   0x000000ac   Code   RO         8277    i.dhcp_arp_reply    dhcp.o
    0x08005fbc   0x08005fbc   0x000001ac   Code   RO         8278    i.dhcp_bind         dhcp.o
    0x08006168   0x08006168   0x00000046   Code   RO         8279    i.dhcp_check        dhcp.o
    0x080061ae   0x080061ae   0x00000002   PAD
    0x080061b0   0x080061b0   0x00000050   Code   RO         8281    i.dhcp_coarse_tmr   dhcp.o
    0x08006200   0x08006200   0x000002e0   Code   RO         8282    i.dhcp_create_msg   dhcp.o
    0x080064e0   0x080064e0   0x00000094   Code   RO         8283    i.dhcp_decline      dhcp.o
    0x08006574   0x08006574   0x0000012c   Code   RO         8284    i.dhcp_delete_msg   dhcp.o
    0x080066a0   0x080066a0   0x000000e4   Code   RO         8285    i.dhcp_discover     dhcp.o
    0x08006784   0x08006784   0x00000048   Code   RO         8286    i.dhcp_fine_tmr     dhcp.o
    0x080067cc   0x080067cc   0x000000a8   Code   RO         8287    i.dhcp_handle_ack   dhcp.o
    0x08006874   0x08006874   0x0000003c   Code   RO         8288    i.dhcp_handle_nak   dhcp.o
    0x080068b0   0x080068b0   0x00000040   Code   RO         8289    i.dhcp_handle_offer  dhcp.o
    0x080068f0   0x080068f0   0x00000098   Code   RO         8292    i.dhcp_option       dhcp.o
    0x08006988   0x08006988   0x000000bc   Code   RO         8293    i.dhcp_option_byte  dhcp.o
    0x08006a44   0x08006a44   0x000000f0   Code   RO         8294    i.dhcp_option_long  dhcp.o
    0x08006b34   0x08006b34   0x00000094   Code   RO         8295    i.dhcp_option_short  dhcp.o
    0x08006bc8   0x08006bc8   0x00000170   Code   RO         8296    i.dhcp_option_trailer  dhcp.o
    0x08006d38   0x08006d38   0x00000516   Code   RO         8297    i.dhcp_parse_reply  dhcp.o
    0x0800724e   0x0800724e   0x00000002   PAD
    0x08007250   0x08007250   0x00000098   Code   RO         8298    i.dhcp_rebind       dhcp.o
    0x080072e8   0x080072e8   0x000000b8   Code   RO         8299    i.dhcp_reboot       dhcp.o
    0x080073a0   0x080073a0   0x000001ac   Code   RO         8300    i.dhcp_recv         dhcp.o
    0x0800754c   0x0800754c   0x000000b8   Code   RO         8301    i.dhcp_release      dhcp.o
    0x08007604   0x08007604   0x00000096   Code   RO         8302    i.dhcp_renew        dhcp.o
    0x0800769a   0x0800769a   0x00000002   PAD
    0x0800769c   0x0800769c   0x00000104   Code   RO         8303    i.dhcp_select       dhcp.o
    0x080077a0   0x080077a0   0x00000010   Code   RO         8304    i.dhcp_set_state    dhcp.o
    0x080077b0   0x080077b0   0x000001c0   Code   RO         8306    i.dhcp_start        dhcp.o
    0x08007970   0x08007970   0x000000e8   Code   RO         8307    i.dhcp_stop         dhcp.o
    0x08007a58   0x08007a58   0x00000028   Code   RO         8308    i.dhcp_t1_timeout   dhcp.o
    0x08007a80   0x08007a80   0x00000028   Code   RO         8309    i.dhcp_t2_timeout   dhcp.o
    0x08007aa8   0x08007aa8   0x000000c4   Code   RO         8310    i.dhcp_timeout      dhcp.o
    0x08007b6c   0x08007b6c   0x00000020   Code   RO         9343    i.dhcp_timer_coarse  timers_1.o
    0x08007b8c   0x08007b8c   0x00000020   Code   RO         9344    i.dhcp_timer_fine   timers_1.o
    0x08007bac   0x08007bac   0x00000016   Code   RO         8475    i.dns_check_entries  dns.o
    0x08007bc2   0x08007bc2   0x00000002   PAD
    0x08007bc4   0x08007bc4   0x000001b4   Code   RO         8476    i.dns_check_entry   dns.o
    0x08007d78   0x08007d78   0x0000003c   Code   RO         8477    i.dns_compare_name  dns.o
    0x08007db4   0x08007db4   0x000000ec   Code   RO         8478    i.dns_enqueue       dns.o
    0x08007ea0   0x08007ea0   0x0000005c   Code   RO         8479    i.dns_gethostbyname  dns.o
    0x08007efc   0x08007efc   0x00000078   Code   RO         8481    i.dns_init          dns.o
    0x08007f74   0x08007f74   0x00000068   Code   RO         8482    i.dns_lookup        dns.o
    0x08007fdc   0x08007fdc   0x0000002a   Code   RO         8483    i.dns_parse_name    dns.o
    0x08008006   0x08008006   0x00000002   PAD
    0x08008008   0x08008008   0x00000188   Code   RO         8484    i.dns_recv          dns.o
    0x08008190   0x08008190   0x000001ec   Code   RO         8485    i.dns_send          dns.o
    0x0800837c   0x0800837c   0x00000024   Code   RO         8486    i.dns_setserver     dns.o
    0x080083a0   0x080083a0   0x00000020   Code   RO         9345    i.dns_timer         timers_1.o
    0x080083c0   0x080083c0   0x00000018   Code   RO         8487    i.dns_tmr           dns.o
    0x080083d8   0x080083d8   0x000002b4   Code   RO         7679    i.do_close_internal  api_msg.o
    0x0800868c   0x0800868c   0x00000154   Code   RO         7680    i.do_connect        api_msg.o
    0x080087e0   0x080087e0   0x00000180   Code   RO         7681    i.do_connected      api_msg.o
    0x08008960   0x08008960   0x000001d4   Code   RO         7682    i.do_delconn        api_msg.o
    0x08008b34   0x08008b34   0x0000002e   Code   RO         7683    i.do_disconnect     api_msg.o
    0x08008b62   0x08008b62   0x00000002   PAD
    0x08008b64   0x08008b64   0x000000c8   Code   RO         7684    i.do_dns_found      api_msg.o
    0x08008c2c   0x08008c2c   0x00000130   Code   RO         7685    i.do_getaddr        api_msg.o
    0x08008d5c   0x08008d5c   0x0000002c   Code   RO         7686    i.do_gethostbyname  api_msg.o
    0x08008d88   0x08008d88   0x00000020   Code   RO         7688    i.do_newconn        api_msg.o
    0x08008da8   0x08008da8   0x00000048   Code   RO         7689    i.do_recv           api_msg.o
    0x08008df0   0x08008df0   0x000000a6   Code   RO         7690    i.do_send           api_msg.o
    0x08008e96   0x08008e96   0x00000002   PAD
    0x08008e98   0x08008e98   0x00000124   Code   RO         7691    i.do_write          api_msg.o
    0x08008fbc   0x08008fbc   0x000002e4   Code   RO         7692    i.do_writemore      api_msg.o
    0x080092a0   0x080092a0   0x00000094   Code   RO         6102    i.eTaskGetState     tasks.o
    0x08009334   0x08009334   0x00000034   Code   RO        10143    i.elog_init         elog.o
    0x08009368   0x08009368   0x000003e0   Code   RO        10144    i.elog_output       elog.o
    0x08009748   0x08009748   0x00000028   Code   RO        10145    i.elog_output_lock  elog.o
    0x08009770   0x08009770   0x00000040   Code   RO        10146    i.elog_output_lock_enabled  elog.o
    0x080097b0   0x080097b0   0x00000028   Code   RO        10147    i.elog_output_unlock  elog.o
    0x080097d8   0x080097d8   0x00000008   Code   RO        10084    i.elog_port_get_p_info  elog_port.o
    0x080097e0   0x080097e0   0x0000000a   Code   RO        10085    i.elog_port_get_t_info  elog_port.o
    0x080097ea   0x080097ea   0x00000002   PAD
    0x080097ec   0x080097ec   0x00000028   Code   RO        10086    i.elog_port_get_time  elog_port.o
    0x08009814   0x08009814   0x00000004   Code   RO        10087    i.elog_port_init    elog_port.o
    0x08009818   0x08009818   0x0000001c   Code   RO        10088    i.elog_port_output  elog_port.o
    0x08009834   0x08009834   0x00000002   Code   RO        10089    i.elog_port_output_lock  elog_port.o
    0x08009836   0x08009836   0x00000002   Code   RO        10090    i.elog_port_output_unlock  elog_port.o
    0x08009838   0x08009838   0x000000c8   Code   RO        10151    i.elog_set_filter_lvl  elog.o
    0x08009900   0x08009900   0x000000c8   Code   RO        10153    i.elog_set_fmt      elog.o
    0x080099c8   0x080099c8   0x000000d8   Code   RO        10154    i.elog_set_output_enabled  elog.o
    0x08009aa0   0x08009aa0   0x0000000c   Code   RO        10155    i.elog_set_text_color_enabled  elog.o
    0x08009aac   0x08009aac   0x00000088   Code   RO        10156    i.elog_start        elog.o
    0x08009b34   0x08009b34   0x0000010c   Code   RO        10279    i.elog_strcpy       elog_utils.o
    0x08009c40   0x08009c40   0x0000019c   Code   RO         7693    i.err_tcp           api_msg.o
    0x08009ddc   0x08009ddc   0x000001c8   Code   RO         9771    i.etharp_arp_input  etharp.o
    0x08009fa4   0x08009fa4   0x00000038   Code   RO         9772    i.etharp_cleanup_netif  etharp.o
    0x08009fdc   0x08009fdc   0x000002f0   Code   RO         9774    i.etharp_find_entry  etharp.o
    0x0800a2cc   0x0800a2cc   0x00000078   Code   RO         9775    i.etharp_free_entry  etharp.o
    0x0800a344   0x0800a344   0x00000208   Code   RO         9776    i.etharp_output     etharp.o
    0x0800a54c   0x0800a54c   0x00000114   Code   RO         9777    i.etharp_output_to_arp_index  etharp.o
    0x0800a660   0x0800a660   0x00000278   Code   RO         9778    i.etharp_query      etharp.o
    0x0800a8d8   0x0800a8d8   0x0000019c   Code   RO         9779    i.etharp_raw        etharp.o
    0x0800aa74   0x0800aa74   0x00000030   Code   RO         9780    i.etharp_request    etharp.o
    0x0800aaa4   0x0800aaa4   0x000000b0   Code   RO         9781    i.etharp_send_ip    etharp.o
    0x0800ab54   0x0800ab54   0x00000094   Code   RO         9782    i.etharp_tmr        etharp.o
    0x0800abe8   0x0800abe8   0x00000158   Code   RO         9783    i.etharp_update_arp_entry  etharp.o
    0x0800ad40   0x0800ad40   0x00000144   Code   RO         9784    i.ethernet_input    etharp.o
    0x0800ae84   0x0800ae84   0x000000a4   Code   RO         9865    i.ethernetif_init   ethernetif.o
    0x0800af28   0x0800af28   0x00000030   Code   RO         9866    i.ethernetif_input  ethernetif.o
    0x0800af58   0x0800af58   0x000001e4   Code   RO         7967    i.event_callback    sockets.o
    0x0800b13c   0x0800b13c   0x00000024   Code   RO         2475    i.fputc             bsp_uart_fifo.o
    0x0800b160   0x0800b160   0x0000008c   Code   RO        11176    i.frexp             m_wm.l(frexp.o)
    0x0800b1ec   0x0800b1ec   0x00000004   Code   RO         1303    i.get_decimal_point  cjson.o
    0x0800b1f0   0x0800b1f0   0x000000d8   Code   RO        10157    i.get_fmt_enabled   elog.o
    0x0800b2c8   0x0800b2c8   0x00000052   Code   RO         1304    i.get_object_item   cjson.o
    0x0800b31a   0x0800b31a   0x00000002   PAD
    0x0800b31c   0x0800b31c   0x00000030   Code   RO         7969    i.get_socket        sockets.o
    0x0800b34c   0x0800b34c   0x00000012   Code   RO         9537    i.icmp_dest_unreach  icmp.o
    0x0800b35e   0x0800b35e   0x00000002   PAD
    0x0800b360   0x0800b360   0x00000338   Code   RO         9538    i.icmp_input        icmp.o
    0x0800b698   0x0800b698   0x00000124   Code   RO         9539    i.icmp_send_response  icmp.o
    0x0800b7bc   0x0800b7bc   0x00000012   Code   RO         9540    i.icmp_time_exceeded  icmp.o
    0x0800b7ce   0x0800b7ce   0x00000014   Code   RO         9578    i.inet_chksum       inet_chksum.o
    0x0800b7e2   0x0800b7e2   0x00000056   Code   RO         9579    i.inet_chksum_pbuf  inet_chksum.o
    0x0800b838   0x0800b838   0x0000004e   Code   RO         9652    i.ip4_addr_isbroadcast  ip_addr.o
    0x0800b886   0x0800b886   0x00000002   PAD
    0x0800b888   0x0800b888   0x0000023c   Code   RO         9705    i.ip_frag           ip_frag.o
    0x0800bac4   0x0800bac4   0x0000000a   Code   RO         9706    i.ip_frag_alloc_pbuf_custom_ref  ip_frag.o
    0x0800bace   0x0800bace   0x00000002   PAD
    0x0800bad0   0x0800bad0   0x0000008c   Code   RO         9707    i.ip_frag_free_pbuf_custom_ref  ip_frag.o
    0x0800bb5c   0x0800bb5c   0x000001f8   Code   RO         9613    i.ip_input          ip.o
    0x0800bd54   0x0800bd54   0x000000b4   Code   RO         9614    i.ip_output         ip.o
    0x0800be08   0x0800be08   0x00000190   Code   RO         9615    i.ip_output_if      ip.o
    0x0800bf98   0x0800bf98   0x000001a4   Code   RO         9708    i.ip_reass          ip_frag.o
    0x0800c13c   0x0800c13c   0x00000310   Code   RO         9709    i.ip_reass_chain_frag_into_datagram_and_validate  ip_frag.o
    0x0800c44c   0x0800c44c   0x000000b8   Code   RO         9710    i.ip_reass_dequeue_datagram  ip_frag.o
    0x0800c504   0x0800c504   0x00000058   Code   RO         9711    i.ip_reass_enqueue_new_datagram  ip_frag.o
    0x0800c55c   0x0800c55c   0x000001cc   Code   RO         9712    i.ip_reass_free_complete_datagram  ip_frag.o
    0x0800c728   0x0800c728   0x0000007c   Code   RO         9713    i.ip_reass_remove_oldest_datagram  ip_frag.o
    0x0800c7a4   0x0800c7a4   0x00000020   Code   RO         9346    i.ip_reass_timer    timers_1.o
    0x0800c7c4   0x0800c7c4   0x0000003c   Code   RO         9714    i.ip_reass_tmr      ip_frag.o
    0x0800c800   0x0800c800   0x00000058   Code   RO         9616    i.ip_route          ip.o
    0x0800c858   0x0800c858   0x00000018   Code   RO         9654    i.ipaddr_addr       ip_addr.o
    0x0800c870   0x0800c870   0x000001d0   Code   RO         9655    i.ipaddr_aton       ip_addr.o
    0x0800ca40   0x0800ca40   0x000000bc   Code   RO         9715    i.ipfrag_free_pbuf_custom  ip_frag.o
    0x0800cafc   0x0800cafc   0x000000a4   Code   RO         9867    i.low_level_init    ethernetif.o
    0x0800cba0   0x0800cba0   0x00000074   Code   RO         9868    i.low_level_input   ethernetif.o
    0x0800cc14   0x0800cc14   0x0000003e   Code   RO         9869    i.low_level_output  ethernetif.o
    0x0800cc52   0x0800cc52   0x00000060   Code   RO         7395    i.lwip_comm_default_ip_set  lwip_comm.o
    0x0800ccb2   0x0800ccb2   0x00000002   PAD
    0x0800ccb4   0x0800ccb4   0x00000030   Code   RO         7396    i.lwip_comm_dhcp_creat  lwip_comm.o
    0x0800cce4   0x0800cce4   0x0000001c   Code   RO         7397    i.lwip_comm_dhcp_delete  lwip_comm.o
    0x0800cd00   0x0800cd00   0x00000128   Code   RO         7398    i.lwip_comm_init    lwip_comm.o
    0x0800ce28   0x0800ce28   0x00000020   Code   RO         7399    i.lwip_comm_mem_free  lwip_comm.o
    0x0800ce48   0x0800ce48   0x00000044   Code   RO         7400    i.lwip_comm_mem_malloc  lwip_comm.o
    0x0800ce8c   0x0800ce8c   0x00000144   Code   RO         7973    i.lwip_connect      sockets.o
    0x0800cfd0   0x0800cfd0   0x00000360   Code   RO         7401    i.lwip_dhcp_task    lwip_comm.o
    0x0800d330   0x0800d330   0x0000005c   Code   RO         7919    i.lwip_gethostbyname  netdb.o
    0x0800d38c   0x0800d38c   0x0000001a   Code   RO         8247    i.lwip_htonl        def.o
    0x0800d3a6   0x0800d3a6   0x0000000c   Code   RO         8248    i.lwip_htons        def.o
    0x0800d3b2   0x0800d3b2   0x00000028   Code   RO         8554    i.lwip_init         init.o
    0x0800d3da   0x0800d3da   0x0000000c   Code   RO         8249    i.lwip_ntohl        def.o
    0x0800d3e6   0x0800d3e6   0x0000000c   Code   RO         8250    i.lwip_ntohs        def.o
    0x0800d3f2   0x0800d3f2   0x00000002   PAD
    0x0800d3f4   0x0800d3f4   0x00000010   Code   RO         7402    i.lwip_pkt_handle   lwip_comm.o
    0x0800d404   0x0800d404   0x00000022   Code   RO         7983    i.lwip_recv         sockets.o
    0x0800d426   0x0800d426   0x00000002   PAD
    0x0800d428   0x0800d428   0x00000314   Code   RO         7984    i.lwip_recvfrom     sockets.o
    0x0800d73c   0x0800d73c   0x000000a0   Code   RO         7987    i.lwip_send         sockets.o
    0x0800d7dc   0x0800d7dc   0x000001ac   Code   RO         7988    i.lwip_sendto       sockets.o
    0x0800d988   0x0800d988   0x00000144   Code   RO         7989    i.lwip_setsockopt   sockets.o
    0x0800dacc   0x0800dacc   0x00000228   Code   RO         7990    i.lwip_setsockopt_internal  sockets.o
    0x0800dcf4   0x0800dcf4   0x000000ac   Code   RO         7992    i.lwip_socket       sockets.o
    0x0800dda0   0x0800dda0   0x00000002   Code   RO         7993    i.lwip_socket_init  sockets.o
    0x0800dda2   0x0800dda2   0x0000005e   Code   RO         9582    i.lwip_standard_chksum  inet_chksum.o
    0x0800de00   0x0800de00   0x00000016   Code   RO         7994    i.lwip_write        sockets.o
    0x0800de16   0x0800de16   0x00000002   PAD
    0x0800de18   0x0800de18   0x000000dc   Code   RO            6    i.main              main.o
    0x0800def4   0x0800def4   0x00000168   Code   RO         8594    i.mem_free          mem.o
    0x0800e05c   0x0800e05c   0x000000f4   Code   RO         8595    i.mem_init          mem.o
    0x0800e150   0x0800e150   0x0000028c   Code   RO         8596    i.mem_malloc        mem.o
    0x0800e3dc   0x0800e3dc   0x00000040   Code   RO         1858    i.mem_perused       malloc.o
    0x0800e41c   0x0800e41c   0x000001f0   Code   RO         8597    i.mem_trim          mem.o
    0x0800e60c   0x0800e60c   0x000000c0   Code   RO         8637    i.memp_free         memp.o
    0x0800e6cc   0x0800e6cc   0x00000008   Code   RO         8638    i.memp_get_memorysize  memp.o
    0x0800e6d4   0x0800e6d4   0x00000068   Code   RO         8639    i.memp_init         memp.o
    0x0800e73c   0x0800e73c   0x00000100   Code   RO         8640    i.memp_malloc       memp.o
    0x0800e83c   0x0800e83c   0x00000e28   Code   RO          931    i.mqtt_thread       mqtt_app.o
    0x0800f664   0x0800f664   0x0000000e   Code   RO         1859    i.my_free           malloc.o
    0x0800f672   0x0800f672   0x0000000e   Code   RO         1860    i.my_malloc         malloc.o
    0x0800f680   0x0800f680   0x00000012   Code   RO         1861    i.my_realloc        malloc.o
    0x0800f692   0x0800f692   0x00000002   PAD
    0x0800f694   0x0800f694   0x0000002c   Code   RO         1862    i.myfree            malloc.o
    0x0800f6c0   0x0800f6c0   0x00000030   Code   RO         1863    i.mymalloc          malloc.o
    0x0800f6f0   0x0800f6f0   0x0000006c   Code   RO         1864    i.mymem_free        malloc.o
    0x0800f75c   0x0800f75c   0x00000044   Code   RO         1865    i.mymem_init        malloc.o
    0x0800f7a0   0x0800f7a0   0x000000b0   Code   RO         1866    i.mymem_malloc      malloc.o
    0x0800f850   0x0800f850   0x0000001a   Code   RO         1867    i.mymemcpy          malloc.o
    0x0800f86a   0x0800f86a   0x00000014   Code   RO         1868    i.mymemset          malloc.o
    0x0800f87e   0x0800f87e   0x00000002   PAD
    0x0800f880   0x0800f880   0x0000004c   Code   RO         1869    i.myrealloc         malloc.o
    0x0800f8cc   0x0800f8cc   0x00000020   Code   RO         7860    i.netbuf_delete     netbuf.o
    0x0800f8ec   0x0800f8ec   0x000000a4   Code   RO         7862    i.netbuf_free       netbuf.o
    0x0800f990   0x0800f990   0x000000c8   Code   RO         7865    i.netbuf_ref        netbuf.o
    0x0800fa58   0x0800fa58   0x00000128   Code   RO         7694    i.netconn_alloc     api_msg.o
    0x0800fb80   0x0800fb80   0x000000dc   Code   RO         7535    i.netconn_connect   api_lib.o
    0x0800fc5c   0x0800fc5c   0x00000028   Code   RO         7536    i.netconn_delete    api_lib.o
    0x0800fc84   0x0800fc84   0x000000d0   Code   RO         7537    i.netconn_disconnect  api_lib.o
    0x0800fd54   0x0800fd54   0x0000014c   Code   RO         7695    i.netconn_drain     api_msg.o
    0x0800fea0   0x0800fea0   0x0000017c   Code   RO         7696    i.netconn_free      api_msg.o
    0x0801001c   0x0801001c   0x0000015c   Code   RO         7538    i.netconn_getaddr   api_lib.o
    0x08010178   0x08010178   0x0000012c   Code   RO         7539    i.netconn_gethostbyname  api_lib.o
    0x080102a4   0x080102a4   0x00000198   Code   RO         7541    i.netconn_new_with_proto_and_callback  api_lib.o
    0x0801043c   0x0801043c   0x000001c0   Code   RO         7542    i.netconn_recv      api_lib.o
    0x080105fc   0x080105fc   0x0000022c   Code   RO         7543    i.netconn_recv_data  api_lib.o
    0x08010828   0x08010828   0x000000a4   Code   RO         7544    i.netconn_recv_tcp_pbuf  api_lib.o
    0x080108cc   0x080108cc   0x00000034   Code   RO         7545    i.netconn_recved    api_lib.o
    0x08010900   0x08010900   0x000000d4   Code   RO         7546    i.netconn_send      api_lib.o
    0x080109d4   0x080109d4   0x00000164   Code   RO         7549    i.netconn_write_partly  api_lib.o
    0x08010b38   0x08010b38   0x00000108   Code   RO         8688    i.netif_add         netif.o
    0x08010c40   0x08010c40   0x00000002   Code   RO         8690    i.netif_init        netif.o
    0x08010c42   0x08010c42   0x00000028   Code   RO         8692    i.netif_set_addr    netif.o
    0x08010c6a   0x08010c6a   0x00000002   PAD
    0x08010c6c   0x08010c6c   0x00000010   Code   RO         8693    i.netif_set_default  netif.o
    0x08010c7c   0x08010c7c   0x0000002a   Code   RO         8694    i.netif_set_down    netif.o
    0x08010ca6   0x08010ca6   0x00000010   Code   RO         8695    i.netif_set_gw      netif.o
    0x08010cb6   0x08010cb6   0x00000002   PAD
    0x08010cb8   0x08010cb8   0x00000084   Code   RO         8696    i.netif_set_ipaddr  netif.o
    0x08010d3c   0x08010d3c   0x00000010   Code   RO         8699    i.netif_set_netmask  netif.o
    0x08010d4c   0x08010d4c   0x00000036   Code   RO         8700    i.netif_set_up      netif.o
    0x08010d82   0x08010d82   0x000000f4   Code   RO         1306    i.parse_array       cjson.o
    0x08010e76   0x08010e76   0x0000005a   Code   RO         1307    i.parse_hex4        cjson.o
    0x08010ed0   0x08010ed0   0x00000154   Code   RO         1308    i.parse_number      cjson.o
    0x08011024   0x08011024   0x0000013a   Code   RO         1309    i.parse_object      cjson.o
    0x0801115e   0x0801115e   0x0000018c   Code   RO         1310    i.parse_string      cjson.o
    0x080112ea   0x080112ea   0x00000002   PAD
    0x080112ec   0x080112ec   0x0000013c   Code   RO         1311    i.parse_value       cjson.o
    0x08011428   0x08011428   0x0000041c   Code   RO         8782    i.pbuf_alloc        pbuf.o
    0x08011844   0x08011844   0x00000108   Code   RO         8783    i.pbuf_alloced_custom  pbuf.o
    0x0801194c   0x0801194c   0x00000148   Code   RO         8784    i.pbuf_cat          pbuf.o
    0x08011a94   0x08011a94   0x0000001a   Code   RO         8785    i.pbuf_chain        pbuf.o
    0x08011aae   0x08011aae   0x00000012   Code   RO         8786    i.pbuf_clen         pbuf.o
    0x08011ac0   0x08011ac0   0x00000238   Code   RO         8788    i.pbuf_copy         pbuf.o
    0x08011cf8   0x08011cf8   0x0000014c   Code   RO         8789    i.pbuf_copy_partial  pbuf.o
    0x08011e44   0x08011e44   0x000001c4   Code   RO         8791    i.pbuf_free         pbuf.o
    0x08012008   0x08012008   0x00000154   Code   RO         8793    i.pbuf_header       pbuf.o
    0x0801215c   0x0801215c   0x000001c4   Code   RO         8796    i.pbuf_realloc      pbuf.o
    0x08012320   0x08012320   0x0000001a   Code   RO         8797    i.pbuf_ref          pbuf.o
    0x0801233a   0x0801233a   0x00000002   PAD
    0x0801233c   0x0801233c   0x00000030   Code   RO         6103    i.pcTaskGetName     tasks.o
    0x0801236c   0x0801236c   0x0000012c   Code   RO         7697    i.pcb_new           api_msg.o
    0x08012498   0x08012498   0x000001b4   Code   RO         8598    i.plug_holes        mem.o
    0x0801264c   0x0801264c   0x000000e4   Code   RO         7698    i.poll_tcp          api_msg.o
    0x08012730   0x08012730   0x00000098   Code   RO         6104    i.prvAddCurrentTaskToDelayedList  tasks.o
    0x080127c8   0x080127c8   0x000000b8   Code   RO         6105    i.prvAddNewTaskToReadyList  tasks.o
    0x08012880   0x08012880   0x00000064   Code   RO         6473    i.prvCheckForValidListAndQueue  timers.o
    0x080128e4   0x080128e4   0x00000048   Code   RO         6106    i.prvCheckTasksWaitingTermination  tasks.o
    0x0801292c   0x0801292c   0x0000002a   Code   RO         5736    i.prvCopyDataFromQueue  queue.o
    0x08012956   0x08012956   0x0000007e   Code   RO         5737    i.prvCopyDataToQueue  queue.o
    0x080129d4   0x080129d4   0x00000012   Code   RO         6107    i.prvDeleteTCB      tasks.o
    0x080129e6   0x080129e6   0x00000014   Code   RO         5738    i.prvGetDisinheritPriorityAfterTimeout  queue.o
    0x080129fa   0x080129fa   0x00000002   PAD
    0x080129fc   0x080129fc   0x00000028   Code   RO         6474    i.prvGetNextExpireTime  timers.o
    0x08012a24   0x08012a24   0x0000007c   Code   RO         6701    i.prvHeapInit       heap_4.o
    0x08012aa0   0x08012aa0   0x00000028   Code   RO         6108    i.prvIdleTask       tasks.o
    0x08012ac8   0x08012ac8   0x0000001e   Code   RO         5739    i.prvInitialiseMutex  queue.o
    0x08012ae6   0x08012ae6   0x0000002a   Code   RO         5740    i.prvInitialiseNewQueue  queue.o
    0x08012b10   0x08012b10   0x000000c0   Code   RO         6109    i.prvInitialiseNewTask  tasks.o
    0x08012bd0   0x08012bd0   0x00000068   Code   RO         6110    i.prvInitialiseTaskLists  tasks.o
    0x08012c38   0x08012c38   0x00000068   Code   RO         6702    i.prvInsertBlockIntoFreeList  heap_4.o
    0x08012ca0   0x08012ca0   0x00000058   Code   RO         6476    i.prvInsertTimerInActiveList  timers.o
    0x08012cf8   0x08012cf8   0x0000001a   Code   RO         5741    i.prvIsQueueEmpty   queue.o
    0x08012d12   0x08012d12   0x0000001e   Code   RO         5742    i.prvIsQueueFull    queue.o
    0x08012d30   0x08012d30   0x0000006a   Code   RO         6111    i.prvListTasksWithinSingleList  tasks.o
    0x08012d9a   0x08012d9a   0x00000002   PAD
    0x08012d9c   0x08012d9c   0x00000074   Code   RO         6477    i.prvProcessExpiredTimer  timers.o
    0x08012e10   0x08012e10   0x00000138   Code   RO         6478    i.prvProcessReceivedCommands  timers.o
    0x08012f48   0x08012f48   0x00000074   Code   RO         6479    i.prvProcessTimerOrBlockTask  timers.o
    0x08012fbc   0x08012fbc   0x00000034   Code   RO         6112    i.prvResetNextTaskUnblockTime  tasks.o
    0x08012ff0   0x08012ff0   0x0000002c   Code   RO         6480    i.prvSampleTimeNow  timers.o
    0x0801301c   0x0801301c   0x000000a4   Code   RO         6481    i.prvSwitchTimerLists  timers.o
    0x080130c0   0x080130c0   0x00000016   Code   RO         6113    i.prvTaskCheckFreeStackSpace  tasks.o
    0x080130d6   0x080130d6   0x00000002   PAD
    0x080130d8   0x080130d8   0x00000040   Code   RO         6625    i.prvTaskExitError  port.o
    0x08013118   0x08013118   0x0000001a   Code   RO         6482    i.prvTimerTask      timers.o
    0x08013132   0x08013132   0x0000007e   Code   RO         5743    i.prvUnlockQueue    queue.o
    0x080131b0   0x080131b0   0x0000002a   Code   RO         6115    i.prvWriteNameToBuffer  tasks.o
    0x080131da   0x080131da   0x00000002   PAD
    0x080131dc   0x080131dc   0x0000013c   Code   RO         6703    i.pvPortMalloc      heap_4.o
    0x08013318   0x08013318   0x00000020   Code   RO         6116    i.pvTaskIncrementMutexHeldCount  tasks.o
    0x08013338   0x08013338   0x0000002c   Code   RO         6626    i.pxPortInitialiseStack  port.o
    0x08013364   0x08013364   0x00000010   Code   RO         8900    i.raw_connect       raw.o
    0x08013374   0x08013374   0x00000074   Code   RO         8901    i.raw_input         raw.o
    0x080133e8   0x080133e8   0x00000034   Code   RO         8902    i.raw_new           raw.o
    0x0801341c   0x0801341c   0x00000006   Code   RO         8903    i.raw_recv          raw.o
    0x08013422   0x08013422   0x00000002   PAD
    0x08013424   0x08013424   0x00000040   Code   RO         8904    i.raw_remove        raw.o
    0x08013464   0x08013464   0x00000012   Code   RO         8905    i.raw_send          raw.o
    0x08013476   0x08013476   0x00000002   PAD
    0x08013478   0x08013478   0x00000138   Code   RO         8906    i.raw_sendto        raw.o
    0x080135b0   0x080135b0   0x0000000e   Code   RO        10455    i.readChar          mqttpacket.o
    0x080135be   0x080135be   0x0000001a   Code   RO        10456    i.readInt           mqttpacket.o
    0x080135d8   0x080135d8   0x0000003a   Code   RO        10457    i.readMQTTLenString  mqttpacket.o
    0x08013612   0x08013612   0x00000002   PAD
    0x08013614   0x08013614   0x0000009c   Code   RO         7699    i.recv_raw          api_msg.o
    0x080136b0   0x080136b0   0x00000188   Code   RO         7700    i.recv_tcp          api_msg.o
    0x08013838   0x08013838   0x00000180   Code   RO         7701    i.recv_udp          api_msg.o
    0x080139b8   0x080139b8   0x000000e0   Code   RO         7702    i.sent_tcp          api_msg.o
    0x08013a98   0x08013a98   0x00000044   Code   RO         7703    i.setup_tcp         api_msg.o
    0x08013adc   0x08013adc   0x000001c8   Code   RO            7    i.show_address      main.o
    0x08013ca4   0x08013ca4   0x0000003c   Code   RO         1322    i.skip_utf8_bom     cjson.o
    0x08013ce0   0x08013ce0   0x000000cc   Code   RO         9923    i.sys_arch_mbox_fetch  sys_arch.o
    0x08013dac   0x08013dac   0x00000034   Code   RO         9924    i.sys_arch_mbox_tryfetch  sys_arch.o
    0x08013de0   0x08013de0   0x00000086   Code   RO         9925    i.sys_arch_sem_wait  sys_arch.o
    0x08013e66   0x08013e66   0x00000002   Code   RO         9926    i.sys_init          sys_arch.o
    0x08013e68   0x08013e68   0x00000010   Code   RO         9927    i.sys_mbox_free     sys_arch.o
    0x08013e78   0x08013e78   0x00000094   Code   RO         9928    i.sys_mbox_new      sys_arch.o
    0x08013f0c   0x08013f0c   0x00000060   Code   RO         9929    i.sys_mbox_post     sys_arch.o
    0x08013f6c   0x08013f6c   0x00000006   Code   RO         9930    i.sys_mbox_set_invalid  sys_arch.o
    0x08013f72   0x08013f72   0x00000002   PAD
    0x08013f74   0x08013f74   0x00000068   Code   RO         9931    i.sys_mbox_trypost  sys_arch.o
    0x08013fdc   0x08013fdc   0x0000000e   Code   RO         9932    i.sys_mbox_valid    sys_arch.o
    0x08013fea   0x08013fea   0x00000010   Code   RO         9934    i.sys_sem_free      sys_arch.o
    0x08013ffa   0x08013ffa   0x00000002   PAD
    0x08013ffc   0x08013ffc   0x00000090   Code   RO         9935    i.sys_sem_new       sys_arch.o
    0x0801408c   0x0801408c   0x00000006   Code   RO         9936    i.sys_sem_set_invalid  sys_arch.o
    0x08014092   0x08014092   0x00000018   Code   RO         9937    i.sys_sem_signal    sys_arch.o
    0x080140aa   0x080140aa   0x0000000e   Code   RO         9938    i.sys_sem_valid     sys_arch.o
    0x080140b8   0x080140b8   0x00000034   Code   RO         9939    i.sys_thread_new    sys_arch.o
    0x080140ec   0x080140ec   0x00000148   Code   RO         9347    i.sys_timeout       timers_1.o
    0x08014234   0x08014234   0x00000054   Code   RO         9348    i.sys_timeouts_init  timers_1.o
    0x08014288   0x08014288   0x00000088   Code   RO         9349    i.sys_timeouts_mbox_fetch  timers_1.o
    0x08014310   0x08014310   0x00000060   Code   RO         9350    i.sys_untimeout     timers_1.o
    0x08014370   0x08014370   0x00000134   Code   RO         8961    i.tcp_abandon       tcp.o
    0x080144a4   0x080144a4   0x0000000e   Code   RO         8962    i.tcp_abort         tcp.o
    0x080144b2   0x080144b2   0x00000004   Code   RO         8963    i.tcp_accept        tcp.o
    0x080144b6   0x080144b6   0x00000002   PAD
    0x080144b8   0x080144b8   0x000000c4   Code   RO         8965    i.tcp_alloc         tcp.o
    0x0801457c   0x0801457c   0x00000004   Code   RO         8966    i.tcp_arg           tcp.o
    0x08014580   0x08014580   0x0000001c   Code   RO         8968    i.tcp_close         tcp.o
    0x0801459c   0x0801459c   0x0000024c   Code   RO         8969    i.tcp_close_shutdown  tcp.o
    0x080147e8   0x080147e8   0x000001ec   Code   RO         8970    i.tcp_connect       tcp.o
    0x080149d4   0x080149d4   0x000000b8   Code   RO         9244    i.tcp_create_segment  tcp_out.o
    0x08014a8c   0x08014a8c   0x0000002e   Code   RO         8972    i.tcp_eff_send_mss  tcp.o
    0x08014aba   0x08014aba   0x00000002   PAD
    0x08014abc   0x08014abc   0x000002a4   Code   RO         9245    i.tcp_enqueue_flags  tcp_out.o
    0x08014d60   0x08014d60   0x000000a0   Code   RO         8973    i.tcp_err           tcp.o
    0x08014e00   0x08014e00   0x00000080   Code   RO         8974    i.tcp_fasttmr       tcp.o
    0x08014e80   0x08014e80   0x00000002   Code   RO         8975    i.tcp_init          tcp.o
    0x08014e82   0x08014e82   0x00000002   PAD
    0x08014e84   0x08014e84   0x000006b8   Code   RO         9193    i.tcp_input         tcp_in.o
    0x0801553c   0x0801553c   0x00000054   Code   RO         9246    i.tcp_keepalive     tcp_out.o
    0x08015590   0x08015590   0x00000058   Code   RO         8976    i.tcp_kill_prio     tcp.o
    0x080155e8   0x080155e8   0x00000040   Code   RO         8977    i.tcp_kill_timewait  tcp.o
    0x08015628   0x08015628   0x0000013c   Code   RO         9194    i.tcp_listen_input  tcp_in.o
    0x08015764   0x08015764   0x0000000a   Code   RO         8979    i.tcp_new           tcp.o
    0x0801576e   0x0801576e   0x00000002   PAD
    0x08015770   0x08015770   0x00000068   Code   RO         8980    i.tcp_new_port      tcp.o
    0x080157d8   0x080157d8   0x0000001c   Code   RO         8981    i.tcp_next_iss      tcp.o
    0x080157f4   0x080157f4   0x00000284   Code   RO         9247    i.tcp_output        tcp_out.o
    0x08015a78   0x08015a78   0x00000118   Code   RO         9248    i.tcp_output_alloc_header  tcp_out.o
    0x08015b90   0x08015b90   0x000000d8   Code   RO         9249    i.tcp_output_segment  tcp_out.o
    0x08015c68   0x08015c68   0x000000d0   Code   RO         9195    i.tcp_parseopt      tcp_in.o
    0x08015d38   0x08015d38   0x000000f8   Code   RO         9250    i.tcp_pbuf_prealloc  tcp_out.o
    0x08015e30   0x08015e30   0x00000058   Code   RO         8982    i.tcp_pcb_purge     tcp.o
    0x08015e88   0x08015e88   0x00000140   Code   RO         8983    i.tcp_pcb_remove    tcp.o
    0x08015fc8   0x08015fc8   0x000000a0   Code   RO         8984    i.tcp_poll          tcp.o
    0x08016068   0x08016068   0x00000698   Code   RO         9196    i.tcp_process       tcp_in.o
    0x08016700   0x08016700   0x00000094   Code   RO         8985    i.tcp_process_refused_data  tcp.o
    0x08016794   0x08016794   0x00000924   Code   RO         9197    i.tcp_receive       tcp_in.o
    0x080170b8   0x080170b8   0x000000a0   Code   RO         8986    i.tcp_recv          tcp.o
    0x08017158   0x08017158   0x0000002e   Code   RO         8987    i.tcp_recv_null     tcp.o
    0x08017186   0x08017186   0x00000002   PAD
    0x08017188   0x08017188   0x0000011c   Code   RO         8988    i.tcp_recved        tcp.o
    0x080172a4   0x080172a4   0x0000005a   Code   RO         9251    i.tcp_rexmit        tcp_out.o
    0x080172fe   0x080172fe   0x00000078   Code   RO         9252    i.tcp_rexmit_fast   tcp_out.o
    0x08017376   0x08017376   0x0000003a   Code   RO         9253    i.tcp_rexmit_rto    tcp_out.o
    0x080173b0   0x080173b0   0x00000120   Code   RO         9254    i.tcp_rst           tcp_out.o
    0x080174d0   0x080174d0   0x0000001a   Code   RO         8989    i.tcp_seg_free      tcp.o
    0x080174ea   0x080174ea   0x00000018   Code   RO         8990    i.tcp_segs_free     tcp.o
    0x08017502   0x08017502   0x00000056   Code   RO         9255    i.tcp_send_empty_ack  tcp_out.o
    0x08017558   0x08017558   0x0000004a   Code   RO         9256    i.tcp_send_fin      tcp_out.o
    0x080175a2   0x080175a2   0x00000002   PAD
    0x080175a4   0x080175a4   0x000000a0   Code   RO         8991    i.tcp_sent          tcp.o
    0x08017644   0x08017644   0x00000062   Code   RO         8993    i.tcp_shutdown      tcp.o
    0x080176a6   0x080176a6   0x00000002   PAD
    0x080176a8   0x080176a8   0x000005f0   Code   RO         8994    i.tcp_slowtmr       tcp.o
    0x08017c98   0x08017c98   0x00000038   Code   RO         9351    i.tcp_timer_needed  timers_1.o
    0x08017cd0   0x08017cd0   0x000000ac   Code   RO         9198    i.tcp_timewait_input  tcp_in.o
    0x08017d7c   0x08017d7c   0x00000024   Code   RO         8995    i.tcp_tmr           tcp.o
    0x08017da0   0x08017da0   0x000000d4   Code   RO         8996    i.tcp_update_rcv_ann_wnd  tcp.o
    0x08017e74   0x08017e74   0x0000071c   Code   RO         9257    i.tcp_write         tcp_out.o
    0x08018590   0x08018590   0x00000184   Code   RO         9258    i.tcp_write_checks  tcp_out.o
    0x08018714   0x08018714   0x000000b4   Code   RO         9259    i.tcp_zero_window_probe  tcp_out.o
    0x080187c8   0x080187c8   0x00000040   Code   RO         8150    i.tcpip_apimsg      tcpip.o
    0x08018808   0x08018808   0x00000060   Code   RO         8151    i.tcpip_callback_with_block  tcpip.o
    0x08018868   0x08018868   0x000000dc   Code   RO         8154    i.tcpip_init        tcpip.o
    0x08018944   0x08018944   0x0000004c   Code   RO         8155    i.tcpip_input       tcpip.o
    0x08018990   0x08018990   0x00000038   Code   RO         9352    i.tcpip_tcp_timer   timers_1.o
    0x080189c8   0x080189c8   0x00000164   Code   RO         8156    i.tcpip_thread      tcpip.o
    0x08018b2c   0x08018b2c   0x00000020   Code   RO        10688    i.transport_getdata  transport.o
    0x08018b4c   0x08018b4c   0x000000fc   Code   RO        10690    i.transport_open    transport.o
    0x08018c48   0x08018c48   0x0000001e   Code   RO        10691    i.transport_sendPacketBuffer  transport.o
    0x08018c66   0x08018c66   0x00000002   PAD
    0x08018c68   0x08018c68   0x0000010c   Code   RO         9437    i.udp_bind          udp.o
    0x08018d74   0x08018d74   0x00000068   Code   RO         9438    i.udp_connect       udp.o
    0x08018ddc   0x08018ddc   0x00000010   Code   RO         9439    i.udp_disconnect    udp.o
    0x08018dec   0x08018dec   0x00000002   Code   RO         9440    i.udp_init          udp.o
    0x08018dee   0x08018dee   0x00000002   PAD
    0x08018df0   0x08018df0   0x00000284   Code   RO         9441    i.udp_input         udp.o
    0x08019074   0x08019074   0x0000001c   Code   RO         9442    i.udp_new           udp.o
    0x08019090   0x08019090   0x00000058   Code   RO         9443    i.udp_new_port      udp.o
    0x080190e8   0x080190e8   0x00000006   Code   RO         9444    i.udp_recv          udp.o
    0x080190ee   0x080190ee   0x00000002   PAD
    0x080190f0   0x080190f0   0x00000040   Code   RO         9445    i.udp_remove        udp.o
    0x08019130   0x08019130   0x00000014   Code   RO         9446    i.udp_send          udp.o
    0x08019144   0x08019144   0x00000036   Code   RO         9447    i.udp_sendto        udp.o
    0x0801917a   0x0801917a   0x00000002   PAD
    0x0801917c   0x0801917c   0x00000188   Code   RO         9448    i.udp_sendto_if     udp.o
    0x08019304   0x08019304   0x0000012c   Code   RO         1325    i.utf16_literal_to_utf8  cjson.o
    0x08019430   0x08019430   0x00000028   Code   RO         5699    i.uxListRemove      list.o
    0x08019458   0x08019458   0x000000b8   Code   RO         6119    i.uxTaskGetSystemState  tasks.o
    0x08019510   0x08019510   0x0000001a   Code   RO         5700    i.vListInitialise   list.o
    0x0801952a   0x0801952a   0x00000006   Code   RO         5701    i.vListInitialiseItem  list.o
    0x08019530   0x08019530   0x00000034   Code   RO         5702    i.vListInsert       list.o
    0x08019564   0x08019564   0x00000018   Code   RO         5703    i.vListInsertEnd    list.o
    0x0801957c   0x0801957c   0x00000054   Code   RO         6628    i.vPortEnterCritical  port.o
    0x080195d0   0x080195d0   0x0000003c   Code   RO         6629    i.vPortExitCritical  port.o
    0x0801960c   0x0801960c   0x00000094   Code   RO         6704    i.vPortFree         heap_4.o
    0x080196a0   0x080196a0   0x00000028   Code   RO         6630    i.vPortSetupTimerInterrupt  port.o
    0x080196c8   0x080196c8   0x00000078   Code   RO         6631    i.vPortValidateInterruptPriority  port.o
    0x08019740   0x08019740   0x0000002c   Code   RO         5749    i.vQueueAddToRegistry  queue.o
    0x0801976c   0x0801976c   0x0000002c   Code   RO         5750    i.vQueueDelete      queue.o
    0x08019798   0x08019798   0x00000030   Code   RO         5752    i.vQueueUnregisterQueue  queue.o
    0x080197c8   0x080197c8   0x0000004a   Code   RO         5753    i.vQueueWaitForMessageRestricted  queue.o
    0x08019812   0x08019812   0x00000002   PAD
    0x08019814   0x08019814   0x000000bc   Code   RO            8    i.vTaskAppCreate    main.o
    0x080198d0   0x080198d0   0x0000005c   Code   RO         6124    i.vTaskDelay        tasks.o
    0x0801992c   0x0801992c   0x000000f4   Code   RO         6126    i.vTaskDelete       tasks.o
    0x08019a20   0x08019a20   0x00000084   Code   RO         6128    i.vTaskGetInfo      tasks.o
    0x08019aa4   0x08019aa4   0x000000c4   Code   RO         6129    i.vTaskGetRunTimeStats  tasks.o
    0x08019b68   0x08019b68   0x00000018   Code   RO         6130    i.vTaskInternalSetTimeOutState  tasks.o
    0x08019b80   0x08019b80   0x0000028c   Code   RO           11    i.vTaskKey          main.o
    0x08019e0c   0x08019e0c   0x000000b0   Code   RO           12    i.vTaskLed          main.o
    0x08019ebc   0x08019ebc   0x000000dc   Code   RO         6131    i.vTaskList         tasks.o
    0x08019f98   0x08019f98   0x0000002c   Code   RO           13    i.vTaskLwip         main.o
    0x08019fc4   0x08019fc4   0x0000000c   Code   RO         6132    i.vTaskMissedYield  tasks.o
    0x08019fd0   0x08019fd0   0x00000038   Code   RO         6134    i.vTaskPlaceOnEventList  tasks.o
    0x0801a008   0x0801a008   0x00000040   Code   RO         6135    i.vTaskPlaceOnEventListRestricted  tasks.o
    0x0801a048   0x0801a048   0x000000f4   Code   RO         6137    i.vTaskPriorityDisinheritAfterTimeout  tasks.o
    0x0801a13c   0x0801a13c   0x00000034   Code   RO           15    i.vTaskQR           main.o
    0x0801a170   0x0801a170   0x000000a4   Code   RO         6139    i.vTaskRemoveFromUnorderedEventList  tasks.o
    0x0801a214   0x0801a214   0x0000009c   Code   RO         6143    i.vTaskStartScheduler  tasks.o
    0x0801a2b0   0x0801a2b0   0x000000f4   Code   RO         6144    i.vTaskSuspend      tasks.o
    0x0801a3a4   0x0801a3a4   0x00000010   Code   RO         6145    i.vTaskSuspendAll   tasks.o
    0x0801a3b4   0x0801a3b4   0x000000cc   Code   RO         6146    i.vTaskSwitchContext  tasks.o
    0x0801a480   0x0801a480   0x00000028   Code   RO        10458    i.writeCString      mqttpacket.o
    0x0801a4a8   0x0801a4a8   0x0000000c   Code   RO        10459    i.writeChar         mqttpacket.o
    0x0801a4b4   0x0801a4b4   0x00000030   Code   RO        10460    i.writeInt          mqttpacket.o
    0x0801a4e4   0x0801a4e4   0x0000003e   Code   RO        10461    i.writeMQTTString   mqttpacket.o
    0x0801a522   0x0801a522   0x0000001a   Code   RO         5614    i.xEventGroupCreate  event_groups.o
    0x0801a53c   0x0801a53c   0x000000ce   Code   RO         5616    i.xEventGroupSetBits  event_groups.o
    0x0801a60a   0x0801a60a   0x00000002   PAD
    0x0801a60c   0x0801a60c   0x00000168   Code   RO         6632    i.xPortStartScheduler  port.o
    0x0801a774   0x0801a774   0x00000034   Code   RO         6633    i.xPortSysTickHandler  port.o
    0x0801a7a8   0x0801a7a8   0x0000005c   Code   RO         5754    i.xQueueCreateCountingSemaphore  queue.o
    0x0801a804   0x0801a804   0x00000022   Code   RO         5755    i.xQueueCreateMutex  queue.o
    0x0801a826   0x0801a826   0x0000005a   Code   RO         5756    i.xQueueGenericCreate  queue.o
    0x0801a880   0x0801a880   0x00000098   Code   RO         5757    i.xQueueGenericReset  queue.o
    0x0801a918   0x0801a918   0x000001a8   Code   RO         5758    i.xQueueGenericSend  queue.o
    0x0801aac0   0x0801aac0   0x000000f8   Code   RO         5759    i.xQueueGenericSendFromISR  queue.o
    0x0801abb8   0x0801abb8   0x00000168   Code   RO         5766    i.xQueueReceive     queue.o
    0x0801ad20   0x0801ad20   0x000001b8   Code   RO         5768    i.xQueueSemaphoreTake  queue.o
    0x0801aed8   0x0801aed8   0x0000008c   Code   RO         6147    i.xTaskCheckForTimeOut  tasks.o
    0x0801af64   0x0801af64   0x00000060   Code   RO         6148    i.xTaskCreate       tasks.o
    0x0801afc4   0x0801afc4   0x00000020   Code   RO         6152    i.xTaskGetSchedulerState  tasks.o
    0x0801afe4   0x0801afe4   0x0000000c   Code   RO         6153    i.xTaskGetTickCount  tasks.o
    0x0801aff0   0x0801aff0   0x00000148   Code   RO         6155    i.xTaskIncrementTick  tasks.o
    0x0801b138   0x0801b138   0x000000c8   Code   RO         6158    i.xTaskPriorityDisinherit  tasks.o
    0x0801b200   0x0801b200   0x000000c8   Code   RO         6159    i.xTaskPriorityInherit  tasks.o
    0x0801b2c8   0x0801b2c8   0x00000098   Code   RO         6160    i.xTaskRemoveFromEventList  tasks.o
    0x0801b360   0x0801b360   0x00000104   Code   RO         6161    i.xTaskResumeAll    tasks.o
    0x0801b464   0x0801b464   0x00000058   Code   RO         6489    i.xTimerCreateTimerTask  timers.o
    0x0801b4bc   0x0801b4bc   0x00000084   Code   RO         6490    i.xTimerGenericCommand  timers.o
    0x0801b540   0x0801b540   0x0000002c   Code   RO        11120    locale$$code        c_w.l(lc_ctype_c.o)
    0x0801b56c   0x0801b56c   0x0000002c   Code   RO        11123    locale$$code        c_w.l(lc_numeric_c.o)
    0x0801b598   0x0801b598   0x00000062   Code   RO        10875    x$fpl$d2f           fz_wm.l(d2f.o)
    0x0801b5fa   0x0801b5fa   0x00000002   PAD
    0x0801b5fc   0x0801b5fc   0x00000150   Code   RO        10877    x$fpl$dadd          fz_wm.l(daddsub_clz.o)
    0x0801b74c   0x0801b74c   0x00000010   Code   RO        11250    x$fpl$dcheck1       fz_wm.l(dcheck1.o)
    0x0801b75c   0x0801b75c   0x00000018   Code   RO        11024    x$fpl$dcmpinf       fz_wm.l(dcmpi.o)
    0x0801b774   0x0801b774   0x00000078   Code   RO        10883    x$fpl$deqf          fz_wm.l(deqf.o)
    0x0801b7ec   0x0801b7ec   0x0000005e   Code   RO        10885    x$fpl$dfix          fz_wm.l(dfix.o)
    0x0801b84a   0x0801b84a   0x0000002e   Code   RO        10890    x$fpl$dflt          fz_wm.l(dflt_clz.o)
    0x0801b878   0x0801b878   0x00000078   Code   RO        10895    x$fpl$dleqf         fz_wm.l(dleqf.o)
    0x0801b8f0   0x0801b8f0   0x00000154   Code   RO        10897    x$fpl$dmul          fz_wm.l(dmul.o)
    0x0801ba44   0x0801ba44   0x0000009c   Code   RO        11026    x$fpl$dnaninf       fz_wm.l(dnaninf.o)
    0x0801bae0   0x0801bae0   0x0000000c   Code   RO        11028    x$fpl$dretinf       fz_wm.l(dretinf.o)
    0x0801baec   0x0801baec   0x0000006c   Code   RO        10899    x$fpl$drleqf        fz_wm.l(drleqf.o)
    0x0801bb58   0x0801bb58   0x000001d4   Code   RO        10879    x$fpl$dsub          fz_wm.l(daddsub_clz.o)
    0x0801bd2c   0x0801bd2c   0x00000056   Code   RO        10901    x$fpl$f2d           fz_wm.l(f2d.o)
    0x0801bd82   0x0801bd82   0x0000008c   Code   RO        11030    x$fpl$fnaninf       fz_wm.l(fnaninf.o)
    0x0801be0e   0x0801be0e   0x0000000a   Code   RO        11131    x$fpl$fpinit        fz_wm.l(fpinit.o)
    0x0801be18   0x0801be18   0x0000000a   Code   RO        11032    x$fpl$fretinf       fz_wm.l(fretinf.o)
    0x0801be22   0x0801be22   0x00000006   Code   RO        11133    x$fpl$ieeestatus    fz_wm.l(istatus.o)
    0x0801be28   0x0801be28   0x00000004   Code   RO        10903    x$fpl$printf1       fz_wm.l(printf1.o)
    0x0801be2c   0x0801be2c   0x00000004   Code   RO        11034    x$fpl$printf2       fz_wm.l(printf2.o)
    0x0801be30   0x0801be30   0x00000064   Code   RO        11260    x$fpl$retnan        fz_wm.l(retnan.o)
    0x0801be94   0x0801be94   0x0000005c   Code   RO        11229    x$fpl$scalbn        fz_wm.l(scalbn.o)
    0x0801bef0   0x0801bef0   0x00000004   Code   RO        10905    x$fpl$scanf1        fz_wm.l(scanf1.o)
    0x0801bef4   0x0801bef4   0x00000008   Code   RO        11135    x$fpl$scanf2        fz_wm.l(scanf2.o)
    0x0801befc   0x0801befc   0x00000030   Code   RO        11278    x$fpl$trapveneer    fz_wm.l(trapv.o)
    0x0801bf2c   0x0801bf2c   0x00000000   Code   RO        11040    x$fpl$usenofp       fz_wm.l(usenofp.o)
    0x0801bf2c   0x0801bf2c   0x0000001b   Data   RO           20    .constdata          main.o
    0x0801bf47   0x0801bf47   0x00000200   Data   RO          754    .constdata          tool.o
    0x0801c147   0x0801c147   0x00000001   PAD
    0x0801c148   0x0801c148   0x00000064   Data   RO          932    .constdata          mqtt_app.o
    0x0801c1ac   0x0801c1ac   0x00000024   Data   RO         1875    .constdata          malloc.o
    0x0801c1d0   0x0801c1d0   0x00000040   Data   RO         7997    .constdata          sockets.o
    0x0801c210   0x0801c210   0x0000003c   Data   RO         8642    .constdata          memp.o
    0x0801c24c   0x0801c24c   0x00000050   Data   RO         8997    .constdata          tcp.o
    0x0801c29c   0x0801c29c   0x00000008   Data   RO         9659    .constdata          ip_addr.o
    0x0801c2a4   0x0801c2a4   0x0000000c   Data   RO         9786    .constdata          etharp.o
    0x0801c2b0   0x0801c2b0   0x00000004   Data   RO         9940    .constdata          sys_arch.o
    0x0801c2b4   0x0801c2b4   0x0000008c   Data   RO        10159    .constdata          elog.o
    0x0801c340   0x0801c340   0x00000023   Data   RO        10280    .constdata          elog_utils.o
    0x0801c363   0x0801c363   0x00000028   Data   RO        10799    .constdata          c_w.l(_printf_hex_int_ll_ptr.o)
    0x0801c38b   0x0801c38b   0x00000011   Data   RO        10819    .constdata          c_w.l(__printf_flags_ss_wp.o)
    0x0801c39c   0x0801c39c   0x00000008   Data   RO        10944    .constdata          c_w.l(_printf_wctomb.o)
    0x0801c3a4   0x0801c3a4   0x00000026   Data   RO        11076    .constdata          c_w.l(_printf_fp_hex.o)
    0x0801c3ca   0x0801c3ca   0x00000002   PAD
    0x0801c3cc   0x0801c3cc   0x00000094   Data   RO        11089    .constdata          c_w.l(bigflt0.o)
    0x0801c460   0x0801c460   0x00000069   Data   RO          933    .conststring        mqtt_app.o
    0x0801c4c9   0x0801c4c9   0x00000003   PAD
    0x0801c4cc   0x0801c4cc   0x0000008c   Data   RO         8312    .conststring        dhcp.o
    0x0801c558   0x0801c558   0x000000a8   Data   RO         8643    .conststring        memp.o
    0x0801c600   0x0801c600   0x0000006d   Data   RO         8998    .conststring        tcp.o
    0x0801c66d   0x0801c66d   0x00000003   PAD
    0x0801c670   0x0801c670   0x00000055   Data   RO         9260    .conststring        tcp_out.o
    0x0801c6c5   0x0801c6c5   0x00000003   PAD
    0x0801c6c8   0x0801c6c8   0x00000044   Data   RO         9787    .conststring        etharp.o
    0x0801c70c   0x0801c70c   0x00000047   Data   RO        10160    .conststring        elog.o
    0x0801c753   0x0801c753   0x00000001   PAD
    0x0801c754   0x0801c754   0x00000020   Data   RO        11280    Region$$Table       anon$$obj.o
    0x0801c774   0x0801c774   0x00000008   Data   RO        11127    c$$dinf             fz_wm.l(fpconst.o)
    0x0801c77c   0x0801c77c   0x00000008   Data   RO        11130    c$$dmax             fz_wm.l(fpconst.o)
    0x0801c784   0x0801c784   0x00000110   Data   RO        11119    locale$$data        c_w.l(lc_ctype_c.o)
    0x0801c894   0x0801c894   0x0000001c   Data   RO        11122    locale$$data        c_w.l(lc_numeric_c.o)


    Execution Region RW_IRAM1 (Exec base: 0x20000000, Load base: 0x0801c8b0, Size: 0x0001c7e8, Max: 0x00020000, ABSOLUTE, COMPRESSED[0x000000b0])

    Exec Addr    Load Addr    Size         Type   Attr      Idx    E Section Name        Object

    0x20000000   COMPRESSED   0x00000038   Data   RW           21    .data               main.o
    0x20000038   COMPRESSED   0x00000014   Data   RW          497    .data               system_stm32f4xx.o
    0x2000004c   COMPRESSED   0x00000010   Data   RW          934    .data               mqtt_app.o
    0x2000005c   COMPRESSED   0x00000004   Data   RW          992    .data               delay.o
    0x20000060   COMPRESSED   0x00000014   Data   RW         1327    .data               cjson.o
    0x20000074   COMPRESSED   0x00000024   Data   RW         1876    .data               malloc.o
    0x20000098   COMPRESSED   0x00000001   Data   RW         2244    .data               bsp_key.o
    0x20000099   COMPRESSED   0x00000003   PAD
    0x2000009c   COMPRESSED   0x0000001c   Data   RW         2292    .data               bsp_time.o
    0x200000b8   COMPRESSED   0x00000005   Data   RW         2388    .data               bsp_wiegand.o
    0x200000bd   COMPRESSED   0x00000003   PAD
    0x200000c0   COMPRESSED   0x00000004   Data   RW         2477    .data               bsp_uart_fifo.o
    0x200000c4   COMPRESSED   0x00000010   Data   RW         2769    .data               lan8720.o
    0x200000d4   COMPRESSED   0x00000010   Data   RW         3262    .data               stm32f4xx_rcc.o
    0x200000e4   COMPRESSED   0x00000010   Data   RW         5155    .data               stm32f4x7_eth.o
    0x200000f4   COMPRESSED   0x00000044   Data   RW         6164    .data               tasks.o
    0x20000138   COMPRESSED   0x00000014   Data   RW         6496    .data               timers.o
    0x2000014c   COMPRESSED   0x0000000c   Data   RW         6634    .data               port.o
    0x20000158   COMPRESSED   0x00000018   Data   RW         6709    .data               heap_4.o
    0x20000170   COMPRESSED   0x00000004   Data   RW         7404    .data               lwip_comm.o
    0x20000174   COMPRESSED   0x00000014   Data   RW         7922    .data               netdb.o
    0x20000188   COMPRESSED   0x00000008   Data   RW         7998    .data               sockets.o
    0x20000190   COMPRESSED   0x0000000c   Data   RW         8160    .data               tcpip.o
    0x2000019c   COMPRESSED   0x00000004   Data   RW         8313    .data               dhcp.o
    0x200001a0   COMPRESSED   0x00000014   Data   RW         8489    .data               dns.o
    0x200001b4   COMPRESSED   0x00000014   Data   RW         8599    .data               mem.o
    0x200001c8   COMPRESSED   0x00000040   Data   RW         8644    .data               memp.o
    0x20000208   COMPRESSED   0x00000009   Data   RW         8701    .data               netif.o
    0x20000211   COMPRESSED   0x00000003   PAD
    0x20000214   COMPRESSED   0x00000004   Data   RW         8907    .data               raw.o
    0x20000218   COMPRESSED   0x00000024   Data   RW         8999    .data               tcp.o
    0x2000023c   COMPRESSED   0x00000020   Data   RW         9200    .data               tcp_in.o
    0x2000025c   COMPRESSED   0x00000008   Data   RW         9353    .data               timers_1.o
    0x20000264   COMPRESSED   0x00000008   Data   RW         9449    .data               udp.o
    0x2000026c   COMPRESSED   0x00000012   Data   RW         9617    .data               ip.o
    0x2000027e   COMPRESSED   0x00000002   PAD
    0x20000280   COMPRESSED   0x00000006   Data   RW         9716    .data               ip_frag.o
    0x20000286   COMPRESSED   0x00000001   Data   RW         9788    .data               etharp.o
    0x20000287   COMPRESSED   0x00000001   PAD
    0x20000288   COMPRESSED   0x00000004   Data   RW         9941    .data               sys_arch.o
    0x2000028c   COMPRESSED   0x00000034   Data   RW        10161    .data               elog.o
    0x200002c0   COMPRESSED   0x00000004   Data   RW        10462    .data               mqttpacket.o
    0x200002c4   COMPRESSED   0x0000000c   Data   RW        10692    .data               transport.o
    0x200002d0        -       0x0000ff00   Zero   RW         1874    .bss                malloc.o
    0x200101d0        -       0x00000010   Zero   RW         2387    .bss                bsp_wiegand.o
    0x200101e0        -       0x00001050   Zero   RW         2476    .bss                bsp_uart_fifo.o
    0x20011230        -       0x0000000c   Zero   RW         5154    .bss                stm32f4x7_eth.o
    0x2001123c        -       0x00000040   Zero   RW         5770    .bss                queue.o
    0x2001127c        -       0x0000012c   Zero   RW         6163    .bss                tasks.o
    0x200113a8        -       0x00000028   Zero   RW         6495    .bss                timers.o
    0x200113d0        -       0x0000a000   Zero   RW         6708    .bss                heap_4.o
    0x2001b3d0        -       0x0000004c   Zero   RW         7403    .bss                lwip_comm.o
    0x2001b41c        -       0x00000014   Zero   RW         7921    .bss                netdb.o
    0x2001b430        -       0x00000060   Zero   RW         7996    .bss                sockets.o
    0x2001b490        -       0x00000032   Zero   RW         8311    .bss                dhcp.o
    0x2001b4c2   COMPRESSED   0x00000002   PAD
    0x2001b4c4        -       0x00000663   Zero   RW         8488    .bss                dns.o
    0x2001bb27   COMPRESSED   0x00000001   PAD
    0x2001bb28        -       0x0000003c   Zero   RW         8641    .bss                memp.o
    0x2001bb64        -       0x00000014   Zero   RW         9199    .bss                tcp_in.o
    0x2001bb78        -       0x000000c8   Zero   RW         9785    .bss                etharp.o
    0x2001bc40        -       0x00000010   Zero   RW        10091    .bss                elog_port.o
    0x2001bc50        -       0x00000454   Zero   RW        10158    .bss                elog.o
    0x2001c0a4        -       0x000000e4   Zero   RW        10838    .bss                c_w.l(rand.o)
    0x2001c188        -       0x00000060   Zero   RW        11042    .bss                c_w.l(libspace.o)
    0x2001c1e8        -       0x00000200   Zero   RW         5595    HEAP                startup_stm32f40_41xxx.o
    0x2001c3e8        -       0x00000400   Zero   RW         5594    STACK               startup_stm32f40_41xxx.o



  Load Region LR$$.ARM.__AT_0x10000000 (Base: 0x10000000, Size: 0x00000000, Max: 0x0000c800, ABSOLUTE)

    Execution Region ER$$.ARM.__AT_0x10000000 (Exec base: 0x10000000, Load base: 0x10000000, Size: 0x0000c800, Max: 0x0000c800, ABSOLUTE, UNINIT)

    Exec Addr    Load Addr    Size         Type   Attr      Idx    E Section Name        Object

    0x10000000        -       0x0000c800   Zero   RW         1870    .ARM.__AT_0x10000000  malloc.o



  Load Region LR$$.ARM.__AT_0x1000C800 (Base: 0x1000c800, Size: 0x00000000, Max: 0x00000c80, ABSOLUTE)

    Execution Region ER$$.ARM.__AT_0x1000C800 (Exec base: 0x1000c800, Load base: 0x1000c800, Size: 0x00000c80, Max: 0x00000c80, ABSOLUTE, UNINIT)

    Exec Addr    Load Addr    Size         Type   Attr      Idx    E Section Name        Object

    0x1000c800        -       0x00000c80   Zero   RW         1871    .ARM.__AT_0x1000C800  malloc.o



  Load Region LR$$.ARM.__AT_0x68000000 (Base: 0x68000000, Size: 0x00000000, Max: 0x00014000, ABSOLUTE)

    Execution Region ER$$.ARM.__AT_0x68000000 (Exec base: 0x68000000, Load base: 0x68000000, Size: 0x00014000, Max: 0x00014000, ABSOLUTE, UNINIT)

    Exec Addr    Load Addr    Size         Type   Attr      Idx    E Section Name        Object

    0x68000000        -       0x00014000   Zero   RW         1872    .ARM.__AT_0x68000000  malloc.o



  Load Region LR$$.ARM.__AT_0x68014000 (Base: 0x68014000, Size: 0x00000000, Max: 0x00001400, ABSOLUTE)

    Execution Region ER$$.ARM.__AT_0x68014000 (Exec base: 0x68014000, Load base: 0x68014000, Size: 0x00001400, Max: 0x00001400, ABSOLUTE, UNINIT)

    Exec Addr    Load Addr    Size         Type   Attr      Idx    E Section Name        Object

    0x68014000        -       0x00001400   Zero   RW         1873    .ARM.__AT_0x68014000  malloc.o


==============================================================================

Image component sizes


      Code (inc. data)   RO Data    RW Data    ZI Data      Debug   Object Name

      3312       1592          0          0          0      24404   api_lib.o
      6952       2760          0          0          0      19897   api_msg.o
        42          0          0          0          0        519   bsp.o
        60          4          0          0          0        560   bsp_beep.o
       264         22          0          1          0       1274   bsp_key.o
       164         12          0          0          0        611   bsp_led.o
      1336        182          0          0          0       6064   bsp_tim_pwm.o
       320         48          0         28          0       2612   bsp_time.o
       848         72          0          4       4176       9294   bsp_uart_fifo.o
       408         20          0          5         16       3257   bsp_wiegand.o
      2652         80          0         20          0      17769   cjson.o
         0          0          0          0          0      10760   client.o
         0          0          0          0          0       2628   comm.o
        62          0          0          0          0       2276   def.o
       220         18          0          4          0       3101   delay.o
      7254       2070        140          4         50      23736   dhcp.o
      2056        412          0         20       1635      10845   dns.o
      2168        820        211         52       1108      14220   elog.o
        94         30          0          0         16       7032   elog_port.o
       268        104         35          0          0       2321   elog_utils.o
         0          0          0          0          0        672   err.o
      4264       1322         80          1        200      14448   etharp.o
       554        136          0          0          0       5808   ethernetif.o
       232          0          0          0          0      11173   event_groups.o
       692         62          0         24      40960       4415   heap_4.o
         0          0          0          0          0        392   iap.o
      1152        464          0          0          0       3974   icmp.o
       200          0          0          0          0       2781   inet_chksum.o
        40          0          0          0          0       1256   init.o
      1172        272          0         18          0       7697   ip.o
       566        106          8          0          0       9078   ip_addr.o
      3030        954          0          6          0      10888   ip_frag.o
       930         90          0         16          0       6389   lan8720.o
       148          0          0          0          0       3234   list.o
      1448        636          0          4         76      24803   lwip_comm.o
      2104        880         27         56          0     349389   main.o
       676         64         36         36     206720      10018   malloc.o
      2188        928          0         20          0       5529   mem.o
       560        286        228         64         60       4846   memp.o
       180         24          0          0          0       2349   misc.o
      3624       1504        205         16          0       5631   mqtt_app.o
       708         18          0          0          0       5328   mqttconnectclient.o
       168          0          0          0          0       1690   mqttdeserializepublish.o
       636         18          0          4          0      10142   mqttpacket.o
       324          0          0          0          0       2818   mqttserializepublish.o
       368          0          0          0          0       3367   mqttsubscribeclient.o
       396        222          0          0          0       2403   netbuf.o
        92         22          0         20         20       3147   netdb.o
       582        130          0          9          0       8379   netif.o
      3858       1632          0          0          0      10315   pbuf.o
      1014         92          0         12          0      11497   port.o
      2492         30          0          0         64      21247   queue.o
       584        146          0          4          0       5596   raw.o
      3510        696         64          8         96      14153   sockets.o
        64         26        392          0       1536        868   startup_stm32f40_41xxx.o
      1904        148          0         16         12      16269   stm32f4x7_eth.o
        36         10          0          0          0       1260   stm32f4xx_exti.o
       250          0          0          0          0       4583   stm32f4xx_gpio.o
       104         50          0          0          0       3009   stm32f4xx_it.o
       360         42          0         16          0       5624   stm32f4xx_rcc.o
        12          6          0          0          0        638   stm32f4xx_syscfg.o
       924         66          0          0          0      11194   stm32f4xx_tim.o
       456          8          0          0          0       6635   stm32f4xx_usart.o
        28          4          0          0          0        801   sys.o
      1112        220          4          4          0      20703   sys_arch.o
       340         32          0         20          0       1857   system_stm32f4xx.o
      4884        610          0         68        300      36293   tasks.o
      5546       1848        189         36          0      32186   tcp.o
      6444       1182          0         32         20      17103   tcp_in.o
      5436       1514         85          0          0      16007   tcp_out.o
         0          0          0          0          0       3148   tcp_server_demo.o
       812        294          0         12          0       9814   tcpip.o
         0          0          0          0          0       1472   test.o
      1226        116          0         20         40      20231   timers.o
       916        248          0          8          0       7851   timers_1.o
        56          8        512          0          0       1397   tool.o
       314        100          0         12          0       5144   transport.o
      1686        376          0          8          0      18529   udp.o

    ----------------------------------------------------------------------
    100000      25888       2259        720     257108     990648   Object Totals
         0          0         32          0          0          0   (incl. Generated)
       118          0         11         12          3          0   (incl. Padding)

    ----------------------------------------------------------------------

      Code (inc. data)   RO Data    RW Data    ZI Data      Debug   Library Member Name

        24          4          0          0          0         84   __2printf.o
        56          6          0          0          0         88   __2snprintf.o
        44          6          0          0          0         84   __2sprintf.o
        90          0          0          0          0          0   __dczerorl2.o
         8          0          0          0          0         68   __main.o
       392          4         17          0          0         92   __printf_flags_ss_wp.o
        14          0          0          0          0         68   __printf_wp.o
         0          0          0          0          0          0   __rtentry.o
        12          0          0          0          0          0   __rtentry2.o
         6          0          0          0          0          0   __rtentry4.o
        52          8          0          0          0          0   __scatter.o
        28          0          0          0          0          0   __scatter_zi.o
        28          0          0          0          0         68   _chval.o
         6          0          0          0          0          0   _printf_a.o
         6          0          0          0          0          0   _printf_c.o
        44          0          0          0          0        108   _printf_char.o
        48          6          0          0          0         96   _printf_char_common.o
        36          4          0          0          0         80   _printf_char_file.o
        40          0          0          0          0         68   _printf_charcount.o
         6          0          0          0          0          0   _printf_d.o
       120         16          0          0          0         92   _printf_dec.o
         6          0          0          0          0          0   _printf_e.o
         6          0          0          0          0          0   _printf_f.o
      1054          0          0          0          0        216   _printf_fp_dec.o
       764          8         38          0          0        100   _printf_fp_hex.o
       128         16          0          0          0         84   _printf_fp_infnan.o
         6          0          0          0          0          0   _printf_g.o
       148          4         40          0          0        160   _printf_hex_int_ll_ptr.o
         6          0          0          0          0          0   _printf_i.o
       178          0          0          0          0         88   _printf_intcommon.o
        10          0          0          0          0          0   _printf_l.o
         6          0          0          0          0          0   _printf_lc.o
        10          0          0          0          0          0   _printf_ll.o
         6          0          0          0          0          0   _printf_lld.o
         6          0          0          0          0          0   _printf_lli.o
         6          0          0          0          0          0   _printf_llo.o
         6          0          0          0          0          0   _printf_llu.o
         6          0          0          0          0          0   _printf_llx.o
       124         16          0          0          0         92   _printf_longlong_dec.o
         6          0          0          0          0          0   _printf_ls.o
         6          0          0          0          0          0   _printf_n.o
         6          0          0          0          0          0   _printf_o.o
       112         10          0          0          0        124   _printf_oct_int_ll.o
         6          0          0          0          0          0   _printf_p.o
        78          0          0          0          0        108   _printf_pad.o
         0          0          0          0          0          0   _printf_percent.o
         4          0          0          0          0          0   _printf_percent_end.o
         6          0          0          0          0          0   _printf_s.o
        82          0          0          0          0         80   _printf_str.o
        36          0          0          0          0         84   _printf_truncate.o
         6          0          0          0          0          0   _printf_u.o
        44          0          0          0          0        108   _printf_wchar.o
       188          6          8          0          0         92   _printf_wctomb.o
         6          0          0          0          0          0   _printf_x.o
        22          0          0          0          0        100   _rserrno.o
        64          0          0          0          0         84   _sgetc.o
        16          0          0          0          0         68   _snputc.o
        10          0          0          0          0         68   _sputc.o
        64          0          0          0          0         92   _wcrtomb.o
        16          0          0          0          0         68   aeabi_memset.o
       228          4        148          0          0         96   bigflt0.o
      2152        136          0          0          0        960   btod.o
        18          0          0          0          0         80   exit.o
         8          0          0          0          0         68   ferror.o
         6          0          0          0          0        152   heapauxi.o
        18          0          0          0          0         76   isspace.o
        44         10        272          0          0         76   lc_ctype_c.o
        44         10         28          0          0         76   lc_numeric_c.o
         2          0          0          0          0          0   libinit.o
        38          0          0          0          0          0   libinit2.o
         2          0          0          0          0          0   libshutdown.o
         2          0          0          0          0          0   libshutdown2.o
         8          4          0          0         96         68   libspace.o
        38          0          0          0          0         68   llshl.o
       138          0          0          0          0         80   lludiv10.o
        88          0          0          0          0         76   memcmp.o
       112         18          0          0        228        160   rand.o
        16          4          0          0          0         76   rt_ctype_table.o
         8          4          0          0          0         68   rt_errno_addr_intlibspace.o
         8          4          0          0          0         68   rt_locale_intlibspace.o
        68          0          0          0          0         68   rt_memclr.o
        78          0          0          0          0         80   rt_memclr_w.o
       138          0          0          0          0         68   rt_memcpy_v6.o
       100          0          0          0          0         80   rt_memcpy_w.o
         2          0          0          0          0          0   rtexit.o
        10          0          0          0          0          0   rtexit2.o
      1272         16          0          0          0        168   scanf_fp.o
       800         14          0          0          0        100   scanf_hexfp.o
       308         16          0          0          0        100   scanf_infnan.o
       128          0          0          0          0         68   strcmpv7m.o
        72          0          0          0          0         80   strcpy.o
        62          0          0          0          0         76   strlen.o
       150          0          0          0          0         80   strncmp.o
        36          0          0          0          0         80   strstr.o
       164         14          0          0          0        120   strtod.o
        74          0          0          0          0         80   sys_stackheap_outer.o
        26          0          0          0          0         76   tolower.o
         2          0          0          0          0         68   use_no_semi.o
         2          0          0          0          0         68   use_no_semi_2.o
        52          4          0          0          0         80   vsnprintf.o
        98          4          0          0          0        140   d2f.o
       804         16          0          0          0        368   daddsub_clz.o
        16          4          0          0          0        116   dcheck1.o
        24          0          0          0          0        116   dcmpi.o
       120          4          0          0          0        140   deqf.o
        94          4          0          0          0        140   dfix.o
        46          0          0          0          0        116   dflt_clz.o
       120          4          0          0          0        140   dleqf.o
       340         12          0          0          0        152   dmul.o
       156          4          0          0          0        140   dnaninf.o
        12          0          0          0          0        116   dretinf.o
       108          0          0          0          0        128   drleqf.o
        86          4          0          0          0        132   f2d.o
       140          4          0          0          0        132   fnaninf.o
         0          0         16          0          0          0   fpconst.o
        10          0          0          0          0        116   fpinit.o
        10          0          0          0          0        116   fretinf.o
         6          0          0          0          0        116   istatus.o
         4          0          0          0          0        116   printf1.o
         4          0          0          0          0        116   printf2.o
       100          0          0          0          0        116   retnan.o
        92          0          0          0          0        116   scalbn.o
         4          0          0          0          0        116   scanf1.o
         8          0          0          0          0        132   scanf2.o
        48          0          0          0          0        116   trapv.o
         0          0          0          0          0          0   usenofp.o
        64         16          0          0          0        248   dunder.o
        48          0          0          0          0        124   fpclassify.o
       140         22          0          0          0        132   frexp.o
       228          8          0          0          0        308   ldexp.o
       266         16          0          0          0        308   narrow.o
        40         10          0          0          0        128   strtod.o

    ----------------------------------------------------------------------
     14084        506        569          0        324      11100   Library Totals
        12          2          2          0          0          0   (incl. Padding)

    ----------------------------------------------------------------------

      Code (inc. data)   RO Data    RW Data    ZI Data      Debug   Library Name

     10836        372        551          0        324       6600   c_w.l
      2450         60         16          0          0       3252   fz_wm.l
       786         72          0          0          0       1248   m_wm.l

    ----------------------------------------------------------------------
     14084        506        569          0        324      11100   Library Totals

    ----------------------------------------------------------------------

==============================================================================


      Code (inc. data)   RO Data    RW Data    ZI Data      Debug   

    114084      26394       2828        720     257432     937104   Grand Totals
    114084      26394       2828        176     257432     937104   ELF Image Totals (compressed)
    114084      26394       2828        176          0          0   ROM Totals

==============================================================================

    Total RO  Size (Code + RO Data)               116912 ( 114.17kB)
    Total RW  Size (RW Data + ZI Data)            258152 ( 252.10kB)
    Total ROM Size (Code + RO Data + RW Data)     117088 ( 114.34kB)

==============================================================================

