Component: ARM Compiler 5.06 update 6 (build 750) Tool: armlink [4d35ed]

==============================================================================

Section Cross References

    main.o(i.AppObjCreate) refers to event_groups.o(i.xEventGroupCreate) for xEventGroupCreate
    main.o(i.AppObjCreate) refers to main.o(i.App_Printf) for App_Printf
    main.o(i.AppObjCreate) refers to queue.o(i.xQueueCreateMutex) for xQueueCreateMutex
    main.o(i.AppObjCreate) refers to queue.o(i.xQueueGenericCreate) for xQueueGenericCreate
    main.o(i.AppObjCreate) refers to elog.o(i.elog_output) for elog_output
    main.o(i.AppObjCreate) refers to main.o(.data) for .data
    main.o(i.AppObjCreate) refers to main.o(.constdata) for .constdata
    main.o(i.App_Printf) refers to _printf_percent.o(.ARM.Collect$$_printf_percent$$00000000) for _printf_percent
    main.o(i.App_Printf) refers to _printf_s.o(.ARM.Collect$$_printf_percent$$00000014) for _printf_s
    main.o(i.App_Printf) refers to _printf_str.o(.text) for _printf_str
    main.o(i.App_Printf) refers to vsnprintf.o(.text) for vsnprintf
    main.o(i.App_Printf) refers to queue.o(i.xQueueSemaphoreTake) for xQueueSemaphoreTake
    main.o(i.App_Printf) refers to __2printf.o(.text) for __2printf
    main.o(i.App_Printf) refers to queue.o(i.xQueueGenericSend) for xQueueGenericSend
    main.o(i.App_Printf) refers to main.o(.data) for .data
    main.o(i.main) refers to bsp.o(i.bsp_Init) for bsp_Init
    main.o(i.main) refers to elog.o(i.elog_init) for elog_init
    main.o(i.main) refers to elog.o(i.elog_set_fmt) for elog_set_fmt
    main.o(i.main) refers to elog.o(i.elog_start) for elog_start
    main.o(i.main) refers to malloc.o(i.mymem_init) for mymem_init
    main.o(i.main) refers to elog.o(i.elog_output) for elog_output
    main.o(i.main) refers to delay.o(i.delay_ms) for delay_ms
    main.o(i.main) refers to lwip_comm.o(i.lwip_comm_init) for lwip_comm_init
    main.o(i.main) refers to main.o(i.AppObjCreate) for AppObjCreate
    main.o(i.main) refers to tasks.o(i.xTaskCreate) for xTaskCreate
    main.o(i.main) refers to tasks.o(i.vTaskStartScheduler) for vTaskStartScheduler
    main.o(i.main) refers to main.o(.constdata) for .constdata
    main.o(i.main) refers to main.o(.data) for .data
    main.o(i.main) refers to main.o(i.vTaskAppCreate) for vTaskAppCreate
    main.o(i.show_address) refers to _printf_percent.o(.ARM.Collect$$_printf_percent$$00000000) for _printf_percent
    main.o(i.show_address) refers to _printf_d.o(.ARM.Collect$$_printf_percent$$00000009) for _printf_d
    main.o(i.show_address) refers to _printf_dec.o(.text) for _printf_int_dec
    main.o(i.show_address) refers to __2sprintf.o(.text) for __2sprintf
    main.o(i.show_address) refers to main.o(i.App_Printf) for App_Printf
    main.o(i.show_address) refers to lwip_comm.o(.bss) for lwipdev
    main.o(i.vTaskAppCreate) refers to lwip_comm.o(i.lwip_comm_dhcp_creat) for lwip_comm_dhcp_creat
    main.o(i.vTaskAppCreate) refers to mqttclient.o(i.mqtt_thread_init) for mqtt_thread_init
    main.o(i.vTaskAppCreate) refers to port.o(i.vPortEnterCritical) for vPortEnterCritical
    main.o(i.vTaskAppCreate) refers to tasks.o(i.xTaskCreate) for xTaskCreate
    main.o(i.vTaskAppCreate) refers to tasks.o(i.vTaskDelete) for vTaskDelete
    main.o(i.vTaskAppCreate) refers to port.o(i.vPortExitCritical) for vPortExitCritical
    main.o(i.vTaskAppCreate) refers to main.o(.data) for .data
    main.o(i.vTaskAppCreate) refers to main.o(i.vTaskLed) for vTaskLed
    main.o(i.vTaskAppCreate) refers to main.o(i.vTaskKey) for vTaskKey
    main.o(i.vTaskAppCreate) refers to main.o(i.vTaskLwip) for vTaskLwip
    main.o(i.vTaskKey) refers to rt_memcpy_w.o(.text) for __aeabi_memcpy4
    main.o(i.vTaskKey) refers to bsp_key.o(i.KEY_Scan) for KEY_Scan
    main.o(i.vTaskKey) refers to main.o(i.App_Printf) for App_Printf
    main.o(i.vTaskKey) refers to tasks.o(i.vTaskList) for vTaskList
    main.o(i.vTaskKey) refers to tasks.o(i.vTaskGetRunTimeStats) for vTaskGetRunTimeStats
    main.o(i.vTaskKey) refers to elog.o(i.elog_output) for elog_output
    main.o(i.vTaskKey) refers to sys.o(i.Get_ChipID) for Get_ChipID
    main.o(i.vTaskKey) refers to tool.o(i.CRC16_Modbus) for CRC16_Modbus
    main.o(i.vTaskKey) refers to tasks.o(i.vTaskDelay) for vTaskDelay
    main.o(i.vTaskKey) refers to main.o(.constdata) for .constdata
    main.o(i.vTaskLed) refers to bsp_tim_pwm.o(i.bsp_SetTIMOutPWM) for bsp_SetTIMOutPWM
    main.o(i.vTaskLed) refers to event_groups.o(i.xEventGroupSetBits) for xEventGroupSetBits
    main.o(i.vTaskLed) refers to tasks.o(i.vTaskDelay) for vTaskDelay
    main.o(i.vTaskLed) refers to main.o(.data) for .data
    main.o(i.vTaskLwip) refers to main.o(i.show_address) for show_address
    main.o(i.vTaskLwip) refers to tasks.o(i.vTaskSuspend) for vTaskSuspend
    main.o(i.vTaskLwip) refers to tasks.o(i.vTaskDelay) for vTaskDelay
    main.o(i.vTaskLwip) refers to lwip_comm.o(.bss) for lwipdev
[...]
    0x0800343c   0x0800343c   0x00000048   Code   RO         5000    i.ETH_DMATxDescChainInit  stm32f4x7_eth.o
    0x08003484   0x08003484   0x00000008   Code   RO         5001    i.ETH_DMATxDescChecksumInsertionConfig  stm32f4x7_eth.o
    0x0800348c   0x0800348c   0x00000018   Code   RO         5006    i.ETH_DeInit        stm32f4x7_eth.o
    0x080034a4   0x080034a4   0x00000012   Code   RO         5007    i.ETH_Delay         stm32f4x7_eth.o
    0x080034b6   0x080034b6   0x00000002   PAD
    0x080034b8   0x080034b8   0x00000024   Code   RO         5009    i.ETH_FlushTransmitFIFO  stm32f4x7_eth.o
    0x080034dc   0x080034dc   0x0000000c   Code   RO         2699    i.ETH_GetCurrentTxBuffer  lan8720.o
    0x080034e8   0x080034e8   0x0000001e   Code   RO         5034    i.ETH_GetRxPktSize  stm32f4x7_eth.o
    0x08003506   0x08003506   0x00000002   PAD
    0x08003508   0x08003508   0x00000014   Code   RO         5035    i.ETH_GetSoftwareResetStatus  stm32f4x7_eth.o
    0x0800351c   0x0800351c   0x0000002c   Code   RO         2700    i.ETH_IRQHandler    lan8720.o
    0x08003548   0x08003548   0x000002a4   Code   RO         5040    i.ETH_Init          stm32f4x7_eth.o
    0x080037ec   0x080037ec   0x0000001c   Code   RO         5042    i.ETH_MACAddressConfig  stm32f4x7_eth.o
    0x08003808   0x08003808   0x00000084   Code   RO         2701    i.ETH_MACDMA_Config  lan8720.o
    0x0800388c   0x0800388c   0x00000030   Code   RO         5047    i.ETH_MACReceptionCmd  stm32f4x7_eth.o
    0x080038bc   0x080038bc   0x00000030   Code   RO         5048    i.ETH_MACTransmissionCmd  stm32f4x7_eth.o
    0x080038ec   0x080038ec   0x0000002c   Code   RO         2702    i.ETH_Mem_Free      lan8720.o
    0x08003918   0x08003918   0x00000050   Code   RO         2703    i.ETH_Mem_Malloc    lan8720.o
    0x08003968   0x08003968   0x00000058   Code   RO         5060    i.ETH_ReadPHYRegister  stm32f4x7_eth.o
    0x080039c0   0x080039c0   0x00000058   Code   RO         2704    i.ETH_Rx_Packet     lan8720.o
    0x08003a18   0x08003a18   0x00000010   Code   RO         5068    i.ETH_SoftwareReset  stm32f4x7_eth.o
    0x08003a28   0x08003a28   0x00000022   Code   RO         5069    i.ETH_Start         stm32f4x7_eth.o
    0x08003a4a   0x08003a4a   0x00000088   Code   RO         5071    i.ETH_StructInit    stm32f4x7_eth.o
    0x08003ad2   0x08003ad2   0x00000002   PAD
    0x08003ad4   0x08003ad4   0x00000044   Code   RO         2705    i.ETH_Tx_Packet     lan8720.o
    0x08003b18   0x08003b18   0x00000054   Code   RO         5073    i.ETH_WritePHYRegister  stm32f4x7_eth.o
    0x08003b6c   0x08003b6c   0x0000005c   Code   RO         2338    i.EXTI15_10_IRQHandler  bsp_wiegand.o
    0x08003bc8   0x08003bc8   0x0000000c   Code   RO         4928    i.EXTI_ClearITPendingBit  stm32f4xx_exti.o
    0x08003bd4   0x08003bd4   0x00000014   Code   RO         4932    i.EXTI_GetITStatus  stm32f4xx_exti.o
    0x08003be8   0x08003be8   0x00000078   Code   RO         2823    i.GPIO_Init         stm32f4xx_gpio.o
    0x08003c60   0x08003c60   0x00000020   Code   RO         2824    i.GPIO_PinAFConfig  stm32f4xx_gpio.o
    0x08003c80   0x08003c80   0x0000000e   Code   RO         2827    i.GPIO_ReadInputDataBit  stm32f4xx_gpio.o
    0x08003c8e   0x08003c8e   0x00000004   Code   RO         2830    i.GPIO_ResetBits    stm32f4xx_gpio.o
    0x08003c92   0x08003c92   0x00000004   Code   RO         2831    i.GPIO_SetBits      stm32f4xx_gpio.o
    0x08003c96   0x08003c96   0x0000000a   Code   RO         2835    i.GPIO_WriteBit     stm32f4xx_gpio.o
    0x08003ca0   0x08003ca0   0x00000010   Code   RO          846    i.GetNextPackID     mqttclient.o
    0x08003cb0   0x08003cb0   0x0000001c   Code   RO         1085    i.Get_ChipID        sys.o
    0x08003ccc   0x08003ccc   0x0000004c   Code   RO          399    i.HardFault_Handler  stm32f4xx_it.o
    0x08003d18   0x08003d18   0x00000144   Code   RO         2396    i.InitHardUart      bsp_uart_fifo.o
    0x08003e5c   0x08003e5c   0x00000040   Code   RO         2201    i.KEY_Init          bsp_key.o
    0x08003e9c   0x08003e9c   0x000000c8   Code   RO         2202    i.KEY_Scan          bsp_key.o
    0x08003f64   0x08003f64   0x00000120   Code   RO         2707    i.LAN8720_Init      lan8720.o
    0x08004084   0x08004084   0x00000048   Code   RO        10138    i.MQTTDeserialize_ack  mqttdeserializepublish.o
    0x080040cc   0x080040cc   0x0000005c   Code   RO        10072    i.MQTTDeserialize_connack  mqttconnectclient.o
    0x08004128   0x08004128   0x0000008c   Code   RO        10139    i.MQTTDeserialize_publish  mqttdeserializepublish.o
    0x080041b4   0x080041b4   0x0000007c   Code   RO        10364    i.MQTTDeserialize_suback  mqttsubscribeclient.o
    0x08004230   0x08004230   0x000000e2   Code   RO          847    i.MQTTMsgPublish    mqttclient.o
    0x08004312   0x08004312   0x00000036   Code   RO        10214    i.MQTTPacket_decode  mqttpacket.o
    0x08004348   0x08004348   0x00000014   Code   RO        10215    i.MQTTPacket_decodeBuf  mqttpacket.o
    0x0800435c   0x0800435c   0x00000028   Code   RO        10216    i.MQTTPacket_encode  mqttpacket.o
    0x08004384   0x08004384   0x00000028   Code   RO        10218    i.MQTTPacket_len    mqttpacket.o
    0x080043ac   0x080043ac   0x0000004e   Code   RO        10219    i.MQTTPacket_read   mqttpacket.o
    0x080043fa   0x080043fa   0x00000048   Code   RO        10322    i.MQTTSerialize_ack  mqttserializepublish.o
    0x08004442   0x08004442   0x00000002   PAD
    0x08004444   0x08004444   0x00000118   Code   RO        10073    i.MQTTSerialize_connect  mqttconnectclient.o
    0x0800455c   0x0800455c   0x00000076   Code   RO        10074    i.MQTTSerialize_connectLength  mqttconnectclient.o
    0x080045d2   0x080045d2   0x00000006   Code   RO        10076    i.MQTTSerialize_pingreq  mqttconnectclient.o
    0x080045d8   0x080045d8   0x0000000e   Code   RO        10323    i.MQTTSerialize_puback  mqttserializepublish.o
    0x080045e6   0x080045e6   0x0000000e   Code   RO        10324    i.MQTTSerialize_pubcomp  mqttserializepublish.o
    0x080045f4   0x080045f4   0x00000086   Code   RO        10325    i.MQTTSerialize_publish  mqttserializepublish.o
    0x0800467a   0x0800467a   0x0000001e   Code   RO        10326    i.MQTTSerialize_publishLength  mqttserializepublish.o
    0x08004698   0x08004698   0x0000000e   Code   RO        10327    i.MQTTSerialize_pubrel  mqttserializepublish.o
    0x080046a6   0x080046a6   0x0000008c   Code   RO        10365    i.MQTTSerialize_subscribe  mqttsubscribeclient.o
    0x08004732   0x08004732   0x0000002c   Code   RO        10366    i.MQTTSerialize_subscribeLength  mqttsubscribeclient.o
    0x0800475e   0x0800475e   0x00000032   Code   RO        10077    i.MQTTSerialize_zero  mqttconnectclient.o
    0x08004790   0x08004790   0x000000f4   Code   RO          848    i.MQTTSubscribe     mqttclient.o
    0x08004884   0x08004884   0x000001ac   Code   RO          849    i.MQTT_Connect      mqttclient.o
    0x08004a30   0x08004a30   0x00000080   Code   RO          850    i.MQTT_PingReq      mqttclient.o
    0x08004ab0   0x08004ab0   0x0000000e   Code   RO        10221    i.MQTTstrlen        mqttpacket.o
    0x08004abe   0x08004abe   0x00000002   Code   RO          400    i.MemManage_Handler  stm32f4xx_it.o
    0x08004ac0   0x08004ac0   0x00000002   Code   RO          401    i.NMI_Handler       stm32f4xx_it.o
    0x08004ac2   0x08004ac2   0x00000002   PAD
    0x08004ac4   0x08004ac4   0x00000064   Code   RO         2778    i.NVIC_Init         misc.o
    0x08004b28   0x08004b28   0x00000014   Code   RO         2779    i.NVIC_PriorityGroupConfig  misc.o
    0x08004b3c   0x08004b3c   0x0000014c   Code   RO         1931    i.Proscess          cjson_process.o
    0x08004c88   0x08004c88   0x00000018   Code   RO         3144    i.RCC_AHB1PeriphClockCmd  stm32f4xx_rcc.o
    0x08004ca0   0x08004ca0   0x00000018   Code   RO         3146    i.RCC_AHB1PeriphResetCmd  stm32f4xx_rcc.o
    0x08004cb8   0x08004cb8   0x00000018   Code   RO         3153    i.RCC_APB1PeriphClockCmd  stm32f4xx_rcc.o
    0x08004cd0   0x08004cd0   0x00000018   Code   RO         3156    i.RCC_APB2PeriphClockCmd  stm32f4xx_rcc.o
    0x08004ce8   0x08004ce8   0x00000090   Code   RO         3165    i.RCC_GetClocksFreq  stm32f4xx_rcc.o
    0x08004d78   0x08004d78   0x00000002   Code   RO         2398    i.RS485_ReciveNew   bsp_uart_fifo.o
    0x08004d7a   0x08004d7a   0x00000002   Code   RO         2400    i.RS485_SendBefor   bsp_uart_fifo.o
    0x08004d7c   0x08004d7c   0x00000002   Code   RO         2402    i.RS485_SendOver    bsp_uart_fifo.o
    0x08004d7e   0x08004d7e   0x00000002   PAD
    0x08004d80   0x08004d80   0x00000060   Code   RO          851    i.ReadPacketTimeout  mqttclient.o
    0x08004de0   0x08004de0   0x0000000c   Code   RO         3480    i.SYSCFG_ETH_MediaInterfaceConfig  stm32f4xx_syscfg.o
    0x08004dec   0x08004dec   0x000000b4   Code   RO          450    i.SetSysClock       system_stm32f4xx.o
    0x08004ea0   0x08004ea0   0x00000018   Code   RO         2782    i.SysTick_CLKSourceConfig  misc.o
    0x08004eb8   0x08004eb8   0x00000014   Code   RO         1023    i.SysTick_Handler   delay.o
    0x08004ecc   0x08004ecc   0x0000005c   Code   RO          452    i.SystemInit        system_stm32f4xx.o
    0x08004f28   0x08004f28   0x00000048   Code   RO         2248    i.TIM6_DAC_IRQHandler  bsp_time.o
    0x08004f70   0x08004f70   0x00000014   Code   RO         3950    i.TIM_ARRPreloadConfig  stm32f4xx_tim.o
    0x08004f84   0x08004f84   0x00000006   Code   RO         3957    i.TIM_ClearITPendingBit  stm32f4xx_tim.o
    0x08004f8a   0x08004f8a   0x00000014   Code   RO         3962    i.TIM_Cmd           stm32f4xx_tim.o
    0x08004f9e   0x08004f9e   0x00000016   Code   RO         3964    i.TIM_CtrlPWMOutputs  stm32f4xx_tim.o
    0x08004fb4   0x08004fb4   0x00000018   Code   RO         3983    i.TIM_GetITStatus   stm32f4xx_tim.o
    0x08004fcc   0x08004fcc   0x00000010   Code   RO         3987    i.TIM_ITConfig      stm32f4xx_tim.o
    0x08004fdc   0x08004fdc   0x00000060   Code   RO         3991    i.TIM_OC1Init       stm32f4xx_tim.o
    0x0800503c   0x0800503c   0x0000000c   Code   RO         3994    i.TIM_OC1PreloadConfig  stm32f4xx_tim.o
    0x08005048   0x08005048   0x00000080   Code   RO         3996    i.TIM_OC2Init       stm32f4xx_tim.o
    0x080050c8   0x080050c8   0x00000014   Code   RO         3999    i.TIM_OC2PreloadConfig  stm32f4xx_tim.o
    0x080050dc   0x080050dc   0x0000007c   Code   RO         4001    i.TIM_OC3Init       stm32f4xx_tim.o
    0x08005158   0x08005158   0x0000000c   Code   RO         4004    i.TIM_OC3PreloadConfig  stm32f4xx_tim.o
    0x08005164   0x08005164   0x00000060   Code   RO         4006    i.TIM_OC4Init       stm32f4xx_tim.o
    0x080051c4   0x080051c4   0x00000014   Code   RO         4008    i.TIM_OC4PreloadConfig  stm32f4xx_tim.o
    0x080051d8   0x080051d8   0x0000007c   Code   RO         4034    i.TIM_TimeBaseInit  stm32f4xx_tim.o
    0x08005254   0x08005254   0x0000000c   Code   RO         2405    i.USART2_IRQHandler  bsp_uart_fifo.o
    0x08005260   0x08005260   0x0000000c   Code   RO         2406    i.USART3_IRQHandler  bsp_uart_fifo.o
    0x0800526c   0x0800526c   0x00000006   Code   RO         3534    i.USART_ClearFlag   stm32f4xx_usart.o
    0x08005272   0x08005272   0x00000014   Code   RO         3538    i.USART_Cmd         stm32f4xx_usart.o
    0x08005286   0x08005286   0x0000000e   Code   RO         3541    i.USART_GetFlagStatus  stm32f4xx_usart.o
    0x08005294   0x08005294   0x0000003e   Code   RO         3542    i.USART_GetITStatus  stm32f4xx_usart.o
    0x080052d2   0x080052d2   0x00000030   Code   RO         3544    i.USART_ITConfig    stm32f4xx_usart.o
    0x08005302   0x08005302   0x00000002   PAD
    0x08005304   0x08005304   0x000000ac   Code   RO         3545    i.USART_Init        stm32f4xx_usart.o
    0x080053b0   0x080053b0   0x00000008   Code   RO         3552    i.USART_ReceiveData  stm32f4xx_usart.o
    0x080053b8   0x080053b8   0x00000008   Code   RO         3555    i.USART_SendData    stm32f4xx_usart.o
    0x080053c0   0x080053c0   0x000000c0   Code   RO         2409    i.UartIRQ           bsp_uart_fifo.o
    0x08005480   0x08005480   0x00000078   Code   RO         2411    i.UartVarInit       bsp_uart_fifo.o
    0x080054f8   0x080054f8   0x00000002   Code   RO          402    i.UsageFault_Handler  stm32f4xx_it.o
    0x080054fa   0x080054fa   0x00000002   PAD
    0x080054fc   0x080054fc   0x0000018c   Code   RO          852    i.UserMsgCtl        mqttclient.o
    0x08005688   0x08005688   0x0000004c   Code   RO          853    i.WaitForPacket     mqttclient.o
    0x080056d4   0x080056d4   0x00000070   Code   RO         2340    i.WeigenInD0        bsp_wiegand.o
    0x08005744   0x08005744   0x00000070   Code   RO         2341    i.WeigenInD1        bsp_wiegand.o
    0x080057b4   0x080057b4   0x00000030   Code   RO        10817    i.__ARM_fpclassify  m_wm.l(fpclassify.o)
    0x080057e4   0x080057e4   0x00000004   PAD
    0x080057e8   0x080057e8   0x000000f8   Code   RO        10819    i.__hardfp___mathlib_tofloat  m_wm.l(narrow.o)
    0x080058e0   0x080058e0   0x000000d0   Code   RO        10925    i.__hardfp_ldexp    m_wm.l(ldexp.o)
    0x080059b0   0x080059b0   0x00000028   Code   RO        10633    i.__hardfp_strtod   m_wm.l(strtod.o)
    0x080059d8   0x080059d8   0x00000020   Code   RO        10951    i.__mathlib_dbl_overflow  m_wm.l(dunder.o)
    0x080059f8   0x080059f8   0x00000020   Code   RO        10953    i.__mathlib_dbl_underflow  m_wm.l(dunder.o)
    0x08005a18   0x08005a18   0x00000012   Code   RO        10820    i.__mathlib_narrow  m_wm.l(narrow.o)
    0x08005a2a   0x08005a2a   0x00000014   Code   RO        10927    i.__support_ldexp   m_wm.l(ldexp.o)
    0x08005a3e   0x08005a3e   0x0000000e   Code   RO        10553    i._is_digit         c_w.l(__printf_wp.o)
    0x08005a4c   0x08005a4c   0x00000002   Code   RO         2412    i._sys_exit         bsp_uart_fifo.o
    0x08005a4e   0x08005a4e   0x00000022   Code   RO         1251    i.add_item_to_array  cjson.o
    0x08005a70   0x08005a70   0x00000056   Code   RO         1252    i.add_item_to_object  cjson.o
    0x08005ac6   0x08005ac6   0x00000002   PAD
    0x08005ac8   0x08005ac8   0x00000064   Code   RO         7801    i.alloc_socket      sockets.o
    0x08005b2c   0x08005b2c   0x0000001c   Code   RO         9149    i.arp_timer         timers_1.o
    0x08005b48   0x08005b48   0x00000032   Code   RO         2631    i.bsp_ConfigGpioOut  bsp_tim_pwm.o
    0x08005b7a   0x08005b7a   0x00000002   PAD
    0x08005b7c   0x08005b7c   0x00000098   Code   RO         2632    i.bsp_ConfigTimGpio  bsp_tim_pwm.o
    0x08005c14   0x08005c14   0x00000088   Code   RO         2633    i.bsp_GetAFofTIM    bsp_tim_pwm.o
    0x08005c9c   0x08005c9c   0x00000090   Code   RO         2634    i.bsp_GetPinSource  bsp_tim_pwm.o
    0x08005d2c   0x08005d2c   0x00000084   Code   RO         2635    i.bsp_GetRCCofGPIO  bsp_tim_pwm.o
    0x08005db0   0x08005db0   0x000000c4   Code   RO         2636    i.bsp_GetRCCofTIM   bsp_tim_pwm.o
    0x08005e74   0x08005e74   0x0000002c   Code   RO         2286    i.bsp_Init          bsp.o
    0x08005ea0   0x08005ea0   0x00000038   Code   RO         2413    i.bsp_InitUart      bsp_uart_fifo.o
    0x08005ed8   0x08005ed8   0x000000a0   Code   RO         2228    i.bsp_LED_Init      bsp_led.o
    0x08005f78   0x08005f78   0x0000018c   Code   RO         2637    i.bsp_SetTIMOutPWM  bsp_tim_pwm.o
    0x08006104   0x08006104   0x00000078   Code   RO         2249    i.bsp_TIM6_Init     bsp_time.o
    0x0800617c   0x0800617c   0x00000048   Code   RO         2250    i.bsp_TimeSysTickHandler  bsp_time.o
    0x080061c4   0x080061c4   0x00000040   Code   RO         1970    i.bsp_beep_init     bsp_beep.o
    0x08006204   0x08006204   0x00000020   Code   RO        10222    i.bufchar           mqttpacket.o
    0x08006224   0x08006224   0x0000002c   Code   RO         1253    i.buffer_skip_whitespace  cjson.o
    0x08006250   0x08006250   0x00000030   Code   RO         1263    i.cJSON_AddNumberToObject  cjson.o
    0x08006280   0x08006280   0x00000030   Code   RO         1266    i.cJSON_AddStringToObject  cjson.o
    0x080062b0   0x080062b0   0x00000078   Code   RO         1277    i.cJSON_CreateNumber  cjson.o
    0x08006328   0x08006328   0x00000018   Code   RO         1278    i.cJSON_CreateObject  cjson.o
    0x08006340   0x08006340   0x00000030   Code   RO         1281    i.cJSON_CreateString  cjson.o
    0x08006370   0x08006370   0x000000d0   Code   RO         1932    i.cJSON_Data_Init   cjson_process.o
    0x08006440   0x08006440   0x00000048   Code   RO         1285    i.cJSON_Delete      cjson.o
    0x08006488   0x08006488   0x00000010   Code   RO         1296    i.cJSON_GetErrorPtr  cjson.o
    0x08006498   0x08006498   0x00000006   Code   RO         1297    i.cJSON_GetObjectItem  cjson.o
    0x0800649e   0x0800649e   0x0000000e   Code   RO         1304    i.cJSON_IsBool      cjson.o
    0x080064ac   0x080064ac   0x00000012   Code   RO         1308    i.cJSON_IsNumber    cjson.o
    0x080064be   0x080064be   0x00000012   Code   RO         1311    i.cJSON_IsString    cjson.o
    0x080064d0   0x080064d0   0x00000016   Code   RO         1314    i.cJSON_New_Item    cjson.o
    0x080064e6   0x080064e6   0x00000008   Code   RO         1315    i.cJSON_Parse       cjson.o
    0x080064ee   0x080064ee   0x00000002   PAD
    0x080064f0   0x080064f0   0x000000e4   Code   RO         1316    i.cJSON_ParseWithOpts  cjson.o
    0x080065d4   0x080065d4   0x0000000c   Code   RO         1317    i.cJSON_Print       cjson.o
    0x080065e0   0x080065e0   0x00000064   Code   RO         1933    i.cJSON_Update      cjson_process.o
    0x08006644   0x08006644   0x00000028   Code   RO         1329    i.cJSON_strdup      cjson.o
    0x0800666c   0x0800666c   0x00000038   Code   RO         1024    i.delay_init        delay.o
    0x080066a4   0x080066a4   0x00000038   Code   RO         1025    i.delay_ms          delay.o
    0x080066dc   0x080066dc   0x00000034   Code   RO         1026    i.delay_us          delay.o
    0x08006710   0x08006710   0x0000001a   Code   RO         1027    i.delay_xms         delay.o
    0x0800672a   0x0800672a   0x0000004a   Code   RO          854    i.deliverMessage    mqttclient.o
    0x08006774   0x08006774   0x0000008c   Code   RO         8106    i.dhcp_arp_reply    dhcp.o
    0x08006800   0x08006800   0x00000164   Code   RO         8107    i.dhcp_bind         dhcp.o
    0x08006964   0x08006964   0x00000030   Code   RO         8108    i.dhcp_check        dhcp.o
    0x08006994   0x08006994   0x00000060   Code   RO         8110    i.dhcp_coarse_tmr   dhcp.o
    0x080069f4   0x080069f4   0x0000029c   Code   RO         8111    i.dhcp_create_msg   dhcp.o
    0x08006c90   0x08006c90   0x00000078   Code   RO         8112    i.dhcp_decline      dhcp.o
    0x08006d08   0x08006d08   0x00000110   Code   RO         8113    i.dhcp_delete_msg   dhcp.o
    0x08006e18   0x08006e18   0x000000bc   Code   RO         8114    i.dhcp_discover     dhcp.o
    0x08006ed4   0x08006ed4   0x00000034   Code   RO         8115    i.dhcp_fine_tmr     dhcp.o
    0x08006f08   0x08006f08   0x00000084   Code   RO         8116    i.dhcp_handle_ack   dhcp.o
    0x08006f8c   0x08006f8c   0x00000094   Code   RO         8119    i.dhcp_option       dhcp.o
    0x08007020   0x08007020   0x000000b8   Code   RO         8120    i.dhcp_option_byte  dhcp.o
    0x080070d8   0x080070d8   0x000000ec   Code   RO         8121    i.dhcp_option_long  dhcp.o
    0x080071c4   0x080071c4   0x00000090   Code   RO         8122    i.dhcp_option_short  dhcp.o
    0x08007254   0x08007254   0x00000148   Code   RO         8123    i.dhcp_option_trailer  dhcp.o
    0x0800739c   0x0800739c   0x00000374   Code   RO         8124    i.dhcp_parse_reply  dhcp.o
    0x08007710   0x08007710   0x00000088   Code   RO         8125    i.dhcp_rebind       dhcp.o
    0x08007798   0x08007798   0x000000a0   Code   RO         8126    i.dhcp_reboot       dhcp.o
    0x08007838   0x08007838   0x00000188   Code   RO         8127    i.dhcp_recv         dhcp.o
    0x080079c0   0x080079c0   0x000000a4   Code   RO         8128    i.dhcp_release      dhcp.o
    0x08007a64   0x08007a64   0x00000084   Code   RO         8129    i.dhcp_renew        dhcp.o
    0x08007ae8   0x08007ae8   0x000000e8   Code   RO         8130    i.dhcp_select       dhcp.o
    0x08007bd0   0x08007bd0   0x00000010   Code   RO         8131    i.dhcp_set_state    dhcp.o
    0x08007be0   0x08007be0   0x00000160   Code   RO         8133    i.dhcp_start        dhcp.o
    0x08007d40   0x08007d40   0x000000d4   Code   RO         8134    i.dhcp_stop         dhcp.o
    0x08007e14   0x08007e14   0x00000088   Code   RO         8135    i.dhcp_timeout      dhcp.o
    0x08007e9c   0x08007e9c   0x0000001c   Code   RO         9150    i.dhcp_timer_coarse  timers_1.o
    0x08007eb8   0x08007eb8   0x0000001c   Code   RO         9151    i.dhcp_timer_fine   timers_1.o
    0x08007ed4   0x08007ed4   0x00000168   Code   RO         8284    i.dns_check_entry   dns.o
    0x0800803c   0x0800803c   0x00000060   Code   RO         8288    i.dns_init          dns.o
    0x0800809c   0x0800809c   0x00000022   Code   RO         8289    i.dns_parse_name    dns.o
    0x080080be   0x080080be   0x00000002   PAD
    0x080080c0   0x080080c0   0x0000016c   Code   RO         8290    i.dns_recv          dns.o
    0x0800822c   0x0800822c   0x000001a4   Code   RO         8291    i.dns_send          dns.o
    0x080083d0   0x080083d0   0x00000024   Code   RO         8292    i.dns_setserver     dns.o
    0x080083f4   0x080083f4   0x0000001c   Code   RO         9152    i.dns_timer         timers_1.o
    0x08008410   0x08008410   0x00000020   Code   RO         8293    i.dns_tmr           dns.o
    0x08008430   0x08008430   0x00000118   Code   RO         7513    i.do_close          api_msg.o
    0x08008548   0x08008548   0x00000260   Code   RO         7514    i.do_close_internal  api_msg.o
    0x080087a8   0x080087a8   0x00000114   Code   RO         7515    i.do_connect        api_msg.o
    0x080088bc   0x080088bc   0x00000150   Code   RO         7516    i.do_connected      api_msg.o
    0x08008a0c   0x08008a0c   0x0000018c   Code   RO         7517    i.do_delconn        api_msg.o
    0x08008b98   0x08008b98   0x000000f4   Code   RO         7520    i.do_getaddr        api_msg.o
    0x08008c8c   0x08008c8c   0x00000020   Code   RO         7523    i.do_newconn        api_msg.o
    0x08008cac   0x08008cac   0x00000044   Code   RO         7524    i.do_recv           api_msg.o
    0x08008cf0   0x08008cf0   0x00000080   Code   RO         7525    i.do_send           api_msg.o
    0x08008d70   0x08008d70   0x000000fc   Code   RO         7526    i.do_write          api_msg.o
    0x08008e6c   0x08008e6c   0x00000294   Code   RO         7527    i.do_writemore      api_msg.o
    0x08009100   0x08009100   0x00000074   Code   RO         6000    i.eTaskGetState     tasks.o
    0x08009174   0x08009174   0x0000002c   Code   RO         9918    i.elog_init         elog.o
    0x080091a0   0x080091a0   0x00000374   Code   RO         9919    i.elog_output       elog.o
    0x08009514   0x08009514   0x00000020   Code   RO         9920    i.elog_output_lock  elog.o
    0x08009534   0x08009534   0x0000002c   Code   RO         9921    i.elog_output_lock_enabled  elog.o
    0x08009560   0x08009560   0x00000020   Code   RO         9922    i.elog_output_unlock  elog.o
    0x08009580   0x08009580   0x00000008   Code   RO         9859    i.elog_port_get_p_info  elog_port.o
    0x08009588   0x08009588   0x00000006   Code   RO         9860    i.elog_port_get_t_info  elog_port.o
    0x0800958e   0x0800958e   0x00000002   PAD
    0x08009590   0x08009590   0x00000028   Code   RO         9861    i.elog_port_get_time  elog_port.o
    0x080095b8   0x080095b8   0x00000004   Code   RO         9862    i.elog_port_init    elog_port.o
    0x080095bc   0x080095bc   0x00000010   Code   RO         9863    i.elog_port_output  elog_port.o
    0x080095cc   0x080095cc   0x00000002   Code   RO         9864    i.elog_port_output_lock  elog_port.o
    0x080095ce   0x080095ce   0x00000002   Code   RO         9865    i.elog_port_output_unlock  elog_port.o
    0x080095d0   0x080095d0   0x000000bc   Code   RO         9926    i.elog_set_filter_lvl  elog.o
    0x0800968c   0x0800968c   0x000000c4   Code   RO         9928    i.elog_set_fmt      elog.o
    0x08009750   0x08009750   0x0000008c   Code   RO         9931    i.elog_start        elog.o
    0x080097dc   0x080097dc   0x000000fc   Code   RO        10049    i.elog_strcpy       elog_utils.o
    0x080098d8   0x080098d8   0x0000008a   Code   RO         1331    i.ensure            cjson.o
    0x08009962   0x08009962   0x00000002   PAD
    0x08009964   0x08009964   0x00000174   Code   RO         7528    i.err_tcp           api_msg.o
    0x08009ad8   0x08009ad8   0x00000164   Code   RO         9564    i.etharp_arp_input  etharp.o
    0x08009c3c   0x08009c3c   0x00000030   Code   RO         9565    i.etharp_cleanup_netif  etharp.o
    0x08009c6c   0x08009c6c   0x0000023c   Code   RO         9567    i.etharp_find_entry  etharp.o
    0x08009ea8   0x08009ea8   0x0000003c   Code   RO         9568    i.etharp_free_entry  etharp.o
    0x08009ee4   0x08009ee4   0x000001b0   Code   RO         9569    i.etharp_output     etharp.o
    0x0800a094   0x0800a094   0x000000dc   Code   RO         9570    i.etharp_output_to_arp_index  etharp.o
    0x0800a170   0x0800a170   0x000001c4   Code   RO         9571    i.etharp_query      etharp.o
    0x0800a334   0x0800a334   0x00000178   Code   RO         9572    i.etharp_raw        etharp.o
    0x0800a4ac   0x0800a4ac   0x00000024   Code   RO         9573    i.etharp_request    etharp.o
    0x0800a4d0   0x0800a4d0   0x000000a0   Code   RO         9574    i.etharp_send_ip    etharp.o
    0x0800a570   0x0800a570   0x00000048   Code   RO         9575    i.etharp_tmr        etharp.o
    0x0800a5b8   0x0800a5b8   0x00000110   Code   RO         9576    i.etharp_update_arp_entry  etharp.o
    0x0800a6c8   0x0800a6c8   0x00000118   Code   RO         9577    i.ethernet_input    etharp.o
    0x0800a7e0   0x0800a7e0   0x0000009c   Code   RO         9658    i.ethernetif_init   ethernetif.o
    0x0800a87c   0x0800a87c   0x00000078   Code   RO         9659    i.ethernetif_input  ethernetif.o
    0x0800a8f4   0x0800a8f4   0x00000198   Code   RO         7802    i.event_callback    sockets.o
    0x0800aa8c   0x0800aa8c   0x00000024   Code   RO         2423    i.fputc             bsp_uart_fifo.o
    0x0800aab0   0x0800aab0   0x0000008c   Code   RO        10895    i.frexp             m_wm.l(frexp.o)
    0x0800ab3c   0x0800ab3c   0x000000c8   Code   RO         9932    i.get_fmt_enabled   elog.o
    0x0800ac04   0x0800ac04   0x0000007a   Code   RO         1333    i.get_object_item   cjson.o
    0x0800ac7e   0x0800ac7e   0x00000002   PAD
    0x0800ac80   0x0800ac80   0x0000001c   Code   RO         7803    i.get_socket        sockets.o
    0x0800ac9c   0x0800ac9c   0x00000008   Code   RO         9339    i.icmp_dest_unreach  icmp.o
    0x0800aca4   0x0800aca4   0x00000284   Code   RO         9340    i.icmp_input        icmp.o
    0x0800af28   0x0800af28   0x000000fc   Code   RO         9341    i.icmp_send_response  icmp.o
    0x0800b024   0x0800b024   0x00000008   Code   RO         9342    i.icmp_time_exceeded  icmp.o
    0x0800b02c   0x0800b02c   0x0000000c   Code   RO         9380    i.inet_chksum       inet_chksum.o
    0x0800b038   0x0800b038   0x00000048   Code   RO         9381    i.inet_chksum_pbuf  inet_chksum.o
    0x0800b080   0x0800b080   0x0000002e   Code   RO         9454    i.ip4_addr_isbroadcast  ip_addr.o
    0x0800b0ae   0x0800b0ae   0x00000002   PAD
    0x0800b0b0   0x0800b0b0   0x000001f8   Code   RO         9508    i.ip_frag           ip_frag.o
    0x0800b2a8   0x0800b2a8   0x00000084   Code   RO         9509    i.ip_frag_free_pbuf_custom_ref  ip_frag.o
    0x0800b32c   0x0800b32c   0x00000178   Code   RO         9415    i.ip_input          ip.o
    0x0800b4a4   0x0800b4a4   0x000000a8   Code   RO         9416    i.ip_output         ip.o
    0x0800b54c   0x0800b54c   0x00000164   Code   RO         9417    i.ip_output_if      ip.o
    0x0800b6b0   0x0800b6b0   0x000001a4   Code   RO         9510    i.ip_reass          ip_frag.o
    0x0800b854   0x0800b854   0x00000274   Code   RO         9511    i.ip_reass_chain_frag_into_datagram_and_validate  ip_frag.o
    0x0800bac8   0x0800bac8   0x000000ac   Code   RO         9512    i.ip_reass_dequeue_datagram  ip_frag.o
    0x0800bb74   0x0800bb74   0x00000184   Code   RO         9513    i.ip_reass_free_complete_datagram  ip_frag.o
    0x0800bcf8   0x0800bcf8   0x00000074   Code   RO         9514    i.ip_reass_remove_oldest_datagram  ip_frag.o
    0x0800bd6c   0x0800bd6c   0x0000001c   Code   RO         9153    i.ip_reass_timer    timers_1.o
    0x0800bd88   0x0800bd88   0x0000002c   Code   RO         9515    i.ip_reass_tmr      ip_frag.o
    0x0800bdb4   0x0800bdb4   0x00000040   Code   RO         9418    i.ip_route          ip.o
    0x0800bdf4   0x0800bdf4   0x00000014   Code   RO         9456    i.ipaddr_addr       ip_addr.o
    0x0800be08   0x0800be08   0x0000016c   Code   RO         9457    i.ipaddr_aton       ip_addr.o
    0x0800bf74   0x0800bf74   0x0000008c   Code   RO         9516    i.ipfrag_free_pbuf_custom  ip_frag.o
    0x0800c000   0x0800c000   0x00000094   Code   RO         9660    i.low_level_init    ethernetif.o
    0x0800c094   0x0800c094   0x00000034   Code   RO         9661    i.low_level_output  ethernetif.o
    0x0800c0c8   0x0800c0c8   0x000000d4   Code   RO         7806    i.lwip_close        sockets.o
    0x0800c19c   0x0800c19c   0x00000050   Code   RO         7232    i.lwip_comm_default_ip_set  lwip_comm.o
    0x0800c1ec   0x0800c1ec   0x0000003c   Code   RO         7233    i.lwip_comm_dhcp_creat  lwip_comm.o
    0x0800c228   0x0800c228   0x0000001c   Code   RO         7234    i.lwip_comm_dhcp_delete  lwip_comm.o
    0x0800c244   0x0800c244   0x00000088   Code   RO         7235    i.lwip_comm_init    lwip_comm.o
    0x0800c2cc   0x0800c2cc   0x00000038   Code   RO         7236    i.lwip_comm_mem_free  lwip_comm.o
    0x0800c304   0x0800c304   0x00000060   Code   RO         7237    i.lwip_comm_mem_malloc  lwip_comm.o
    0x0800c364   0x0800c364   0x000000e0   Code   RO         7807    i.lwip_connect      sockets.o
    0x0800c444   0x0800c444   0x000002e8   Code   RO         7238    i.lwip_dhcp_task    lwip_comm.o
    0x0800c72c   0x0800c72c   0x00000004   Code   RO         8077    i.lwip_htonl        def.o
    0x0800c730   0x0800c730   0x00000004   Code   RO         8078    i.lwip_htons        def.o
    0x0800c734   0x0800c734   0x0000002a   Code   RO         8348    i.lwip_init         init.o
    0x0800c75e   0x0800c75e   0x00000004   Code   RO         8079    i.lwip_ntohl        def.o
    0x0800c762   0x0800c762   0x00000004   Code   RO         8080    i.lwip_ntohs        def.o
    0x0800c766   0x0800c766   0x00000002   PAD
    0x0800c768   0x0800c768   0x0000000c   Code   RO         7239    i.lwip_pkt_handle   lwip_comm.o
    0x0800c774   0x0800c774   0x0000000e   Code   RO         7817    i.lwip_recv         sockets.o
    0x0800c782   0x0800c782   0x00000002   PAD
    0x0800c784   0x0800c784   0x00000264   Code   RO         7818    i.lwip_recvfrom     sockets.o
    0x0800c9e8   0x0800c9e8   0x00000380   Code   RO         7819    i.lwip_select       sockets.o
    0x0800cd68   0x0800cd68   0x00000170   Code   RO         7820    i.lwip_selscan      sockets.o
    0x0800ced8   0x0800ced8   0x00000078   Code   RO         7821    i.lwip_send         sockets.o
    0x0800cf50   0x0800cf50   0x00000168   Code   RO         7822    i.lwip_sendto       sockets.o
    0x0800d0b8   0x0800d0b8   0x00000070   Code   RO         7825    i.lwip_shutdown     sockets.o
    0x0800d128   0x0800d128   0x0000006c   Code   RO         7826    i.lwip_socket       sockets.o
    0x0800d194   0x0800d194   0x00000002   Code   RO         7827    i.lwip_socket_init  sockets.o
    0x0800d196   0x0800d196   0x00000056   Code   RO         9384    i.lwip_standard_chksum  inet_chksum.o
    0x0800d1ec   0x0800d1ec   0x00000006   Code   RO         7828    i.lwip_write        sockets.o
    0x0800d1f2   0x0800d1f2   0x00000002   PAD
    0x0800d1f4   0x0800d1f4   0x00000114   Code   RO            5    i.main              main.o
    0x0800d308   0x0800d308   0x00000130   Code   RO         8388    i.mem_free          mem.o
    0x0800d438   0x0800d438   0x000000bc   Code   RO         8389    i.mem_init          mem.o
    0x0800d4f4   0x0800d4f4   0x00000208   Code   RO         8390    i.mem_malloc        mem.o
    0x0800d6fc   0x0800d6fc   0x00000038   Code   RO         1837    i.mem_perused       malloc.o
    0x0800d734   0x0800d734   0x0000019c   Code   RO         8391    i.mem_trim          mem.o
    0x0800d8d0   0x0800d8d0   0x000000a8   Code   RO         8431    i.memp_free         memp.o
    0x0800d978   0x0800d978   0x00000006   Code   RO         8432    i.memp_get_memorysize  memp.o
    0x0800d97e   0x0800d97e   0x00000002   PAD
    0x0800d980   0x0800d980   0x0000005c   Code   RO         8433    i.memp_init         memp.o
    0x0800d9dc   0x0800d9dc   0x000000e4   Code   RO         8434    i.memp_malloc       memp.o
    0x0800dac0   0x0800dac0   0x000000dc   Code   RO          855    i.mqtt_pktype_ctl   mqttclient.o
    0x0800db9c   0x0800db9c   0x000001d0   Code   RO          856    i.mqtt_send         mqttclient.o
    0x0800dd6c   0x0800dd6c   0x00000158   Code   RO          857    i.mqtt_thread       mqttclient.o
    0x0800dec4   0x0800dec4   0x00000040   Code   RO          858    i.mqtt_thread_init  mqttclient.o
    0x0800df04   0x0800df04   0x00000008   Code   RO         1838    i.my_free           malloc.o
    0x0800df0c   0x0800df0c   0x00000008   Code   RO         1839    i.my_malloc         malloc.o
    0x0800df14   0x0800df14   0x0000000a   Code   RO         1840    i.my_realloc        malloc.o
    0x0800df1e   0x0800df1e   0x00000002   PAD
    0x0800df20   0x0800df20   0x00000018   Code   RO         1841    i.myfree            malloc.o
    0x0800df38   0x0800df38   0x00000020   Code   RO         1842    i.mymalloc          malloc.o
    0x0800df58   0x0800df58   0x00000058   Code   RO         1843    i.mymem_free        malloc.o
    0x0800dfb0   0x0800dfb0   0x0000003c   Code   RO         1844    i.mymem_init        malloc.o
    0x0800dfec   0x0800dfec   0x00000090   Code   RO         1845    i.mymem_malloc      malloc.o
    0x0800e07c   0x0800e07c   0x00000010   Code   RO         1846    i.mymemcpy          malloc.o
    0x0800e08c   0x0800e08c   0x0000000c   Code   RO         1847    i.mymemset          malloc.o
    0x0800e098   0x0800e098   0x0000003c   Code   RO         1848    i.myrealloc         malloc.o
    0x0800e0d4   0x0800e0d4   0x00000022   Code   RO         7695    i.netbuf_delete     netbuf.o
    0x0800e0f6   0x0800e0f6   0x00000002   PAD
    0x0800e0f8   0x0800e0f8   0x00000098   Code   RO         7697    i.netbuf_free       netbuf.o
    0x0800e190   0x0800e190   0x000000bc   Code   RO         7700    i.netbuf_ref        netbuf.o
    0x0800e24c   0x0800e24c   0x0000010c   Code   RO         7529    i.netconn_alloc     api_msg.o
    0x0800e358   0x0800e358   0x000000bc   Code   RO         7369    i.netconn_close_shutdown  api_lib.o
    0x0800e414   0x0800e414   0x000000c0   Code   RO         7370    i.netconn_connect   api_lib.o
    0x0800e4d4   0x0800e4d4   0x00000024   Code   RO         7371    i.netconn_delete    api_lib.o
    0x0800e4f8   0x0800e4f8   0x00000134   Code   RO         7530    i.netconn_drain     api_msg.o
    0x0800e62c   0x0800e62c   0x00000164   Code   RO         7531    i.netconn_free      api_msg.o
    0x0800e790   0x0800e790   0x00000118   Code   RO         7373    i.netconn_getaddr   api_lib.o
    0x0800e8a8   0x0800e8a8   0x0000016c   Code   RO         7376    i.netconn_new_with_proto_and_callback  api_lib.o
    0x0800ea14   0x0800ea14   0x00000184   Code   RO         7377    i.netconn_recv      api_lib.o
    0x0800eb98   0x0800eb98   0x000001c8   Code   RO         7378    i.netconn_recv_data  api_lib.o
    0x0800ed60   0x0800ed60   0x00000098   Code   RO         7379    i.netconn_recv_tcp_pbuf  api_lib.o
    0x0800edf8   0x0800edf8   0x0000002c   Code   RO         7380    i.netconn_recved    api_lib.o
    0x0800ee24   0x0800ee24   0x000000bc   Code   RO         7381    i.netconn_send      api_lib.o
    0x0800eee0   0x0800eee0   0x0000000e   Code   RO         7383    i.netconn_shutdown  api_lib.o
    0x0800eeee   0x0800eeee   0x00000002   PAD
    0x0800eef0   0x0800eef0   0x0000013c   Code   RO         7384    i.netconn_write_partly  api_lib.o
    0x0800f02c   0x0800f02c   0x000000d0   Code   RO         8483    i.netif_add         netif.o
    0x0800f0fc   0x0800f0fc   0x00000002   Code   RO         8485    i.netif_init        netif.o
    0x0800f0fe   0x0800f0fe   0x00000020   Code   RO         8487    i.netif_set_addr    netif.o
    0x0800f11e   0x0800f11e   0x00000002   PAD
    0x0800f120   0x0800f120   0x0000000c   Code   RO         8488    i.netif_set_default  netif.o
    0x0800f12c   0x0800f12c   0x0000001a   Code   RO         8489    i.netif_set_down    netif.o
    0x0800f146   0x0800f146   0x00000008   Code   RO         8490    i.netif_set_gw      netif.o
    0x0800f14e   0x0800f14e   0x00000002   PAD
    0x0800f150   0x0800f150   0x00000068   Code   RO         8491    i.netif_set_ipaddr  netif.o
    0x0800f1b8   0x0800f1b8   0x00000008   Code   RO         8494    i.netif_set_netmask  netif.o
    0x0800f1c0   0x0800f1c0   0x00000020   Code   RO         8495    i.netif_set_up      netif.o
    0x0800f1e0   0x0800f1e0   0x000000cc   Code   RO         1335    i.parse_array       cjson.o
    0x0800f2ac   0x0800f2ac   0x00000040   Code   RO         1336    i.parse_hex4        cjson.o
    0x0800f2ec   0x0800f2ec   0x00000100   Code   RO         1337    i.parse_number      cjson.o
    0x0800f3ec   0x0800f3ec   0x00000106   Code   RO         1338    i.parse_object      cjson.o
    0x0800f4f2   0x0800f4f2   0x00000126   Code   RO         1339    i.parse_string      cjson.o
    0x0800f618   0x0800f618   0x000000fc   Code   RO         1340    i.parse_value       cjson.o
    0x0800f714   0x0800f714   0x00000364   Code   RO         8573    i.pbuf_alloc        pbuf.o
    0x0800fa78   0x0800fa78   0x000000d8   Code   RO         8574    i.pbuf_alloced_custom  pbuf.o
    0x0800fb50   0x0800fb50   0x00000128   Code   RO         8575    i.pbuf_cat          pbuf.o
    0x0800fc78   0x0800fc78   0x00000012   Code   RO         8576    i.pbuf_chain        pbuf.o
    0x0800fc8a   0x0800fc8a   0x00000012   Code   RO         8577    i.pbuf_clen         pbuf.o
    0x0800fc9c   0x0800fc9c   0x000001e0   Code   RO         8579    i.pbuf_copy         pbuf.o
    0x0800fe7c   0x0800fe7c   0x00000114   Code   RO         8580    i.pbuf_copy_partial  pbuf.o
    0x0800ff90   0x0800ff90   0x0000016c   Code   RO         8582    i.pbuf_free         pbuf.o
    0x080100fc   0x080100fc   0x00000034   Code   RO         8583    i.pbuf_free_ooseq_callback  pbuf.o
    0x08010130   0x08010130   0x00000118   Code   RO         8585    i.pbuf_header       pbuf.o
    0x08010248   0x08010248   0x00000040   Code   RO         8588    i.pbuf_pool_is_empty  pbuf.o
    0x08010288   0x08010288   0x00000188   Code   RO         8589    i.pbuf_realloc      pbuf.o
    0x08010410   0x08010410   0x0000001a   Code   RO         8590    i.pbuf_ref          pbuf.o
    0x0801042a   0x0801042a   0x00000002   PAD
    0x0801042c   0x0801042c   0x00000020   Code   RO         6001    i.pcTaskGetName     tasks.o
    0x0801044c   0x0801044c   0x00000108   Code   RO         7532    i.pcb_new           api_msg.o
    0x08010554   0x08010554   0x0000016c   Code   RO         8392    i.plug_holes        mem.o
    0x080106c0   0x080106c0   0x000000cc   Code   RO         7533    i.poll_tcp          api_msg.o
    0x0801078c   0x0801078c   0x00000098   Code   RO         1341    i.print             cjson.o
    0x08010824   0x08010824   0x00000096   Code   RO         1342    i.print_array       cjson.o
    0x080108ba   0x080108ba   0x00000002   PAD
    0x080108bc   0x080108bc   0x000000a8   Code   RO         1343    i.print_number      cjson.o
    0x08010964   0x08010964   0x00000136   Code   RO         1344    i.print_object      cjson.o
    0x08010a9a   0x08010a9a   0x00000002   PAD
    0x08010a9c   0x08010a9c   0x00000110   Code   RO         1345    i.print_string_ptr  cjson.o
    0x08010bac   0x08010bac   0x000000d0   Code   RO         1346    i.print_value       cjson.o
    0x08010c7c   0x08010c7c   0x00000070   Code   RO         6002    i.prvAddCurrentTaskToDelayedList  tasks.o
    0x08010cec   0x08010cec   0x000000d4   Code   RO         6003    i.prvAddNewTaskToReadyList  tasks.o
    0x08010dc0   0x08010dc0   0x00000050   Code   RO         6355    i.prvCheckForValidListAndQueue  timers.o
    0x08010e10   0x08010e10   0x00000026   Code   RO         5654    i.prvCopyDataFromQueue  queue.o
    0x08010e36   0x08010e36   0x0000006c   Code   RO         5655    i.prvCopyDataToQueue  queue.o
    0x08010ea2   0x08010ea2   0x00000014   Code   RO         6004    i.prvDeleteTCB      tasks.o
    0x08010eb6   0x08010eb6   0x00000002   PAD
    0x08010eb8   0x08010eb8   0x0000004c   Code   RO         6568    i.prvHeapInit       heap_4.o
    0x08010f04   0x08010f04   0x0000005c   Code   RO         6005    i.prvIdleTask       tasks.o
    0x08010f60   0x08010f60   0x000000ae   Code   RO         6006    i.prvInitialiseNewTask  tasks.o
    0x0801100e   0x0801100e   0x00000002   PAD
    0x08011010   0x08011010   0x0000004c   Code   RO         6569    i.prvInsertBlockIntoFreeList  heap_4.o
    0x0801105c   0x0801105c   0x00000038   Code   RO         6356    i.prvInsertTimerInActiveList  timers.o
    0x08011094   0x08011094   0x0000001a   Code   RO         5656    i.prvIsQueueEmpty   queue.o
    0x080110ae   0x080110ae   0x00000056   Code   RO         6007    i.prvListTasksWithinSingleList  tasks.o
    0x08011104   0x08011104   0x000000f0   Code   RO         6357    i.prvProcessReceivedCommands  timers.o
    0x080111f4   0x080111f4   0x000000c0   Code   RO         6358    i.prvProcessTimerOrBlockTask  timers.o
    0x080112b4   0x080112b4   0x00000020   Code   RO         6008    i.prvResetNextTaskUnblockTime  tasks.o
    0x080112d4   0x080112d4   0x00000028   Code   RO         6359    i.prvSampleTimeNow  timers.o
    0x080112fc   0x080112fc   0x0000006c   Code   RO         6360    i.prvSwitchTimerLists  timers.o
    0x08011368   0x08011368   0x00000028   Code   RO         6492    i.prvTaskExitError  port.o
    0x08011390   0x08011390   0x00000028   Code   RO         6361    i.prvTimerTask      timers.o
    0x080113b8   0x080113b8   0x0000006a   Code   RO         5657    i.prvUnlockQueue    queue.o
    0x08011422   0x08011422   0x00000022   Code   RO         6010    i.prvWriteNameToBuffer  tasks.o
    0x08011444   0x08011444   0x000000d8   Code   RO         6570    i.pvPortMalloc      heap_4.o
    0x0801151c   0x0801151c   0x00000018   Code   RO         6011    i.pvTaskIncrementMutexHeldCount  tasks.o
    0x08011534   0x08011534   0x0000002c   Code   RO         6493    i.pxPortInitialiseStack  port.o
    0x08011560   0x08011560   0x0000000a   Code   RO         8712    i.raw_connect       raw.o
    0x0801156a   0x0801156a   0x00000002   PAD
    0x0801156c   0x0801156c   0x00000074   Code   RO         8713    i.raw_input         raw.o
    0x080115e0   0x080115e0   0x0000002c   Code   RO         8714    i.raw_new           raw.o
    0x0801160c   0x0801160c   0x00000006   Code   RO         8715    i.raw_recv          raw.o
    0x08011612   0x08011612   0x00000002   PAD
    0x08011614   0x08011614   0x0000002c   Code   RO         8716    i.raw_remove        raw.o
    0x08011640   0x08011640   0x00000006   Code   RO         8717    i.raw_send          raw.o
    0x08011646   0x08011646   0x00000002   PAD
    0x08011648   0x08011648   0x00000118   Code   RO         8718    i.raw_sendto        raw.o
    0x08011760   0x08011760   0x0000000c   Code   RO        10224    i.readChar          mqttpacket.o
    0x0801176c   0x0801176c   0x00000012   Code   RO        10225    i.readInt           mqttpacket.o
    0x0801177e   0x0801177e   0x00000034   Code   RO        10226    i.readMQTTLenString  mqttpacket.o
    0x080117b2   0x080117b2   0x00000002   PAD
    0x080117b4   0x080117b4   0x00000078   Code   RO         7534    i.recv_raw          api_msg.o
    0x0801182c   0x0801182c   0x00000158   Code   RO         7535    i.recv_tcp          api_msg.o
    0x08011984   0x08011984   0x00000158   Code   RO         7536    i.recv_udp          api_msg.o
    0x08011adc   0x08011adc   0x000000cc   Code   RO         7537    i.sent_tcp          api_msg.o
    0x08011ba8   0x08011ba8   0x00000044   Code   RO         7538    i.setup_tcp         api_msg.o
    0x08011bec   0x08011bec   0x0000016c   Code   RO            6    i.show_address      main.o
    0x08011d58   0x08011d58   0x0000004c   Code   RO         9707    i.sys_arch_mbox_fetch  sys_arch.o
    0x08011da4   0x08011da4   0x0000001c   Code   RO         9708    i.sys_arch_mbox_tryfetch  sys_arch.o
    0x08011dc0   0x08011dc0   0x0000002c   Code   RO         9709    i.sys_arch_protect  sys_arch.o
    0x08011dec   0x08011dec   0x0000003a   Code   RO         9710    i.sys_arch_sem_wait  sys_arch.o
    0x08011e26   0x08011e26   0x00000002   PAD
    0x08011e28   0x08011e28   0x00000018   Code   RO         9712    i.sys_arch_unprotect  sys_arch.o
    0x08011e40   0x08011e40   0x00000024   Code   RO         9714    i.sys_init          sys_arch.o
    0x08011e64   0x08011e64   0x00000014   Code   RO         9715    i.sys_mbox_free     sys_arch.o
    0x08011e78   0x08011e78   0x0000001c   Code   RO         9716    i.sys_mbox_new      sys_arch.o
    0x08011e94   0x08011e94   0x0000001a   Code   RO         9717    i.sys_mbox_post     sys_arch.o
    0x08011eae   0x08011eae   0x00000006   Code   RO         9718    i.sys_mbox_set_invalid  sys_arch.o
    0x08011eb4   0x08011eb4   0x00000060   Code   RO         9719    i.sys_mbox_trypost  sys_arch.o
    0x08011f14   0x08011f14   0x0000000a   Code   RO         9720    i.sys_mbox_valid    sys_arch.o
    0x08011f1e   0x08011f1e   0x00000006   Code   RO         9721    i.sys_sem_free      sys_arch.o
    0x08011f24   0x08011f24   0x00000036   Code   RO         9722    i.sys_sem_new       sys_arch.o
    0x08011f5a   0x08011f5a   0x00000006   Code   RO         9723    i.sys_sem_set_invalid  sys_arch.o
    0x08011f60   0x08011f60   0x0000000c   Code   RO         9724    i.sys_sem_signal    sys_arch.o
    0x08011f6c   0x08011f6c   0x0000000a   Code   RO         9725    i.sys_sem_valid     sys_arch.o
    0x08011f76   0x08011f76   0x00000002   PAD
    0x08011f78   0x08011f78   0x00000044   Code   RO         9726    i.sys_thread_new    sys_arch.o
    0x08011fbc   0x08011fbc   0x00000100   Code   RO         9154    i.sys_timeout       timers_1.o
    0x080120bc   0x080120bc   0x00000054   Code   RO         9155    i.sys_timeouts_init  timers_1.o
    0x08012110   0x08012110   0x00000064   Code   RO         9156    i.sys_timeouts_mbox_fetch  timers_1.o
    0x08012174   0x08012174   0x00000048   Code   RO         9157    i.sys_untimeout     timers_1.o
    0x080121bc   0x080121bc   0x00000130   Code   RO         8773    i.tcp_abandon       tcp.o
    0x080122ec   0x080122ec   0x00000006   Code   RO         8774    i.tcp_abort         tcp.o
    0x080122f2   0x080122f2   0x00000004   Code   RO         8775    i.tcp_accept        tcp.o
    0x080122f6   0x080122f6   0x00000002   PAD
    0x080122f8   0x080122f8   0x000000f8   Code   RO         8777    i.tcp_alloc         tcp.o
    0x080123f0   0x080123f0   0x00000004   Code   RO         8778    i.tcp_arg           tcp.o
    0x080123f4   0x080123f4   0x00000014   Code   RO         8780    i.tcp_close         tcp.o
    0x08012408   0x08012408   0x000001a4   Code   RO         8781    i.tcp_close_shutdown  tcp.o
    0x080125ac   0x080125ac   0x0000018c   Code   RO         8782    i.tcp_connect       tcp.o
    0x08012738   0x08012738   0x0000009c   Code   RO         9051    i.tcp_create_segment  tcp_out.o
    0x080127d4   0x080127d4   0x00000020   Code   RO         8784    i.tcp_eff_send_mss  tcp.o
    0x080127f4   0x080127f4   0x00000220   Code   RO         9052    i.tcp_enqueue_flags  tcp_out.o
    0x08012a14   0x08012a14   0x00000098   Code   RO         8785    i.tcp_err           tcp.o
    0x08012aac   0x08012aac   0x0000005c   Code   RO         8786    i.tcp_fasttmr       tcp.o
    0x08012b08   0x08012b08   0x00000002   Code   RO         8787    i.tcp_init          tcp.o
    0x08012b0a   0x08012b0a   0x00000002   PAD
    0x08012b0c   0x08012b0c   0x00000510   Code   RO         8995    i.tcp_input         tcp_in.o
    0x0801301c   0x0801301c   0x0000003c   Code   RO         9053    i.tcp_keepalive     tcp_out.o
    0x08013058   0x08013058   0x000000e4   Code   RO         8996    i.tcp_listen_input  tcp_in.o
    0x0801313c   0x0801313c   0x00000006   Code   RO         8789    i.tcp_new           tcp.o
    0x08013142   0x08013142   0x00000002   PAD
    0x08013144   0x08013144   0x0000005c   Code   RO         8790    i.tcp_new_port      tcp.o
    0x080131a0   0x080131a0   0x00000010   Code   RO         8791    i.tcp_next_iss      tcp.o
    0x080131b0   0x080131b0   0x00000078   Code   RO         8997    i.tcp_oos_insert_segment  tcp_in.o
    0x08013228   0x08013228   0x0000024c   Code   RO         9054    i.tcp_output        tcp_out.o
    0x08013474   0x08013474   0x00000104   Code   RO         9055    i.tcp_output_alloc_header  tcp_out.o
    0x08013578   0x08013578   0x000000b0   Code   RO         9056    i.tcp_output_segment  tcp_out.o
    0x08013628   0x08013628   0x00000080   Code   RO         8998    i.tcp_parseopt      tcp_in.o
    0x080136a8   0x080136a8   0x000000d0   Code   RO         9057    i.tcp_pbuf_prealloc  tcp_out.o
    0x08013778   0x08013778   0x00000042   Code   RO         8792    i.tcp_pcb_purge     tcp.o
    0x080137ba   0x080137ba   0x00000002   PAD
    0x080137bc   0x080137bc   0x00000130   Code   RO         8793    i.tcp_pcb_remove    tcp.o
    0x080138ec   0x080138ec   0x00000098   Code   RO         8794    i.tcp_poll          tcp.o
    0x08013984   0x08013984   0x00000420   Code   RO         8999    i.tcp_process       tcp_in.o
    0x08013da4   0x08013da4   0x00000068   Code   RO         8795    i.tcp_process_refused_data  tcp.o
    0x08013e0c   0x08013e0c   0x00000a3e   Code   RO         9000    i.tcp_receive       tcp_in.o
    0x0801484a   0x0801484a   0x00000002   PAD
    0x0801484c   0x0801484c   0x00000098   Code   RO         8796    i.tcp_recv          tcp.o
    0x080148e4   0x080148e4   0x00000024   Code   RO         8797    i.tcp_recv_null     tcp.o
    0x08014908   0x08014908   0x00000104   Code   RO         8798    i.tcp_recved        tcp.o
    0x08014a0c   0x08014a0c   0x00000052   Code   RO         9058    i.tcp_rexmit        tcp_out.o
    0x08014a5e   0x08014a5e   0x00000058   Code   RO         9059    i.tcp_rexmit_fast   tcp_out.o
    0x08014ab6   0x08014ab6   0x0000002e   Code   RO         9060    i.tcp_rexmit_rto    tcp_out.o
    0x08014ae4   0x08014ae4   0x00000110   Code   RO         9061    i.tcp_rst           tcp_out.o
    0x08014bf4   0x08014bf4   0x00000024   Code   RO         8799    i.tcp_seg_copy      tcp.o
    0x08014c18   0x08014c18   0x0000001c   Code   RO         8800    i.tcp_seg_free      tcp.o
    0x08014c34   0x08014c34   0x00000012   Code   RO         8801    i.tcp_segs_free     tcp.o
    0x08014c46   0x08014c46   0x00000048   Code   RO         9062    i.tcp_send_empty_ack  tcp_out.o
    0x08014c8e   0x08014c8e   0x00000046   Code   RO         9063    i.tcp_send_fin      tcp_out.o
    0x08014cd4   0x08014cd4   0x00000098   Code   RO         8802    i.tcp_sent          tcp.o
    0x08014d6c   0x08014d6c   0x0000004e   Code   RO         8804    i.tcp_shutdown      tcp.o
    0x08014dba   0x08014dba   0x00000002   PAD
    0x08014dbc   0x08014dbc   0x000004d4   Code   RO         8805    i.tcp_slowtmr       tcp.o
    0x08015290   0x08015290   0x00000034   Code   RO         9158    i.tcp_timer_needed  timers_1.o
    0x080152c4   0x080152c4   0x0000006c   Code   RO         9001    i.tcp_timewait_input  tcp_in.o
    0x08015330   0x08015330   0x00000020   Code   RO         8806    i.tcp_tmr           tcp.o
    0x08015350   0x08015350   0x000000b8   Code   RO         8807    i.tcp_update_rcv_ann_wnd  tcp.o
    0x08015408   0x08015408   0x000005f8   Code   RO         9064    i.tcp_write         tcp_out.o
    0x08015a00   0x08015a00   0x00000134   Code   RO         9065    i.tcp_write_checks  tcp_out.o
    0x08015b34   0x08015b34   0x00000092   Code   RO         9066    i.tcp_zero_window_probe  tcp_out.o
    0x08015bc6   0x08015bc6   0x00000002   PAD
    0x08015bc8   0x08015bc8   0x00000040   Code   RO         7980    i.tcpip_apimsg      tcpip.o
    0x08015c08   0x08015c08   0x0000005c   Code   RO         7981    i.tcpip_callback_with_block  tcpip.o
    0x08015c64   0x08015c64   0x000000c8   Code   RO         7984    i.tcpip_init        tcpip.o
    0x08015d2c   0x08015d2c   0x0000004c   Code   RO         7985    i.tcpip_input       tcpip.o
    0x08015d78   0x08015d78   0x00000038   Code   RO         9159    i.tcpip_tcp_timer   timers_1.o
    0x08015db0   0x08015db0   0x00000100   Code   RO         7986    i.tcpip_thread      tcpip.o
    0x08015eb0   0x08015eb0   0x00000028   Code   RO        10450    i.transport_close   transport.o
    0x08015ed8   0x08015ed8   0x00000014   Code   RO        10451    i.transport_getdata  transport.o
    0x08015eec   0x08015eec   0x000000d8   Code   RO        10452    i.transport_open    transport.o
    0x08015fc4   0x08015fc4   0x00000010   Code   RO        10453    i.transport_sendPacketBuffer  transport.o
    0x08015fd4   0x08015fd4   0x00000020   Code   RO         7829    i.tryget_socket     sockets.o
    0x08015ff4   0x08015ff4   0x00000120   Code   RO         9244    i.udp_bind          udp.o
    0x08016114   0x08016114   0x0000004c   Code   RO         9245    i.udp_connect       udp.o
    0x08016160   0x08016160   0x00000002   Code   RO         9247    i.udp_init          udp.o
    0x08016162   0x08016162   0x00000002   PAD
    0x08016164   0x08016164   0x0000020c   Code   RO         9248    i.udp_input         udp.o
    0x08016370   0x08016370   0x0000001a   Code   RO         9249    i.udp_new           udp.o
    0x0801638a   0x0801638a   0x00000006   Code   RO         9250    i.udp_recv          udp.o
    0x08016390   0x08016390   0x0000002c   Code   RO         9251    i.udp_remove        udp.o
    0x080163bc   0x080163bc   0x00000008   Code   RO         9252    i.udp_send          udp.o
    0x080163c4   0x080163c4   0x00000028   Code   RO         9253    i.udp_sendto        udp.o
    0x080163ec   0x080163ec   0x0000014c   Code   RO         9254    i.udp_sendto_if     udp.o
    0x08016538   0x08016538   0x0000001c   Code   RO         1348    i.update_offset     cjson.o
    0x08016554   0x08016554   0x000000d0   Code   RO         1349    i.utf16_literal_to_utf8  cjson.o
    0x08016624   0x08016624   0x00000026   Code   RO         5617    i.uxListRemove      list.o
    0x0801664a   0x0801664a   0x00000024   Code   RO         5660    i.uxQueueMessagesWaiting  queue.o
    0x0801666e   0x0801666e   0x00000002   PAD
    0x08016670   0x08016670   0x000000b0   Code   RO         6014    i.uxTaskGetSystemState  tasks.o
    0x08016720   0x08016720   0x00000016   Code   RO         5618    i.vListInitialise   list.o
    0x08016736   0x08016736   0x00000006   Code   RO         5619    i.vListInitialiseItem  list.o
    0x0801673c   0x0801673c   0x00000030   Code   RO         5620    i.vListInsert       list.o
    0x0801676c   0x0801676c   0x00000018   Code   RO         5621    i.vListInsertEnd    list.o
    0x08016784   0x08016784   0x00000040   Code   RO         6495    i.vPortEnterCritical  port.o
    0x080167c4   0x080167c4   0x00000028   Code   RO         6496    i.vPortExitCritical  port.o
    0x080167ec   0x080167ec   0x0000005c   Code   RO         6571    i.vPortFree         heap_4.o
    0x08016848   0x08016848   0x00000024   Code   RO         6497    i.vPortSetupTimerInterrupt  port.o
    0x0801686c   0x0801686c   0x00000054   Code   RO         6498    i.vPortValidateInterruptPriority  port.o
    0x080168c0   0x080168c0   0x00000024   Code   RO         5663    i.vQueueAddToRegistry  queue.o
    0x080168e4   0x080168e4   0x00000024   Code   RO         5664    i.vQueueDelete      queue.o
    0x08016908   0x08016908   0x00000028   Code   RO         5666    i.vQueueUnregisterQueue  queue.o
    0x08016930   0x08016930   0x00000044   Code   RO         5667    i.vQueueWaitForMessageRestricted  queue.o
    0x08016974   0x08016974   0x00000090   Code   RO            7    i.vTaskAppCreate    main.o
    0x08016a04   0x08016a04   0x0000004c   Code   RO         6019    i.vTaskDelay        tasks.o
    0x08016a50   0x08016a50   0x000000ac   Code   RO         6021    i.vTaskDelete       tasks.o
    0x08016afc   0x08016afc   0x00000080   Code   RO         6023    i.vTaskGetInfo      tasks.o
    0x08016b7c   0x08016b7c   0x000000a4   Code   RO         6024    i.vTaskGetRunTimeStats  tasks.o
    0x08016c20   0x08016c20   0x00000010   Code   RO         6025    i.vTaskInternalSetTimeOutState  tasks.o
    0x08016c30   0x08016c30   0x0000025c   Code   RO            8    i.vTaskKey          main.o
    0x08016e8c   0x08016e8c   0x000000ac   Code   RO            9    i.vTaskLed          main.o
    0x08016f38   0x08016f38   0x000000a8   Code   RO         6026    i.vTaskList         tasks.o
    0x08016fe0   0x08016fe0   0x00000028   Code   RO           10    i.vTaskLwip         main.o
    0x08017008   0x08017008   0x0000000c   Code   RO         6027    i.vTaskMissedYield  tasks.o
    0x08017014   0x08017014   0x00000030   Code   RO         6029    i.vTaskPlaceOnEventList  tasks.o
    0x08017044   0x08017044   0x00000038   Code   RO         6030    i.vTaskPlaceOnEventListRestricted  tasks.o
    0x0801707c   0x0801707c   0x000000ac   Code   RO         6032    i.vTaskPriorityDisinheritAfterTimeout  tasks.o
    0x08017128   0x08017128   0x00000070   Code   RO         6034    i.vTaskRemoveFromUnorderedEventList  tasks.o
    0x08017198   0x08017198   0x00000078   Code   RO         6038    i.vTaskStartScheduler  tasks.o
    0x08017210   0x08017210   0x000000bc   Code   RO         6039    i.vTaskSuspend      tasks.o
    0x080172cc   0x080172cc   0x00000010   Code   RO         6040    i.vTaskSuspendAll   tasks.o
    0x080172dc   0x080172dc   0x00000078   Code   RO         6041    i.vTaskSwitchContext  tasks.o
    0x08017354   0x08017354   0x00000028   Code   RO        10227    i.writeCString      mqttpacket.o
    0x0801737c   0x0801737c   0x0000000c   Code   RO        10228    i.writeChar         mqttpacket.o
    0x08017388   0x08017388   0x0000001e   Code   RO        10229    i.writeInt          mqttpacket.o
    0x080173a6   0x080173a6   0x00000036   Code   RO        10230    i.writeMQTTString   mqttpacket.o
    0x080173dc   0x080173dc   0x0000001a   Code   RO         5532    i.xEventGroupCreate  event_groups.o
    0x080173f6   0x080173f6   0x0000008c   Code   RO         5534    i.xEventGroupSetBits  event_groups.o
    0x08017482   0x08017482   0x00000002   PAD
    0x08017484   0x08017484   0x000000f4   Code   RO         6499    i.xPortStartScheduler  port.o
    0x08017578   0x08017578   0x0000002c   Code   RO         6500    i.xPortSysTickHandler  port.o
    0x080175a4   0x080175a4   0x00000024   Code   RO         5669    i.xQueueCreateMutex  queue.o
    0x080175c8   0x080175c8   0x00000052   Code   RO         5670    i.xQueueGenericCreate  queue.o
    0x0801761a   0x0801761a   0x00000002   PAD
    0x0801761c   0x0801761c   0x00000088   Code   RO         5671    i.xQueueGenericReset  queue.o
    0x080176a4   0x080176a4   0x00000164   Code   RO         5672    i.xQueueGenericSend  queue.o
    0x08017808   0x08017808   0x000000bc   Code   RO         5673    i.xQueueGenericSendFromISR  queue.o
    0x080178c4   0x080178c4   0x00000138   Code   RO         5680    i.xQueueReceive     queue.o
    0x080179fc   0x080179fc   0x00000178   Code   RO         5682    i.xQueueSemaphoreTake  queue.o
    0x08017b74   0x08017b74   0x00000074   Code   RO         6042    i.xTaskCheckForTimeOut  tasks.o
    0x08017be8   0x08017be8   0x00000056   Code   RO         6043    i.xTaskCreate       tasks.o
    0x08017c3e   0x08017c3e   0x00000002   PAD
    0x08017c40   0x08017c40   0x0000001c   Code   RO         6047    i.xTaskGetSchedulerState  tasks.o
    0x08017c5c   0x08017c5c   0x0000000c   Code   RO         6048    i.xTaskGetTickCount  tasks.o
    0x08017c68   0x08017c68   0x000000c8   Code   RO         6050    i.xTaskIncrementTick  tasks.o
    0x08017d30   0x08017d30   0x00000098   Code   RO         6053    i.xTaskPriorityDisinherit  tasks.o
    0x08017dc8   0x08017dc8   0x00000094   Code   RO         6054    i.xTaskPriorityInherit  tasks.o
    0x08017e5c   0x08017e5c   0x00000074   Code   RO         6055    i.xTaskRemoveFromEventList  tasks.o
    0x08017ed0   0x08017ed0   0x000000c4   Code   RO         6056    i.xTaskResumeAll    tasks.o
    0x08017f94   0x08017f94   0x0000004c   Code   RO         6368    i.xTimerCreateTimerTask  timers.o
    0x08017fe0   0x08017fe0   0x0000005c   Code   RO         6369    i.xTimerGenericCommand  timers.o
    0x0801803c   0x0801803c   0x0000002c   Code   RO        10800    locale$$code        c_w.l(lc_ctype_c.o)
    0x08018068   0x08018068   0x0000002c   Code   RO        10803    locale$$code        c_w.l(lc_numeric_c.o)
    0x08018094   0x08018094   0x00000062   Code   RO        10891    x$fpl$d2f           fz_wm.l(d2f.o)
    0x080180f6   0x080180f6   0x00000002   PAD
    0x080180f8   0x080180f8   0x00000010   Code   RO        10976    x$fpl$dcheck1       fz_wm.l(dcheck1.o)
    0x08018108   0x08018108   0x00000018   Code   RO        10706    x$fpl$dcmpinf       fz_wm.l(dcmpi.o)
    0x08018120   0x08018120   0x00000078   Code   RO        10611    x$fpl$deqf          fz_wm.l(deqf.o)
    0x08018198   0x08018198   0x0000005e   Code   RO        10613    x$fpl$dfix          fz_wm.l(dfix.o)
    0x080181f6   0x080181f6   0x00000002   PAD
    0x080181f8   0x080181f8   0x00000078   Code   RO        10623    x$fpl$dleqf         fz_wm.l(dleqf.o)
    0x08018270   0x08018270   0x00000154   Code   RO        10919    x$fpl$dmul          fz_wm.l(dmul.o)
    0x080183c4   0x080183c4   0x0000009c   Code   RO        10708    x$fpl$dnaninf       fz_wm.l(dnaninf.o)
    0x08018460   0x08018460   0x0000000c   Code   RO        10710    x$fpl$dretinf       fz_wm.l(dretinf.o)
    0x0801846c   0x0801846c   0x0000006c   Code   RO        10625    x$fpl$drleqf        fz_wm.l(drleqf.o)
    0x080184d8   0x080184d8   0x0000000a   Code   RO        10921    x$fpl$fpinit        fz_wm.l(fpinit.o)
    0x080184e2   0x080184e2   0x0000000a   Code   RO        10923    x$fpl$fretinf       fz_wm.l(fretinf.o)
    0x080184ec   0x080184ec   0x00000006   Code   RO        10809    x$fpl$ieeestatus    fz_wm.l(istatus.o)
    0x080184f2   0x080184f2   0x00000004   Code   RO        10629    x$fpl$printf1       fz_wm.l(printf1.o)
    0x080184f6   0x080184f6   0x00000004   Code   RO        10714    x$fpl$printf2       fz_wm.l(printf2.o)
    0x080184fa   0x080184fa   0x00000064   Code   RO        10989    x$fpl$retnan        fz_wm.l(retnan.o)
    0x0801855e   0x0801855e   0x0000005c   Code   RO        10945    x$fpl$scalbn        fz_wm.l(scalbn.o)
    0x080185ba   0x080185ba   0x00000004   Code   RO        10631    x$fpl$scanf1        fz_wm.l(scanf1.o)
    0x080185be   0x080185be   0x00000008   Code   RO        10811    x$fpl$scanf2        fz_wm.l(scanf2.o)
    0x080185c6   0x080185c6   0x00000030   Code   RO        10995    x$fpl$trapveneer    fz_wm.l(trapv.o)
    0x080185f6   0x080185f6   0x00000000   Code   RO        10720    x$fpl$usenofp       fz_wm.l(usenofp.o)
    0x080185f6   0x080185f6   0x0000001b   Data   RO           11    .constdata          main.o
    0x08018611   0x08018611   0x00000200   Data   RO          710    .constdata          tool.o
    0x08018811   0x08018811   0x00000003   PAD
    0x08018814   0x08018814   0x00000098   Data   RO          860    .constdata          mqttclient.o
    0x080188ac   0x080188ac   0x00000024   Data   RO         1855    .constdata          malloc.o
    0x080188d0   0x080188d0   0x00000019   Data   RO         1934    .constdata          cjson_process.o
    0x080188e9   0x080188e9   0x00000003   PAD
    0x080188ec   0x080188ec   0x00000040   Data   RO         7831    .constdata          sockets.o
    0x0801892c   0x0801892c   0x0000003c   Data   RO         8436    .constdata          memp.o
    0x08018968   0x08018968   0x00000054   Data   RO         8808    .constdata          tcp.o
    0x080189bc   0x080189bc   0x00000004   Data   RO         9461    .constdata          ip_addr.o
    0x080189c0   0x080189c0   0x00000004   Data   RO         9462    .constdata          ip_addr.o
    0x080189c4   0x080189c4   0x0000000c   Data   RO         9579    .constdata          etharp.o
    0x080189d0   0x080189d0   0x00000004   Data   RO         9728    .constdata          sys_arch.o
    0x080189d4   0x080189d4   0x0000008c   Data   RO         9934    .constdata          elog.o
    0x08018a60   0x08018a60   0x00000023   Data   RO        10050    .constdata          elog_utils.o
    0x08018a83   0x08018a83   0x00000028   Data   RO        10541    .constdata          c_w.l(_printf_hex_int_ll_ptr.o)
    0x08018aab   0x08018aab   0x00000011   Data   RO        10561    .constdata          c_w.l(__printf_flags_ss_wp.o)
    0x08018abc   0x08018abc   0x00000008   Data   RO        10670    .constdata          c_w.l(_printf_wctomb.o)
    0x08018ac4   0x08018ac4   0x00000026   Data   RO        10756    .constdata          c_w.l(_printf_fp_hex.o)
    0x08018aea   0x08018aea   0x00000002   PAD
    0x08018aec   0x08018aec   0x00000094   Data   RO        10769    .constdata          c_w.l(bigflt0.o)
    0x08018b80   0x08018b80   0x0000008c   Data   RO         8137    .conststring        dhcp.o
    0x08018c0c   0x08018c0c   0x00000075   Data   RO         8809    .conststring        tcp.o
    0x08018c81   0x08018c81   0x00000003   PAD
    0x08018c84   0x08018c84   0x00000055   Data   RO         9067    .conststring        tcp_out.o
    0x08018cd9   0x08018cd9   0x00000003   PAD
    0x08018cdc   0x08018cdc   0x00000044   Data   RO         9580    .conststring        etharp.o
    0x08018d20   0x08018d20   0x00000047   Data   RO         9935    .conststring        elog.o
    0x08018d67   0x08018d67   0x00000001   PAD
    0x08018d68   0x08018d68   0x00000020   Data   RO        11017    Region$$Table       anon$$obj.o
    0x08018d88   0x08018d88   0x00000008   Data   RO        10805    c$$dinf             fz_wm.l(fpconst.o)
    0x08018d90   0x08018d90   0x00000008   Data   RO        10808    c$$dmax             fz_wm.l(fpconst.o)
    0x08018d98   0x08018d98   0x00000110   Data   RO        10799    locale$$data        c_w.l(lc_ctype_c.o)
    0x08018ea8   0x08018ea8   0x0000001c   Data   RO        10802    locale$$data        c_w.l(lc_numeric_c.o)


    Execution Region RW_IRAM1 (Exec base: 0x20000000, Load base: 0x08018ec4, Size: 0x0001c8f0, Max: 0x00020000, ABSOLUTE, COMPRESSED[0x00000078])

    Exec Addr    Load Addr    Size         Type   Attr      Idx    E Section Name        Object

    0x20000000   COMPRESSED   0x0000001c   Data   RW           12    .data               main.o
    0x2000001c   COMPRESSED   0x00000014   Data   RW          453    .data               system_stm32f4xx.o
    0x20000030   COMPRESSED   0x0000000c   Data   RW          861    .data               mqttclient.o
    0x2000003c   COMPRESSED   0x00000004   Data   RW         1029    .data               delay.o
    0x20000040   COMPRESSED   0x00000014   Data   RW         1351    .data               cjson.o
    0x20000054   COMPRESSED   0x00000024   Data   RW         1856    .data               malloc.o
    0x20000078   COMPRESSED   0x00000001   Data   RW         2203    .data               bsp_key.o
    0x20000079   COMPRESSED   0x00000003   PAD
    0x2000007c   COMPRESSED   0x0000001c   Data   RW         2251    .data               bsp_time.o
    0x20000098   COMPRESSED   0x00000005   Data   RW         2345    .data               bsp_wiegand.o
    0x2000009d   COMPRESSED   0x00000003   PAD
    0x200000a0   COMPRESSED   0x00000004   Data   RW         2425    .data               bsp_uart_fifo.o
    0x200000a4   COMPRESSED   0x00000010   Data   RW         2708    .data               lan8720.o
    0x200000b4   COMPRESSED   0x00000010   Data   RW         3197    .data               stm32f4xx_rcc.o
    0x200000c4   COMPRESSED   0x0000000c   Data   RW         5075    .data               stm32f4x7_eth.o
    0x200000d0   COMPRESSED   0x00000044   Data   RW         6059    .data               tasks.o
    0x20000114   COMPRESSED   0x00000014   Data   RW         6375    .data               timers.o
    0x20000128   COMPRESSED   0x0000000c   Data   RW         6501    .data               port.o
    0x20000134   COMPRESSED   0x00000018   Data   RW         6576    .data               heap_4.o
    0x2000014c   COMPRESSED   0x00000008   Data   RW         7243    .data               lwip_comm.o
    0x20000154   COMPRESSED   0x00000008   Data   RW         7832    .data               sockets.o
    0x2000015c   COMPRESSED   0x0000000c   Data   RW         7990    .data               tcpip.o
    0x20000168   COMPRESSED   0x00000004   Data   RW         8138    .data               dhcp.o
    0x2000016c   COMPRESSED   0x00000014   Data   RW         8295    .data               dns.o
    0x20000180   COMPRESSED   0x00000014   Data   RW         8393    .data               mem.o
    0x20000194   COMPRESSED   0x00000004   Data   RW         8439    .data               memp.o
    0x20000198   COMPRESSED   0x0000000c   Data   RW         8496    .data               netif.o
    0x200001a4   COMPRESSED   0x00000001   Data   RW         8593    .data               pbuf.o
    0x200001a5   COMPRESSED   0x00000003   PAD
    0x200001a8   COMPRESSED   0x00000004   Data   RW         8719    .data               raw.o
    0x200001ac   COMPRESSED   0x00000024   Data   RW         8810    .data               tcp.o
    0x200001d0   COMPRESSED   0x0000001c   Data   RW         9003    .data               tcp_in.o
    0x200001ec   COMPRESSED   0x00000008   Data   RW         9160    .data               timers_1.o
    0x200001f4   COMPRESSED   0x00000008   Data   RW         9255    .data               udp.o
    0x200001fc   COMPRESSED   0x00000014   Data   RW         9419    .data               ip.o
    0x20000210   COMPRESSED   0x00000008   Data   RW         9517    .data               ip_frag.o
    0x20000218   COMPRESSED   0x00000001   Data   RW         9581    .data               etharp.o
    0x20000219   COMPRESSED   0x00000001   PAD
    0x2000021a   COMPRESSED   0x00000002   Data   RW         9729    .data               sys_arch.o
    0x2000021c   COMPRESSED   0x00000034   Data   RW         9936    .data               elog.o
    0x20000250   COMPRESSED   0x00000004   Data   RW        10231    .data               mqttpacket.o
    0x20000254   COMPRESSED   0x00000004   Data   RW        10454    .data               transport.o
    0x20000258        -       0x00000234   Zero   RW          859    .bss                mqttclient.o
    0x2000048c   COMPRESSED   0x00000014   PAD
    0x200004a0        -       0x0000f000   Zero   RW         1853    .bss                malloc.o
    0x2000f4a0        -       0x00000f00   Zero   RW         1854    .bss                malloc.o
    0x200103a0        -       0x00000010   Zero   RW         2344    .bss                bsp_wiegand.o
    0x200103b0        -       0x00001050   Zero   RW         2424    .bss                bsp_uart_fifo.o
    0x20011400        -       0x0000000c   Zero   RW         5074    .bss                stm32f4x7_eth.o
    0x2001140c        -       0x00000040   Zero   RW         5684    .bss                queue.o
    0x2001144c        -       0x0000012c   Zero   RW         6058    .bss                tasks.o
    0x20011578        -       0x00000028   Zero   RW         6374    .bss                timers.o
    0x200115a0        -       0x0000a000   Zero   RW         6575    .bss                heap_4.o
    0x2001b5a0        -       0x0000004c   Zero   RW         7240    .bss                lwip_comm.o
    0x2001b5ec        -       0x00000060   Zero   RW         7830    .bss                sockets.o
    0x2001b64c        -       0x00000032   Zero   RW         8136    .bss                dhcp.o
    0x2001b67e   COMPRESSED   0x00000002   PAD
    0x2001b680        -       0x00000663   Zero   RW         8294    .bss                dns.o
    0x2001bce3   COMPRESSED   0x00000001   PAD
    0x2001bce4        -       0x0000003c   Zero   RW         8435    .bss                memp.o
    0x2001bd20        -       0x00000014   Zero   RW         9002    .bss                tcp_in.o
    0x2001bd34        -       0x000000c8   Zero   RW         9578    .bss                etharp.o
    0x2001bdfc        -       0x00000030   Zero   RW         9727    .bss                sys_arch.o
    0x2001be2c        -       0x00000010   Zero   RW         9866    .bss                elog_port.o
    0x2001be3c        -       0x00000454   Zero   RW         9933    .bss                elog.o
    0x2001c290        -       0x00000060   Zero   RW        10722    .bss                c_w.l(libspace.o)
    0x2001c2f0        -       0x00000200   Zero   RW         5513    HEAP                startup_stm32f40_41xxx.o
    0x2001c4f0        -       0x00000400   Zero   RW         5512    STACK               startup_stm32f40_41xxx.o



  Load Region LR$$.ARM.__AT_0x10000000 (Base: 0x10000000, Size: 0x00000000, Max: 0x0000c800, ABSOLUTE)

    Execution Region ER$$.ARM.__AT_0x10000000 (Exec base: 0x10000000, Load base: 0x10000000, Size: 0x0000c800, Max: 0x0000c800, ABSOLUTE, UNINIT)

    Exec Addr    Load Addr    Size         Type   Attr      Idx    E Section Name        Object

    0x10000000        -       0x0000c800   Zero   RW         1849    .ARM.__AT_0x10000000  malloc.o



  Load Region LR$$.ARM.__AT_0x1000C800 (Base: 0x1000c800, Size: 0x00000000, Max: 0x00000c80, ABSOLUTE)

    Execution Region ER$$.ARM.__AT_0x1000C800 (Exec base: 0x1000c800, Load base: 0x1000c800, Size: 0x00000c80, Max: 0x00000c80, ABSOLUTE, UNINIT)

    Exec Addr    Load Addr    Size         Type   Attr      Idx    E Section Name        Object

    0x1000c800        -       0x00000c80   Zero   RW         1850    .ARM.__AT_0x1000C800  malloc.o



  Load Region LR$$.ARM.__AT_0x68000000 (Base: 0x68000000, Size: 0x00000000, Max: 0x00014000, ABSOLUTE)

    Execution Region ER$$.ARM.__AT_0x68000000 (Exec base: 0x68000000, Load base: 0x68000000, Size: 0x00014000, Max: 0x00014000, ABSOLUTE, UNINIT)

    Exec Addr    Load Addr    Size         Type   Attr      Idx    E Section Name        Object

    0x68000000        -       0x00014000   Zero   RW         1851    .ARM.__AT_0x68000000  malloc.o



  Load Region LR$$.ARM.__AT_0x68014000 (Base: 0x68014000, Size: 0x00000000, Max: 0x00001400, ABSOLUTE)

    Execution Region ER$$.ARM.__AT_0x68014000 (Exec base: 0x68014000, Load base: 0x68014000, Size: 0x00001400, Max: 0x00001400, ABSOLUTE, UNINIT)

    Exec Addr    Load Addr    Size         Type   Attr      Idx    E Section Name        Object

    0x68014000        -       0x00001400   Zero   RW         1852    .ARM.__AT_0x68014000  malloc.o


==============================================================================

Image component sizes


      Code (inc. data)   RO Data    RW Data    ZI Data      Debug   Object Name

      2618       1414          0          0          0      24570   api_lib.o
      6132       2788          0          0          0      19717   api_msg.o
        44          0          0          0          0        531   bsp.o
        64          6          0          0          0        560   bsp_beep.o
       264         20          0          1          0       1342   bsp_key.o
       160         14          0          0          0        639   bsp_led.o
      1206        180          0          0          0       6624   bsp_tim_pwm.o
       264         32          0         28          0       2664   bsp_time.o
       760         54          0          4       4176       8921   bsp_uart_fifo.o
       316         20          0          5         16       3605   bsp_wiegand.o
      3994        178          0         20          0      34259   cjson.o
       640        312         25          0          0       4392   cjson_process.o
         0          0          0          0          0       2628   comm.o
        16          0          0          0          0       2610   def.o
       210         14          0          4          0       3749   delay.o
      5928       2056        140          4         50      22624   dhcp.o
      1342        376          0         20       1635       7869   dns.o
      1760        670        211         52       1108      13685   elog.o
        78         30          0          0         16       6948   elog_port.o
       252        104         35          0          0       2813   elog_utils.o
         0          0          0          0          0        672   err.o
      3336       1312         80          1        200      15220   etharp.o
       476        132          0          0          0       5416   ethernetif.o
       166          0          0          0          0      11393   event_groups.o
       460         24          0         24      40960       4499   heap_4.o
         0          0          0          0          0        392   iap.o
       912        466          0          0          0       3698   icmp.o
       170          0          0          0          0       2901   inet_chksum.o
        42          0          0          0          0       1268   init.o
       964        264          0         20          0       7729   ip.o
       430        108          8          0          0       8998   ip_addr.o
      2544        932          0          8          0      10616   ip_frag.o
       756         62          0         16          0       6097   lan8720.o
       138          0          0          0          0       3214   list.o
      1212        528          0          8         76      25174   lwip_comm.o
      1836        812         27         28          0     349113   main.o
       518         44         36         36     206720       9888   malloc.o
      1788        870          0         20          0       5553   mem.o
       494        280         60          4         60       4946   memp.o
       144         14          0          0          0       2389   misc.o
      3416       1232        152         12        564      28093   mqttclient.o
       546         18          0          0          0       4889   mqttconnectclient.o
       212          0          0          0          0       2452   mqttdeserializepublish.o
       496         20          0          4          0      10290   mqttpacket.o
       278          0          0          0          0       5520   mqttserializepublish.o
       308          0          0          0          0       3583   mqttsubscribeclient.o
       374        224          0          0          0       2471   netbuf.o
       432        126          0         12          0       8403   netif.o
      3350       1652          0          1          0      12449   pbuf.o
       786         80          0         12          0      11381   port.o
      1980         26          0          0         64      20124   queue.o
       506        142          0          4          0       5600   raw.o
      3602        972         64          8         96      18010   sockets.o
        64         26        392          0       1536        868   startup_stm32f40_41xxx.o
      1546        150          0         12         12      15747   stm32f4x7_eth.o
        32         10          0          0          0       1288   stm32f4xx_exti.o
       184          0          0          0          0       4611   stm32f4xx_gpio.o
        86         50          0          0          0       3005   stm32f4xx_it.o
       240         36          0         16          0       5768   stm32f4xx_rcc.o
        12          4          0          0          0        638   stm32f4xx_syscfg.o
       740         60          0          0          0      12709   stm32f4xx_tim.o
       338          8          0          0          0       6827   stm32f4xx_usart.o
        28          4          0          0          0        801   sys.o
       608         32          4          2         48      18667   sys_arch.o
       272         36          0         20          0       1881   system_stm32f4xx.o
      3732        322          0         68        300      35863   tasks.o
      4632       1776        201         36          0      32553   tcp.o
      5558       1106          0         28         20      18759   tcp_in.o
      4604       1516         85          0          0      16931   tcp_out.o
         0          0          0          0          0       3416   tcp_server_demo.o
       688        280          0         12          0       9934   tcpip.o
         0          0          0          0          0       1472   test.o
       924         84          0         20         40      19799   timers.o
       760        242          0          8          0       7979   timers_1.o
        44          6        512          0          0       1413   tool.o
       292        112          0          4          0       3480   transport.o
      1346        370          0          8          0      17888   udp.o

    ----------------------------------------------------------------------
     85552      24838       2077        600     257720    1025488   Object Totals
         0          0         32          0          0          0   (incl. Generated)
       102          0         13         10         23          0   (incl. Padding)

    ----------------------------------------------------------------------

      Code (inc. data)   RO Data    RW Data    ZI Data      Debug   Library Member Name

        60          8          0          0          0         84   __0sscanf.o
        24          4          0          0          0         84   __2printf.o
        56          6          0          0          0         88   __2snprintf.o
        44          6          0          0          0         84   __2sprintf.o
        90          0          0          0          0          0   __dczerorl2.o
         8          0          0          0          0         68   __main.o
       392          4         17          0          0         92   __printf_flags_ss_wp.o
        14          0          0          0          0         68   __printf_wp.o
         0          0          0          0          0          0   __rtentry.o
        12          0          0          0          0          0   __rtentry2.o
         6          0          0          0          0          0   __rtentry4.o
        52          8          0          0          0          0   __scatter.o
        28          0          0          0          0          0   __scatter_zi.o
        28          0          0          0          0         68   _chval.o
         6          0          0          0          0          0   _printf_a.o
         6          0          0          0          0          0   _printf_c.o
        44          0          0          0          0        108   _printf_char.o
        48          6          0          0          0         96   _printf_char_common.o
        36          4          0          0          0         80   _printf_char_file.o
        40          0          0          0          0         68   _printf_charcount.o
         6          0          0          0          0          0   _printf_d.o
       120         16          0          0          0         92   _printf_dec.o
         6          0          0          0          0          0   _printf_e.o
         6          0          0          0          0          0   _printf_f.o
      1054          0          0          0          0        216   _printf_fp_dec.o
       764          8         38          0          0        100   _printf_fp_hex.o
       128         16          0          0          0         84   _printf_fp_infnan.o
         6          0          0          0          0          0   _printf_g.o
       148          4         40          0          0        160   _printf_hex_int_ll_ptr.o
         6          0          0          0          0          0   _printf_i.o
       178          0          0          0          0         88   _printf_intcommon.o
        10          0          0          0          0          0   _printf_l.o
         6          0          0          0          0          0   _printf_lc.o
        10          0          0          0          0          0   _printf_ll.o
         6          0          0          0          0          0   _printf_lld.o
         6          0          0          0          0          0   _printf_lli.o
         6          0          0          0          0          0   _printf_llo.o
         6          0          0          0          0          0   _printf_llu.o
         6          0          0          0          0          0   _printf_llx.o
       124         16          0          0          0         92   _printf_longlong_dec.o
         6          0          0          0          0          0   _printf_ls.o
         6          0          0          0          0          0   _printf_n.o
         6          0          0          0          0          0   _printf_o.o
       112         10          0          0          0        124   _printf_oct_int_ll.o
         6          0          0          0          0          0   _printf_p.o
        78          0          0          0          0        108   _printf_pad.o
         0          0          0          0          0          0   _printf_percent.o
         4          0          0          0          0          0   _printf_percent_end.o
         6          0          0          0          0          0   _printf_s.o
        82          0          0          0          0         80   _printf_str.o
        36          0          0          0          0         84   _printf_truncate.o
         6          0          0          0          0          0   _printf_u.o
        44          0          0          0          0        108   _printf_wchar.o
       188          6          8          0          0         92   _printf_wctomb.o
         6          0          0          0          0          0   _printf_x.o
        22          0          0          0          0        100   _rserrno.o
       884          6          0          0          0        100   _scanf.o
        64          0          0          0          0         84   _sgetc.o
        16          0          0          0          0         68   _snputc.o
        10          0          0          0          0         68   _sputc.o
        64          0          0          0          0         92   _wcrtomb.o
        16          0          0          0          0         68   aeabi_memset.o
       228          4        148          0          0         96   bigflt0.o
      2152        136          0          0          0        960   btod.o
        18          0          0          0          0         80   exit.o
         8          0          0          0          0         68   ferror.o
         6          0          0          0          0        152   heapauxi.o
        18          0          0          0          0         76   isspace.o
        44         10        272          0          0         76   lc_ctype_c.o
        44         10         28          0          0         76   lc_numeric_c.o
         2          0          0          0          0          0   libinit.o
        34          0          0          0          0          0   libinit2.o
         2          0          0          0          0          0   libshutdown.o
         2          0          0          0          0          0   libshutdown2.o
         8          4          0          0         96         68   libspace.o
        38          0          0          0          0         68   llshl.o
       138          0          0          0          0         80   lludiv10.o
        88          0          0          0          0         76   memcmp.o
        16          4          0          0          0         76   rt_ctype_table.o
         8          4          0          0          0         68   rt_errno_addr_intlibspace.o
         8          4          0          0          0         68   rt_locale_intlibspace.o
        68          0          0          0          0         68   rt_memclr.o
        78          0          0          0          0         80   rt_memclr_w.o
       138          0          0          0          0         68   rt_memcpy_v6.o
       100          0          0          0          0         80   rt_memcpy_w.o
         2          0          0          0          0          0   rtexit.o
        10          0          0          0          0          0   rtexit2.o
        44          8          0          0          0         84   scanf_char.o
      1272         16          0          0          0        168   scanf_fp.o
       800         14          0          0          0        100   scanf_hexfp.o
       308         16          0          0          0        100   scanf_infnan.o
       128          0          0          0          0         68   strcmpv7m.o
        72          0          0          0          0         80   strcpy.o
        62          0          0          0          0         76   strlen.o
       150          0          0          0          0         80   strncmp.o
        36          0          0          0          0         80   strstr.o
       164         14          0          0          0        120   strtod.o
        74          0          0          0          0         80   sys_stackheap_outer.o
        26          0          0          0          0         76   tolower.o
         2          0          0          0          0         68   use_no_semi.o
         2          0          0          0          0         68   use_no_semi_2.o
        52          4          0          0          0         80   vsnprintf.o
        98          4          0          0          0        140   d2f.o
        16          4          0          0          0        116   dcheck1.o
        24          0          0          0          0        116   dcmpi.o
       120          4          0          0          0        140   deqf.o
        94          4          0          0          0        140   dfix.o
       120          4          0          0          0        140   dleqf.o
       340         12          0          0          0        152   dmul.o
       156          4          0          0          0        140   dnaninf.o
        12          0          0          0          0        116   dretinf.o
       108          0          0          0          0        128   drleqf.o
         0          0         16          0          0          0   fpconst.o
        10          0          0          0          0        116   fpinit.o
        10          0          0          0          0        116   fretinf.o
         6          0          0          0          0        116   istatus.o
         4          0          0          0          0        116   printf1.o
         4          0          0          0          0        116   printf2.o
       100          0          0          0          0        116   retnan.o
        92          0          0          0          0        116   scalbn.o
         4          0          0          0          0        116   scanf1.o
         8          0          0          0          0        132   scanf2.o
        48          0          0          0          0        116   trapv.o
         0          0          0          0          0          0   usenofp.o
        64         16          0          0          0        248   dunder.o
        48          0          0          0          0        124   fpclassify.o
       140         22          0          0          0        132   frexp.o
       228          8          0          0          0        308   ldexp.o
       266         16          0          0          0        308   narrow.o
        40         10          0          0          0        128   strtod.o

    ----------------------------------------------------------------------
     13886        486        569          0         96      10460   Library Totals
        18          2          2          0          0          0   (incl. Padding)

    ----------------------------------------------------------------------

      Code (inc. data)   RO Data    RW Data    ZI Data      Debug   Library Name

     11708        376        551          0         96       6708   c_w.l
      1374         36         16          0          0       2504   fz_wm.l
       786         72          0          0          0       1248   m_wm.l

    ----------------------------------------------------------------------
     13886        486        569          0         96      10460   Library Totals

    ----------------------------------------------------------------------

==============================================================================


      Code (inc. data)   RO Data    RW Data    ZI Data      Debug   

     99438      25324       2646        600     257816     970952   Grand Totals
     99438      25324       2646        120     257816     970952   ELF Image Totals (compressed)
     99438      25324       2646        120          0          0   ROM Totals

==============================================================================

    Total RO  Size (Code + RO Data)               102084 (  99.69kB)
    Total RW  Size (RW Data + ZI Data)            258416 ( 252.36kB)
    Total ROM Size (Code + RO Data + RW Data)     102204 (  99.81kB)

==============================================================================

